Archive member included to satisfy reference by file (symbol)

D:/devkitPro/libctru/lib\libcitro3d.a(attribs.o)
                              main.o (AttrInfo_Init)
D:/devkitPro/libctru/lib\libcitro3d.a(base.o)
                              D:/devkitPro/libctru/lib\libcitro3d.a(attribs.o) (__C3D_Context)
D:/devkitPro/libctru/lib\libcitro3d.a(buffers.o)
                              main.o (BufInfo_Init)
D:/devkitPro/libctru/lib\libcitro3d.a(drawArrays.o)
                              main.o (C3D_DrawArrays)
D:/devkitPro/libctru/lib\libcitro3d.a(effect.o)
                              D:/devkitPro/libctru/lib\libcitro3d.a(base.o) (C3D_DepthMap)
D:/devkitPro/libctru/lib\libcitro3d.a(framebuffer.o)
                              D:/devkitPro/libctru/lib\libcitro3d.a(base.o) (C3Di_FrameBufBind)
D:/devkitPro/libctru/lib\libcitro3d.a(immediate.o)
                              D:/devkitPro/libctru/lib\libcitro3d.a(base.o) (C3D_ImmSendAttrib)
D:/devkitPro/libctru/lib\libcitro3d.a(renderqueue.o)
                              D:/devkitPro/libctru/lib\libcitro3d.a(base.o) (C3Di_RenderQueueEnableVBlank)
D:/devkitPro/libctru/lib\libcitro3d.a(tex3ds.o)
                              main.o (Tex3DS_TextureImport)
D:/devkitPro/libctru/lib\libcitro3d.a(texenv.o)
                              main.o (C3D_GetTexEnv)
D:/devkitPro/libctru/lib\libcitro3d.a(texture.o)
                              D:/devkitPro/libctru/lib\libcitro3d.a(tex3ds.o) (C3D_TexInitWithParams)
D:/devkitPro/libctru/lib\libcitro3d.a(uniforms.o)
                              D:/devkitPro/libctru/lib\libcitro3d.a(base.o) (C3D_UpdateUniforms)
D:/devkitPro/libctru/lib\libcitro3d.a(mtx_persptilt.o)
                              main.o (Mtx_PerspTilt)
D:/devkitPro/libctru/lib\libcitro3d.a(mtx_rotatex.o)
                              main.o (Mtx_RotateX)
D:/devkitPro/libctru/lib\libcitro3d.a(mtx_rotatey.o)
                              main.o (Mtx_RotateY)
D:/devkitPro/libctru/lib\libcitro3d.a(mtx_translate.o)
                              main.o (Mtx_Translate)
D:/devkitPro/libctru/lib\libctru.a(linear.o)
                              main.o (linearAlloc)
D:/devkitPro/libctru/lib\libctru.a(mem_pool.o)
                              D:/devkitPro/libctru/lib\libctru.a(linear.o) (MemPool::Allocate(MemChunk&, unsigned long, int))
D:/devkitPro/libctru/lib\libctru.a(vram.o)
                              D:/devkitPro/libctru/lib\libcitro3d.a(renderqueue.o) (vramAlloc)
D:/devkitPro/libctru/lib\libctru.a(gfx.o)
                              main.o (gfxInitDefault)
D:/devkitPro/libctru/lib\libctru.a(os.o)
                              D:/devkitPro/libctru/lib\libcitro3d.a(buffers.o) (osConvertVirtToPhys)
D:/devkitPro/libctru/lib\libctru.a(gpu.o)
                              D:/devkitPro/libctru/lib\libcitro3d.a(renderqueue.o) (gpuCmdBuf)
D:/devkitPro/libctru/lib\libctru.a(gx.o)
                              D:/devkitPro/libctru/lib\libcitro3d.a(renderqueue.o) (GX_BindQueue)
D:/devkitPro/libctru/lib\libctru.a(gxqueue.o)
                              D:/devkitPro/libctru/lib\libcitro3d.a(renderqueue.o) (gxCmdQueueClear)
D:/devkitPro/libctru/lib\libctru.a(shaderProgram.o)
                              main.o (shaderInstanceGetUniformLocation)
D:/devkitPro/libctru/lib\libctru.a(shbin.o)
                              main.o (DVLB_ParseFile)
D:/devkitPro/libctru/lib\libctru.a(apt.o)
                              D:/devkitPro/libctru/lib\libcitro3d.a(base.o) (aptHook)
D:/devkitPro/libctru/lib\libctru.a(gspgpu.o)
                              D:/devkitPro/libctru/lib\libctru.a(gfx.o) (gspInit)
D:/devkitPro/libctru/lib\libctru.a(hid.o)
                              main.o (hidScanInput)
D:/devkitPro/libctru/lib\libctru.a(irrst.o)
                              D:/devkitPro/libctru/lib\libctru.a(hid.o) (irrstInit)
D:/devkitPro/libctru/lib\libctru.a(ptmsysm.o)
                              D:/devkitPro/libctru/lib\libctru.a(os.o) (ptmSysmInit)
D:/devkitPro/libctru/lib\libctru.a(decompress.o)
                              D:/devkitPro/libctru/lib\libcitro3d.a(tex3ds.o) (decompressCallback_FD)
D:/devkitPro/libctru/lib\libctru.a(rbtree_find.o)
                              D:/devkitPro/libctru/lib\libctru.a(linear.o) (rbtree_find)
D:/devkitPro/libctru/lib\libctru.a(rbtree_init.o)
                              D:/devkitPro/libctru/lib\libctru.a(linear.o) (rbtree_init)
D:/devkitPro/libctru/lib\libctru.a(rbtree_insert.o)
                              D:/devkitPro/libctru/lib\libctru.a(linear.o) (rbtree_insert)
D:/devkitPro/libctru/lib\libctru.a(rbtree_remove.o)
                              D:/devkitPro/libctru/lib\libctru.a(linear.o) (rbtree_remove)
D:/devkitPro/libctru/lib\libctru.a(rbtree_rotate.o)
                              D:/devkitPro/libctru/lib\libctru.a(rbtree_insert.o) (rbtree_rotate)
D:/devkitPro/libctru/lib\libctru.a(allocateHeaps.o)
[...]
Memory Configuration

Name             Origin             Length             Attributes
*default*        0x00000000         0xffffffff

Linker script and memory map

                0x00000000                        __sync_synchronize = __sync_synchronize_dmb
                0x00100000                        PROVIDE (__start__ = 0x100000)
                0x00100000                        . = __start__

.text           0x00100000    0x12b84
 *(.crt0)
 .crt0          0x00100000       0x94 D:/devkitPro/devkitARM/bin/../lib/gcc/arm-none-eabi/15.1.0/../../../../arm-none-eabi/lib/armv6k/fpu/3dsx_crt0.o
                0x00100000                _start
                0x00100008                __service_ptr
                0x0010000c                __apt_appid
                0x00100010                __heap_size
                0x00100014                __linear_heap_size
                0x00100018                __system_arglist
                0x0010001c                __system_runflags
 *(.init)
 .init          0x00100094        0xc D:/devkitPro/devkitARM/bin/../lib/gcc/arm-none-eabi/15.1.0/armv6k/fpu/crti.o
                0x00100094                _init
 .init          0x001000a0        0xc D:/devkitPro/devkitARM/bin/../lib/gcc/arm-none-eabi/15.1.0/armv6k/fpu/crtn.o
                0x001000ac                        . = ALIGN (0x4)
 *(.text)
 .text          0x001000ac      0x3c0 D:/devkitPro/devkitARM/bin/../lib/gcc/arm-none-eabi/15.1.0/armv6k/fpu\libgcc.a(_arm_addsubdf3.o)
                0x001000ac                __aeabi_drsub
                0x001000b4                __aeabi_dsub
                0x001000b4                __subdf3
                0x001000b8                __aeabi_dadd
                0x001000b8                __adddf3
                0x00100364                __floatunsidf
                0x00100364                __aeabi_ui2d
                0x00100388                __floatsidf
                0x00100388                __aeabi_i2d
                0x001003b0                __aeabi_f2d
                0x001003b0                __extendsfdf2
                0x001003f8                __floatundidf
                0x001003f8                __aeabi_ul2d
                0x0010040c                __floatdidf
                0x0010040c                __aeabi_l2d
 .text          0x0010046c        0x4 D:/devkitPro/devkitARM/bin/../lib/gcc/arm-none-eabi/15.1.0/armv6k/fpu\libgcc.a(_dvmd_tls.o)
                0x0010046c                __aeabi_idiv0
                0x0010046c                __aeabi_ldiv0
 *fill*         0x00100470       0x10 
 .text          0x00100480      0x390 D:/devkitPro/devkitARM/bin/../lib/gcc/arm-none-eabi/15.1.0/../../../../arm-none-eabi/lib/armv6k/fpu\libg.a(libc_a-strcmp.o)
                0x00100488                strcmp
 .text          0x00100810      0x20c D:/devkitPro/devkitARM/bin/../lib/gcc/arm-none-eabi/15.1.0/armv6k/fpu\libgcc.a(_udivsi3.o)
                0x00100810                __aeabi_uidiv
                0x00100810                __udivsi3
                0x001009fc                __aeabi_uidivmod
 *(.text.*)
 .text.__do_global_dtors_aux
                0x00100a1c       0x50 D:/devkitPro/devkitARM/bin/../lib/gcc/arm-none-eabi/15.1.0/armv6k/fpu/crtbegin.o
 .text.frame_dummy
                0x00100a6c       0x2c D:/devkitPro/devkitARM/bin/../lib/gcc/arm-none-eabi/15.1.0/armv6k/fpu/crtbegin.o
 .text.startup.main
                0x00100a98      0x4d0 main.o
                0x00100a98                main
 .text.AttrInfo_Init
                0x00100f68       0x28 D:/devkitPro/libctru/lib\libcitro3d.a(attribs.o)
                0x00100f68                AttrInfo_Init
 .text.AttrInfo_AddLoader
                0x00100f90       0x94 D:/devkitPro/libctru/lib\libcitro3d.a(attribs.o)
                0x00100f90                AttrInfo_AddLoader
 .text.C3D_GetAttrInfo
                0x00101024       0x20 D:/devkitPro/libctru/lib\libcitro3d.a(attribs.o)
                0x00101024                C3D_GetAttrInfo
 .text.C3Di_AttrInfoBind
                0x00101044       0x80 D:/devkitPro/libctru/lib\libcitro3d.a(attribs.o)
                0x00101044                C3Di_AttrInfoBind
 .text.C3Di_LightEnvUpdate
                0x001010c4        0x4 D:/devkitPro/libctru/lib\libcitro3d.a(base.o)
                0x001010c4                C3Di_LightEnvUpdate
 .text.C3Di_LightEnvDirty
                0x001010c8        0x4 D:/devkitPro/libctru/lib\libcitro3d.a(base.o)
                0x001010c8                C3Di_LightEnvDirty
 .text.C3Di_ProcTexUpdate
                0x001010cc        0x4 D:/devkitPro/libctru/lib\libcitro3d.a(base.o)
                0x001010cc                C3Di_ProcTexUpdate
 .text.C3Di_ProcTexDirty
                0x001010d0        0x4 D:/devkitPro/libctru/lib\libcitro3d.a(base.o)
                0x001010d0                C3Di_ProcTexDirty
 .text.C3Di_AptEventHook
                0x001010d4       0xb4 D:/devkitPro/libctru/lib\libcitro3d.a(base.o)
 .text.C3Di_GasUpdate
                0x00101188        0x4 D:/devkitPro/libctru/lib\libcitro3d.a(base.o)
                0x00101188                C3Di_GasUpdate
 .text.C3D_Init
                0x0010118c      0x1d0 D:/devkitPro/libctru/lib\libcitro3d.a(base.o)
                0x0010118c                C3D_Init
 .text.C3D_SetViewport
                0x0010135c       0x98 D:/devkitPro/libctru/lib\libcitro3d.a(base.o)
                0x0010135c                C3D_SetViewport
 .text.C3Di_UpdateContext
                0x001013f4      0x4e8 D:/devkitPro/libctru/lib\libcitro3d.a(base.o)
                0x001013f4                C3Di_UpdateContext
 .text.C3Di_SplitFrame
                0x001018dc       0xe0 D:/devkitPro/libctru/lib\libcitro3d.a(base.o)
                0x001018dc                C3Di_SplitFrame
 .text.C3D_Fini
                0x001019bc       0x44 D:/devkitPro/libctru/lib\libcitro3d.a(base.o)
                0x001019bc                C3D_Fini
 .text.C3D_BindProgram
                0x00101a00      0x194 D:/devkitPro/libctru/lib\libcitro3d.a(base.o)
                0x00101a00                C3D_BindProgram
 .text.BufInfo_Init
                0x00101b94       0x24 D:/devkitPro/libctru/lib\libcitro3d.a(buffers.o)
                0x00101b94                BufInfo_Init
 .text.BufInfo_Add
                0x00101bb8       0x80 D:/devkitPro/libctru/lib\libcitro3d.a(buffers.o)
                0x00101bb8                BufInfo_Add
 .text.C3D_GetBufInfo
                0x00101c38       0x20 D:/devkitPro/libctru/lib\libcitro3d.a(buffers.o)
                0x00101c38                C3D_GetBufInfo
 .text.C3Di_BufInfoBind
                0x00101c58       0x48 D:/devkitPro/libctru/lib\libcitro3d.a(buffers.o)
                0x00101c58                C3Di_BufInfoBind
 .text.C3D_DrawArrays
                0x00101ca0      0x148 D:/devkitPro/libctru/lib\libcitro3d.a(drawArrays.o)
                0x00101ca0                C3D_DrawArrays
 .text.C3D_DepthMap
                0x00101de8       0x40 D:/devkitPro/libctru/lib\libcitro3d.a(effect.o)
                0x00101de8                C3D_DepthMap
 .text.C3D_CullFace
                0x00101e28       0x1c D:/devkitPro/libctru/lib\libcitro3d.a(effect.o)
                0x00101e28                C3D_CullFace
 .text.C3D_StencilTest
                0x00101e44       0x40 D:/devkitPro/libctru/lib\libcitro3d.a(effect.o)
                0x00101e44                C3D_StencilTest
 .text.C3D_StencilOp
                0x00101e84       0x24 D:/devkitPro/libctru/lib\libcitro3d.a(effect.o)
                0x00101e84                C3D_StencilOp
 .text.C3D_BlendingColor
                0x00101ea8       0x1c D:/devkitPro/libctru/lib\libcitro3d.a(effect.o)
                0x00101ea8                C3D_BlendingColor
 .text.C3D_EarlyDepthTest
                0x00101ec4       0x24 D:/devkitPro/libctru/lib\libcitro3d.a(effect.o)
                0x00101ec4                C3D_EarlyDepthTest
 .text.C3D_DepthTest
                0x00101ee8       0x2c D:/devkitPro/libctru/lib\libcitro3d.a(effect.o)
                0x00101ee8                C3D_DepthTest
 .text.C3D_AlphaTest
                0x00101f14       0x2c D:/devkitPro/libctru/lib\libcitro3d.a(effect.o)
                0x00101f14                C3D_AlphaTest
 .text.C3D_AlphaBlend
                0x00101f40       0x50 D:/devkitPro/libctru/lib\libcitro3d.a(effect.o)
                0x00101f40                C3D_AlphaBlend
 .text.C3D_FragOpMode
                0x00101f90       0x30 D:/devkitPro/libctru/lib\libcitro3d.a(effect.o)
                0x00101f90                C3D_FragOpMode
 .text.C3D_FragOpShadow
                0x00101fc0       0x44 D:/devkitPro/libctru/lib\libcitro3d.a(effect.o)
                0x00101fc0                C3D_FragOpShadow
 .text.C3Di_EffectBind
                0x00102004      0x1ac D:/devkitPro/libctru/lib\libcitro3d.a(effect.o)
                0x00102004                C3Di_EffectBind
 .text.C3D_CalcColorBufSize
                0x001021b0       0x1c D:/devkitPro/libctru/lib\libcitro3d.a(framebuffer.o)
                0x001021b0                C3D_CalcColorBufSize
 .text.C3D_CalcDepthBufSize
                0x001021cc       0x1c D:/devkitPro/libctru/lib\libcitro3d.a(framebuffer.o)
                0x001021cc                C3D_CalcDepthBufSize
 .text.C3D_SetFrameBuf
                0x001021e8       0x44 D:/devkitPro/libctru/lib\libcitro3d.a(framebuffer.o)
                0x001021e8                C3D_SetFrameBuf
 .text.C3Di_FrameBufBind
                0x0010222c      0x16c D:/devkitPro/libctru/lib\libcitro3d.a(framebuffer.o)
                0x0010222c                C3Di_FrameBufBind
 .text.C3D_FrameBufClear
                0x00102398       0xc8 D:/devkitPro/libctru/lib\libcitro3d.a(framebuffer.o)
                0x00102398                C3D_FrameBufClear
 .text.C3D_FrameBufTransfer
                0x00102460       0x44 D:/devkitPro/libctru/lib\libcitro3d.a(framebuffer.o)
                0x00102460                C3D_FrameBufTransfer
 .text.C3D_ImmSendAttrib
                0x001024a4       0xa8 D:/devkitPro/libctru/lib\libcitro3d.a(immediate.o)
                0x001024a4                C3D_ImmSendAttrib
 .text.onVBlank0
                0x0010254c       0x4c D:/devkitPro/libctru/lib\libcitro3d.a(renderqueue.o)
 .text.onVBlank1
                0x00102598       0x4c D:/devkitPro/libctru/lib\libcitro3d.a(renderqueue.o)
 .text.C3Di_RenderTargetDestroy
                0x001025e4       0x80 D:/devkitPro/libctru/lib\libcitro3d.a(renderqueue.o)
 .text.onQueueFinish
                0x00102664       0xf4 D:/devkitPro/libctru/lib\libcitro3d.a(renderqueue.o)
 .text.C3Di_RenderQueueEnableVBlank
                0x00102758       0x38 D:/devkitPro/libctru/lib\libcitro3d.a(renderqueue.o)
                0x00102758                C3Di_RenderQueueEnableVBlank
 .text.C3Di_RenderQueueDisableVBlank
                0x00102790       0x30 D:/devkitPro/libctru/lib\libcitro3d.a(renderqueue.o)
                0x00102790                C3Di_RenderQueueDisableVBlank
 .text.C3Di_RenderQueueInit
                0x001027c0       0x60 D:/devkitPro/libctru/lib\libcitro3d.a(renderqueue.o)
                0x001027c0                C3Di_RenderQueueInit
 .text.C3Di_RenderQueueExit
                0x00102820       0xb4 D:/devkitPro/libctru/lib\libcitro3d.a(renderqueue.o)
                0x00102820                C3Di_RenderQueueExit
 .text.C3Di_RenderQueueWaitDone
                0x001028d4       0x34 D:/devkitPro/libctru/lib\libcitro3d.a(renderqueue.o)
                0x001028d4                C3Di_RenderQueueWaitDone
 .text.C3D_FrameBegin
                0x00102908       0xe8 D:/devkitPro/libctru/lib\libcitro3d.a(renderqueue.o)
                0x00102908                C3D_FrameBegin
 .text.C3D_FrameDrawOn
                0x001029f0       0x48 D:/devkitPro/libctru/lib\libcitro3d.a(renderqueue.o)
                0x001029f0                C3D_FrameDrawOn
 .text.C3D_FrameEnd
                0x00102a38      0x1d0 D:/devkitPro/libctru/lib\libcitro3d.a(renderqueue.o)
                0x00102a38                C3D_FrameEnd
 .text.C3D_RenderTargetCreate
                0x00102c08      0x170 D:/devkitPro/libctru/lib\libcitro3d.a(renderqueue.o)
                0x00102c08                C3D_RenderTargetCreate
 .text.C3D_RenderTargetSetOutput
                0x00102d78       0xa8 D:/devkitPro/libctru/lib\libcitro3d.a(renderqueue.o)
                0x00102d78                C3D_RenderTargetSetOutput
 .text.C3D_SyncTextureCopy
                0x00102e20       0xfc D:/devkitPro/libctru/lib\libcitro3d.a(renderqueue.o)
                0x00102e20                C3D_SyncTextureCopy
 .text.Tex3DSi_ImportCommon
                0x00102f1c      0x3d8 D:/devkitPro/libctru/lib\libcitro3d.a(tex3ds.o)
 .text.Tex3DS_TextureImport
                0x001032f4       0x34 D:/devkitPro/libctru/lib\libcitro3d.a(tex3ds.o)
                0x001032f4                Tex3DS_TextureImport
 .text.Tex3DS_TextureFree
                0x00103328        0x4 D:/devkitPro/libctru/lib\libcitro3d.a(tex3ds.o)
                0x00103328                Tex3DS_TextureFree
 .text.C3D_GetTexEnv
                0x0010332c       0x34 D:/devkitPro/libctru/lib\libcitro3d.a(texenv.o)
                0x0010332c                C3D_GetTexEnv
 .text.C3Di_TexEnvBind
                0x00103360       0x24 D:/devkitPro/libctru/lib\libcitro3d.a(texenv.o)
                0x00103360                C3Di_TexEnvBind
 .text.C3D_TexInitWithParams
                0x00103384      0x290 D:/devkitPro/libctru/lib\libcitro3d.a(texture.o)
                0x00103384                C3D_TexInitWithParams
 .text.C3D_TexLoadImage
                0x00103614       0xc8 D:/devkitPro/libctru/lib\libcitro3d.a(texture.o)
                0x00103614                C3D_TexLoadImage
 .text.C3D_TexBind
                0x001036dc       0x44 D:/devkitPro/libctru/lib\libcitro3d.a(texture.o)
                0x001036dc                C3D_TexBind
 .text.C3D_TexDelete
                0x00103720       0x74 D:/devkitPro/libctru/lib\libcitro3d.a(texture.o)
                0x00103720                C3D_TexDelete
 .text.C3Di_SetTex
                0x00103794      0x14c D:/devkitPro/libctru/lib\libcitro3d.a(texture.o)
                0x00103794                C3Di_SetTex
 .text.C3D_UpdateUniforms
                0x001038e0      0x290 D:/devkitPro/libctru/lib\libcitro3d.a(uniforms.o)
                0x001038e0                C3D_UpdateUniforms
 .text.C3Di_DirtyUniforms
                0x00103b70       0xc0 D:/devkitPro/libctru/lib\libcitro3d.a(uniforms.o)
                0x00103b70                C3Di_DirtyUniforms
 .text.C3Di_LoadShaderUniforms
                0x00103c30       0xd8 D:/devkitPro/libctru/lib\libcitro3d.a(uniforms.o)
                0x00103c30                C3Di_LoadShaderUniforms
 .text.C3Di_ClearShaderUniforms
                0x00103d08       0x28 D:/devkitPro/libctru/lib\libcitro3d.a(uniforms.o)
                0x00103d08                C3Di_ClearShaderUniforms
 .text.Mtx_PerspTilt
                0x00103d30       0x94 D:/devkitPro/libctru/lib\libcitro3d.a(mtx_persptilt.o)
                0x00103d30                Mtx_PerspTilt
 .text.Mtx_RotateX
                0x00103dc4       0xa4 D:/devkitPro/libctru/lib\libcitro3d.a(mtx_rotatex.o)
                0x00103dc4                Mtx_RotateX
 .text.Mtx_RotateY
                0x00103e68       0xa0 D:/devkitPro/libctru/lib\libcitro3d.a(mtx_rotatey.o)
                0x00103e68                Mtx_RotateY
 .text.Mtx_Translate
                0x00103f08       0xa4 D:/devkitPro/libctru/lib\libcitro3d.a(mtx_translate.o)
                0x00103f08                Mtx_Translate
 .text._ZL21addrMapNodeComparatorPK11rbtree_nodeS1_
                0x00103fac       0x24 D:/devkitPro/libctru/lib\libctru.a(linear.o)
 .text._ZL21addrMapNodeDestructorP11rbtree_node
                0x00103fd0        0x4 D:/devkitPro/libctru/lib\libctru.a(linear.o)
 .text.linearMemAlign
                0x00103fd4      0x12c D:/devkitPro/libctru/lib\libctru.a(linear.o)
                0x00103fd4                linearMemAlign
 .text.linearAlloc
                0x00104100        0x8 D:/devkitPro/libctru/lib\libctru.a(linear.o)
                0x00104100                linearAlloc
 .text.linearFree
                0x00104108       0x5c D:/devkitPro/libctru/lib\libctru.a(linear.o)
                0x00104108                linearFree
 .text._ZN7MemPool13CoalesceRightEP8MemBlock
                0x00104164       0x88 D:/devkitPro/libctru/lib\libctru.a(mem_pool.o)
                0x00104164                MemPool::CoalesceRight(MemBlock*)
 .text._ZN7MemPool8AllocateER8MemChunkmi
                0x001041ec      0x178 D:/devkitPro/libctru/lib\libctru.a(mem_pool.o)
                0x001041ec                MemPool::Allocate(MemChunk&, unsigned long, int)
 .text._ZN7MemPool10DeallocateERK8MemChunk
                0x00104364      0x118 D:/devkitPro/libctru/lib\libctru.a(mem_pool.o)
                0x00104364                MemPool::Deallocate(MemChunk const&)
 .text._ZN7MemPool12GetFreeSpaceEv
                0x0010447c       0x30 D:/devkitPro/libctru/lib\libctru.a(mem_pool.o)
                0x0010447c                MemPool::GetFreeSpace()
 .text._ZL21addrMapNodeComparatorPK11rbtree_nodeS1_
                0x001044ac       0x24 D:/devkitPro/libctru/lib\libctru.a(vram.o)
 .text._ZL21addrMapNodeDestructorP11rbtree_node
                0x001044d0        0x4 D:/devkitPro/libctru/lib\libctru.a(vram.o)
 .text.vramMemAlignAt
                0x001044d4      0x248 D:/devkitPro/libctru/lib\libctru.a(vram.o)
                0x001044d4                vramMemAlignAt
 .text.vramAlloc
                0x0010471c        0xc D:/devkitPro/libctru/lib\libctru.a(vram.o)
                0x0010471c                vramAlloc
 .text.vramAllocAt
                0x00104728        0xc D:/devkitPro/libctru/lib\libctru.a(vram.o)
                0x00104728                vramAllocAt
 .text.vramFree
                0x00104734       0x94 D:/devkitPro/libctru/lib\libctru.a(vram.o)
                0x00104734                vramFree
 .text.gfxPresentFramebuffer
                0x001047c8       0xcc D:/devkitPro/libctru/lib\libctru.a(gfx.o)
 .text.gfxSetScreenFormat
                0x00104894       0xf8 D:/devkitPro/libctru/lib\libctru.a(gfx.o)
                0x00104894                gfxSetScreenFormat
 .text.gfxInit  0x0010498c       0xd8 D:/devkitPro/libctru/lib\libctru.a(gfx.o)
                0x0010498c                gfxInit
 .text.gfxInitDefault
                0x00104a64       0x10 D:/devkitPro/libctru/lib\libctru.a(gfx.o)
                0x00104a64                gfxInitDefault
 .text.gfxExit  0x00104a74       0xb8 D:/devkitPro/libctru/lib\libctru.a(gfx.o)
                0x00104a74                gfxExit
 .text.gfxGetFramebuffer
                0x00104b2c       0xa0 D:/devkitPro/libctru/lib\libctru.a(gfx.o)
                0x00104b2c                gfxGetFramebuffer
 .text.gfxScreenSwapBuffers
                0x00104bcc       0x28 D:/devkitPro/libctru/lib\libctru.a(gfx.o)
                0x00104bcc                gfxScreenSwapBuffers
 .text.osConvertVirtToPhys
                0x00104bf4       0x74 D:/devkitPro/libctru/lib\libctru.a(os.o)
                0x00104bf4                osConvertVirtToPhys
 .text.__ctru_speedup_config
                0x00104c68       0x34 D:/devkitPro/libctru/lib\libctru.a(os.o)
                0x00104c68                __ctru_speedup_config
 .text.GPUCMD_Add
                0x00104c9c      0x13c D:/devkitPro/libctru/lib\libctru.a(gpu.o)
                0x00104c9c                GPUCMD_Add
 .text.GPUCMD_Split
                0x00104dd8       0xb0 D:/devkitPro/libctru/lib\libctru.a(gpu.o)
                0x00104dd8                GPUCMD_Split
 .text.f32tof16
                0x00104e88       0x34 D:/devkitPro/libctru/lib\libctru.a(gpu.o)
                0x00104e88                f32tof16
 .text.f32tof24
                0x00104ebc       0x34 D:/devkitPro/libctru/lib\libctru.a(gpu.o)
                0x00104ebc                f32tof24
 .text.f32tof31
                0x00104ef0       0x38 D:/devkitPro/libctru/lib\libctru.a(gpu.o)
                0x00104ef0                f32tof31
 .text.GX_BindQueue
                0x00104f28       0x10 D:/devkitPro/libctru/lib\libctru.a(gx.o)
                0x00104f28                GX_BindQueue
 .text.GX_ProcessCommandList
                0x00104f38       0x7c D:/devkitPro/libctru/lib\libctru.a(gx.o)
                0x00104f38                GX_ProcessCommandList
 .text.GX_MemoryFill
                0x00104fb4       0x74 D:/devkitPro/libctru/lib\libctru.a(gx.o)
                0x00104fb4                GX_MemoryFill
 .text.GX_DisplayTransfer
                0x00105028       0x74 D:/devkitPro/libctru/lib\libctru.a(gx.o)
                0x00105028                GX_DisplayTransfer
 .text.GX_TextureCopy
                0x0010509c       0x78 D:/devkitPro/libctru/lib\libctru.a(gx.o)
                0x0010509c                GX_TextureCopy
 .text.gxCmdQueueDoCommands.part.0
                0x00105114       0x64 D:/devkitPro/libctru/lib\libctru.a(gxqueue.o)
 .text.gxCmdQueueInterrupt
                0x00105178       0xe4 D:/devkitPro/libctru/lib\libctru.a(gxqueue.o)
                0x00105178                gxCmdQueueInterrupt
 .text.gxCmdQueueClear
                0x0010525c       0x68 D:/devkitPro/libctru/lib\libctru.a(gxqueue.o)
                0x0010525c                gxCmdQueueClear
 .text.gxCmdQueueAdd
                0x001052c4      0x108 D:/devkitPro/libctru/lib\libctru.a(gxqueue.o)
                0x001052c4                gxCmdQueueAdd
 .text.gxCmdQueueRun
                0x001053cc       0x80 D:/devkitPro/libctru/lib\libctru.a(gxqueue.o)
                0x001053cc                gxCmdQueueRun
 .text.gxCmdQueueStop
                0x0010544c       0x64 D:/devkitPro/libctru/lib\libctru.a(gxqueue.o)
                0x0010544c                gxCmdQueueStop
 .text.gxCmdQueueWait
                0x001054b0       0x8c D:/devkitPro/libctru/lib\libctru.a(gxqueue.o)
                0x001054b0                gxCmdQueueWait
 .text.shaderInstanceInit
                0x0010553c      0x1e0 D:/devkitPro/libctru/lib\libctru.a(shaderProgram.o)
                0x0010553c                shaderInstanceInit
 .text.shaderInstanceGetUniformLocation
                0x0010571c       0x18 D:/devkitPro/libctru/lib\libctru.a(shaderProgram.o)
                0x0010571c                shaderInstanceGetUniformLocation
 .text.shaderProgramInit
                0x00105734       0x1c D:/devkitPro/libctru/lib\libctru.a(shaderProgram.o)
                0x00105734                shaderProgramInit
 .text.shaderProgramFree
                0x00105750       0x74 D:/devkitPro/libctru/lib\libctru.a(shaderProgram.o)
                0x00105750                shaderProgramFree
 .text.shaderProgramSetVsh
                0x001057c4       0x94 D:/devkitPro/libctru/lib\libctru.a(shaderProgram.o)
                0x001057c4                shaderProgramSetVsh
 .text.shaderProgramConfigure
                0x00105858      0x8d0 D:/devkitPro/libctru/lib\libctru.a(shaderProgram.o)
                0x00105858                shaderProgramConfigure
 .text.DVLE_GenerateOutmap.part.0
                0x00106128      0x1dc D:/devkitPro/libctru/lib\libctru.a(shbin.o)
 .text.DVLB_ParseFile
                0x00106304      0x1ac D:/devkitPro/libctru/lib\libctru.a(shbin.o)
                0x00106304                DVLB_ParseFile
 .text.DVLB_Free
                0x001064b0       0x50 D:/devkitPro/libctru/lib\libctru.a(shbin.o)
                0x001064b0                DVLB_Free
 .text.DVLE_GetUniformRegister
                0x00106500       0x74 D:/devkitPro/libctru/lib\libctru.a(shbin.o)
                0x00106500                DVLE_GetUniformRegister
 .text.aptConvertScreenForCapture
                0x00106574      0x180 D:/devkitPro/libctru/lib\libctru.a(apt.o)
 .text.aptDspSleep
                0x001066f4        0x8 D:/devkitPro/libctru/lib\libctru.a(apt.o)
                0x001066f4                aptDspSleep
 .text.aptDspWakeup
                0x001066fc        0x4 D:/devkitPro/libctru/lib\libctru.a(apt.o)
                0x001066fc                aptDspWakeup
 .text.aptDspCancel
                0x00106700        0x4 D:/devkitPro/libctru/lib\libctru.a(apt.o)
                0x00106700                aptDspCancel
 .text.aptSendCommand
                0x00106704      0x138 D:/devkitPro/libctru/lib\libctru.a(apt.o)
                0x00106704                aptSendCommand
 *fill*         0x0010683c        0x4 
 .text.aptExitProcess
                0x00106840       0x44 D:/devkitPro/libctru/lib\libctru.a(apt.o)
 .text.aptExit  0x00106884      0x394 D:/devkitPro/libctru/lib\libctru.a(apt.o)
                0x00106884                aptExit
 .text.aptHandleSleep
                0x00106c18       0xd8 D:/devkitPro/libctru/lib\libctru.a(apt.o)
                0x00106c18                aptHandleSleep
 .text.aptHook  0x00106cf0       0x34 D:/devkitPro/libctru/lib\libctru.a(apt.o)
                0x00106cf0                aptHook
 .text.aptUnhook
                0x00106d24       0x30 D:/devkitPro/libctru/lib\libctru.a(apt.o)
                0x00106d24                aptUnhook
 .text.APT_SleepIfShellClosed
                0x00106d54       0x84 D:/devkitPro/libctru/lib\libctru.a(apt.o)
                0x00106d54                APT_SleepIfShellClosed
 .text.aptSetSleepAllowed
                0x00106dd8       0x78 D:/devkitPro/libctru/lib\libctru.a(apt.o)
                0x00106dd8                aptSetSleepAllowed
 .text.APT_UnlockTransition
                0x00106e50       0x84 D:/devkitPro/libctru/lib\libctru.a(apt.o)
                0x00106e50                APT_UnlockTransition
 *fill*         0x00106ed4        0x4 
 .text.aptEventHandler
                0x00106ed8      0x470 D:/devkitPro/libctru/lib\libctru.a(apt.o)
 .text.APT_ReceiveParameter
                0x00107348       0xbc D:/devkitPro/libctru/lib\libctru.a(apt.o)
                0x00107348                APT_ReceiveParameter
 .text.aptReceiveParameter.constprop.0
                0x00107404       0xb0 D:/devkitPro/libctru/lib\libctru.a(apt.o)
 *fill*         0x001074b4        0x4 
 .text.aptScreenTransfer
                0x001074b8      0x294 D:/devkitPro/libctru/lib\libctru.a(apt.o)
 .text.aptWaitForWakeUp.isra.0
                0x0010774c      0x2d0 D:/devkitPro/libctru/lib\libctru.a(apt.o)
 .text.aptJumpToHomeMenu
                0x00107a1c       0xf4 D:/devkitPro/libctru/lib\libctru.a(apt.o)
                0x00107a1c                aptJumpToHomeMenu
 .text.aptMainLoop
                0x00107b10       0x58 D:/devkitPro/libctru/lib\libctru.a(apt.o)
                0x00107b10                aptMainLoop
 .text.aptInit  0x00107b68      0x240 D:/devkitPro/libctru/lib\libctru.a(apt.o)
                0x00107b68                aptInit
 .text.APT_CheckNew3DS
                0x00107da8       0x90 D:/devkitPro/libctru/lib\libctru.a(apt.o)
                0x00107da8                APT_CheckNew3DS
 .text.gspHardwareInit
                0x00107e38      0xc70 D:/devkitPro/libctru/lib\libctru.a(gspgpu.o)
 .text.gspInit  0x00108aa8      0x280 D:/devkitPro/libctru/lib\libctru.a(gspgpu.o)
                0x00108aa8                gspInit
 .text.gspExit  0x00108d28      0x110 D:/devkitPro/libctru/lib\libctru.a(gspgpu.o)
                0x00108d28                gspExit
 .text.gspHasGpuRight
                0x00108e38       0x10 D:/devkitPro/libctru/lib\libctru.a(gspgpu.o)
                0x00108e38                gspHasGpuRight
 .text.gspPresentBuffer
                0x00108e48       0xa4 D:/devkitPro/libctru/lib\libctru.a(gspgpu.o)
                0x00108e48                gspPresentBuffer
 .text.gspSetEventCallback
                0x00108eec       0x30 D:/devkitPro/libctru/lib\libctru.a(gspgpu.o)
                0x00108eec                gspSetEventCallback
 .text.gspWaitForEvent
                0x00108f1c       0x50 D:/devkitPro/libctru/lib\libctru.a(gspgpu.o)
                0x00108f1c                gspWaitForEvent
 .text.gspWaitForAnyEvent
                0x00108f6c       0x4c D:/devkitPro/libctru/lib\libctru.a(gspgpu.o)
                0x00108f6c                gspWaitForAnyEvent
 .text.gspEventThreadMain
                0x00108fb8      0x154 D:/devkitPro/libctru/lib\libctru.a(gspgpu.o)
 .text.gspSubmitGxCommand
                0x0010910c      0x12c D:/devkitPro/libctru/lib\libctru.a(gspgpu.o)
                0x0010910c                gspSubmitGxCommand
 .text.GSPGPU_FlushDataCache
                0x00109238       0x50 D:/devkitPro/libctru/lib\libctru.a(gspgpu.o)
                0x00109238                GSPGPU_FlushDataCache
 .text.GSPGPU_SetLcdForceBlack
                0x00109288       0x34 D:/devkitPro/libctru/lib\libctru.a(gspgpu.o)
                0x00109288                GSPGPU_SetLcdForceBlack
 .text.GSPGPU_AcquireRight
                0x001092bc       0x80 D:/devkitPro/libctru/lib\libctru.a(gspgpu.o)
                0x001092bc                GSPGPU_AcquireRight
 .text.GSPGPU_ReleaseRight
                0x0010933c       0x5c D:/devkitPro/libctru/lib\libctru.a(gspgpu.o)
                0x0010933c                GSPGPU_ReleaseRight
 .text.GSPGPU_ImportDisplayCaptureInfo
                0x00109398       0x7c D:/devkitPro/libctru/lib\libctru.a(gspgpu.o)
                0x00109398                GSPGPU_ImportDisplayCaptureInfo
 .text.GSPGPU_SaveVramSysArea
                0x00109414       0x2c D:/devkitPro/libctru/lib\libctru.a(gspgpu.o)
                0x00109414                GSPGPU_SaveVramSysArea
 .text.GSPGPU_RestoreVramSysArea
                0x00109440       0x2c D:/devkitPro/libctru/lib\libctru.a(gspgpu.o)
                0x00109440                GSPGPU_RestoreVramSysArea
 .text.hidShouldUseIrrst
                0x0010946c       0x24 D:/devkitPro/libctru/lib\libctru.a(hid.o)
                0x0010946c                hidShouldUseIrrst
 .text.hidInit  0x00109490      0x1cc D:/devkitPro/libctru/lib\libctru.a(hid.o)
                0x00109490                hidInit
 .text.hidExit  0x0010965c       0xe8 D:/devkitPro/libctru/lib\libctru.a(hid.o)
                0x0010965c                hidExit
 .text.hidScanInput
                0x00109744      0x2a0 D:/devkitPro/libctru/lib\libctru.a(hid.o)
                0x00109744                hidScanInput
 .text.hidKeysDown
                0x001099e4       0x10 D:/devkitPro/libctru/lib\libctru.a(hid.o)
                0x001099e4                hidKeysDown
 .text.irrstInit
                0x001099f4      0x1a4 D:/devkitPro/libctru/lib\libctru.a(irrst.o)
                0x001099f4                irrstInit
 .text.irrstExit
                0x00109b98       0xdc D:/devkitPro/libctru/lib\libctru.a(irrst.o)
                0x00109b98                irrstExit
 .text.irrstScanInput
                0x00109c74       0xb4 D:/devkitPro/libctru/lib\libctru.a(irrst.o)
                0x00109c74                irrstScanInput
 .text.irrstKeysHeld
                0x00109d28       0x24 D:/devkitPro/libctru/lib\libctru.a(irrst.o)
                0x00109d28                irrstKeysHeld
 .text.ptmSysmInit
                0x00109d4c       0x78 D:/devkitPro/libctru/lib\libctru.a(ptmsysm.o)
                0x00109d4c                ptmSysmInit
 .text.ptmSysmExit
                0x00109dc4       0x3c D:/devkitPro/libctru/lib\libctru.a(ptmsysm.o)
                0x00109dc4                ptmSysmExit
 .text.PTMSYSM_ConfigureNew3DSCPU
                0x00109e00       0x34 D:/devkitPro/libctru/lib\libctru.a(ptmsysm.o)
                0x00109e00                PTMSYSM_ConfigureNew3DSCPU
 .text.buffer_read
                0x00109e34       0xe0 D:/devkitPro/libctru/lib\libctru.a(decompress.o)
 .text.iov_read
                0x00109f14       0xcc D:/devkitPro/libctru/lib\libctru.a(decompress.o)
 .text.iov_memmove
                0x00109fe0      0x164 D:/devkitPro/libctru/lib\libctru.a(decompress.o)
 .text.decompress_rle
                0x0010a144      0x1e0 D:/devkitPro/libctru/lib\libctru.a(decompress.o)
 .text.decompress_lzss
                0x0010a324      0x264 D:/devkitPro/libctru/lib\libctru.a(decompress.o)
 .text.decompress_lz11
                0x0010a588      0x418 D:/devkitPro/libctru/lib\libctru.a(decompress.o)
 .text.decompress_huff.isra.0
                0x0010a9a0      0x31c D:/devkitPro/libctru/lib\libctru.a(decompress.o)
 .text.decompressHeader
                0x0010acbc       0xe4 D:/devkitPro/libctru/lib\libctru.a(decompress.o)
                0x0010acbc                decompressHeader
 .text.decompressV
                0x0010ada0      0x21c D:/devkitPro/libctru/lib\libctru.a(decompress.o)
                0x0010ada0                decompressV
 .text.rbtree_find
                0x0010afbc       0x74 D:/devkitPro/libctru/lib\libctru.a(rbtree_find.o)
                0x0010afbc                rbtree_find
 .text.rbtree_init
                0x0010b030       0x10 D:/devkitPro/libctru/lib\libctru.a(rbtree_init.o)
                0x0010b030                rbtree_init
 .text.do_insert
                0x0010b040      0x198 D:/devkitPro/libctru/lib\libctru.a(rbtree_insert.o)
 .text.rbtree_insert
                0x0010b1d8        0x8 D:/devkitPro/libctru/lib\libctru.a(rbtree_insert.o)
                0x0010b1d8                rbtree_insert
 .text.rbtree_remove
                0x0010b1e0      0x310 D:/devkitPro/libctru/lib\libctru.a(rbtree_remove.o)
                0x0010b1e0                rbtree_remove
 .text.rbtree_rotate
                0x0010b4f0       0x90 D:/devkitPro/libctru/lib\libctru.a(rbtree_rotate.o)
                0x0010b4f0                rbtree_rotate
 .text.__system_allocateHeaps
                0x0010b580      0x1e8 D:/devkitPro/libctru/lib\libctru.a(allocateHeaps.o)
                0x0010b580                __system_allocateHeaps
 .text.__libctru_init
                0x0010b768       0x38 D:/devkitPro/libctru/lib\libctru.a(ctru_init.o)
                0x0010b768                __libctru_init
 .text.__system_initArgv
                0x0010b7a0      0x16c D:/devkitPro/libctru/lib\libctru.a(initArgv.o)
                0x0010b7a0                __system_initArgv
 .text.__syscall_getreent
                0x0010b90c       0x30 D:/devkitPro/libctru/lib\libctru.a(syscalls.o)
                0x0010b90c                __syscall_getreent
 .text.__syscall_lock_acquire_recursive
                0x0010b93c        0x4 D:/devkitPro/libctru/lib\libctru.a(syscalls.o)
                0x0010b93c                __syscall_lock_acquire_recursive
 .text.__syscall_lock_release_recursive
                0x0010b940        0x4 D:/devkitPro/libctru/lib\libctru.a(syscalls.o)
                0x0010b940                __syscall_lock_release_recursive
 .text.__syscall_exit
                0x0010b944        0x4 D:/devkitPro/libctru/lib\libctru.a(syscalls.o)
                0x0010b944                __syscall_exit
 .text.initThreadVars
                0x0010b948       0x54 D:/devkitPro/libctru/lib\libctru.a(syscalls.o)
                0x0010b948                initThreadVars
 .text.__system_initSyscalls
                0x0010b99c       0x80 D:/devkitPro/libctru/lib\libctru.a(syscalls.o)
                0x0010b99c                __system_initSyscalls
 .text.svcControlMemory
                0x0010ba1c       0x20 D:/devkitPro/libctru/lib\libctru.a(svc.o)
                0x0010ba1c                svcControlMemory
 .text.svcQueryMemory
                0x0010ba3c       0x30 D:/devkitPro/libctru/lib\libctru.a(svc.o)
                0x0010ba3c                svcQueryMemory
 .text.svcExitProcess
                0x0010ba6c        0x8 D:/devkitPro/libctru/lib\libctru.a(svc.o)
                0x0010ba6c                svcExitProcess
 .text.svcCreateThread
                0x0010ba74       0x20 D:/devkitPro/libctru/lib\libctru.a(svc.o)
                0x0010ba74                svcCreateThread
 .text.svcExitThread
                0x0010ba94        0x8 D:/devkitPro/libctru/lib\libctru.a(svc.o)
                0x0010ba94                svcExitThread
 .text.svcSleepThread
                0x0010ba9c        0x8 D:/devkitPro/libctru/lib\libctru.a(svc.o)
                0x0010ba9c                svcSleepThread
 .text.svcReleaseMutex
                0x0010baa4        0x8 D:/devkitPro/libctru/lib\libctru.a(svc.o)
                0x0010baa4                svcReleaseMutex
 .text.svcCreateEvent
                0x0010baac       0x14 D:/devkitPro/libctru/lib\libctru.a(svc.o)
                0x0010baac                svcCreateEvent
 .text.svcSignalEvent
                0x0010bac0        0x8 D:/devkitPro/libctru/lib\libctru.a(svc.o)
                0x0010bac0                svcSignalEvent
 .text.svcClearEvent
                0x0010bac8        0x8 D:/devkitPro/libctru/lib\libctru.a(svc.o)
                0x0010bac8                svcClearEvent
 .text.svcMapMemoryBlock
                0x0010bad0        0x8 D:/devkitPro/libctru/lib\libctru.a(svc.o)
                0x0010bad0                svcMapMemoryBlock
 .text.svcUnmapMemoryBlock
                0x0010bad8        0x8 D:/devkitPro/libctru/lib\libctru.a(svc.o)
                0x0010bad8                svcUnmapMemoryBlock
 .text.svcCreateAddressArbiter
                0x0010bae0       0x14 D:/devkitPro/libctru/lib\libctru.a(svc.o)
                0x0010bae0                svcCreateAddressArbiter
 .text.svcArbitrateAddressNoTimeout
                0x0010baf4        0x8 D:/devkitPro/libctru/lib\libctru.a(svc.o)
                0x0010baf4                svcArbitrateAddressNoTimeout
 .text.svcCloseHandle
                0x0010bafc        0x8 D:/devkitPro/libctru/lib\libctru.a(svc.o)
                0x0010bafc                svcCloseHandle
 .text.svcWaitSynchronization
                0x0010bb04        0x8 D:/devkitPro/libctru/lib\libctru.a(svc.o)
                0x0010bb04                svcWaitSynchronization
 .text.svcWaitSynchronizationN
                0x0010bb0c       0x28 D:/devkitPro/libctru/lib\libctru.a(svc.o)
                0x0010bb0c                svcWaitSynchronizationN
 .text.svcDuplicateHandle
                0x0010bb34       0x14 D:/devkitPro/libctru/lib\libctru.a(svc.o)
                0x0010bb34                svcDuplicateHandle
 .text.svcGetSystemTick
                0x0010bb48        0x8 D:/devkitPro/libctru/lib\libctru.a(svc.o)
                0x0010bb48                svcGetSystemTick
 .text.svcConnectToPort
                0x0010bb50       0x14 D:/devkitPro/libctru/lib\libctru.a(svc.o)
                0x0010bb50                svcConnectToPort
 .text.svcSendSyncRequest
                0x0010bb64        0x8 D:/devkitPro/libctru/lib\libctru.a(svc.o)
                0x0010bb64                svcSendSyncRequest
 .text.svcGetResourceLimit
                0x0010bb6c       0x14 D:/devkitPro/libctru/lib\libctru.a(svc.o)
                0x0010bb6c                svcGetResourceLimit
 .text.svcGetResourceLimitLimitValues
                0x0010bb80        0x8 D:/devkitPro/libctru/lib\libctru.a(svc.o)
                0x0010bb80                svcGetResourceLimitLimitValues
 .text.svcGetResourceLimitCurrentValues
                0x0010bb88        0x8 D:/devkitPro/libctru/lib\libctru.a(svc.o)
                0x0010bb88                svcGetResourceLimitCurrentValues
 .text.svcBreak
                0x0010bb90        0x8 D:/devkitPro/libctru/lib\libctru.a(svc.o)
                0x0010bb90                svcBreak
 .text.initSystem
                0x0010bb98       0x50 D:/devkitPro/libctru/lib\libctru.a(stack_adjust.o)
                0x0010bb98                initSystem
 .text.__ctru_exit
                0x0010bbe8       0x14 D:/devkitPro/libctru/lib\libctru.a(stack_adjust.o)
                0x0010bbe8                __ctru_exit
 .text.envGetHandle
                0x0010bbfc       0x8c D:/devkitPro/libctru/lib\libctru.a(env.o)
                0x0010bbfc                envGetHandle
 .text.envDestroyHandles
                0x0010bc88       0x50 D:/devkitPro/libctru/lib\libctru.a(env.o)
                0x0010bc88                envDestroyHandles
 .text.srvInit  0x0010bcd8      0x164 D:/devkitPro/libctru/lib\libctru.a(srv.o)
                0x0010bcd8                srvInit
 .text.srvExit  0x0010be3c       0x64 D:/devkitPro/libctru/lib\libctru.a(srv.o)
                0x0010be3c                srvExit
 .text.srvEnableNotification
                0x0010bea0       0x60 D:/devkitPro/libctru/lib\libctru.a(srv.o)
                0x0010bea0                srvEnableNotification
 .text.srvGetServiceHandleDirect
                0x0010bf00       0xa0 D:/devkitPro/libctru/lib\libctru.a(srv.o)
                0x0010bf00                srvGetServiceHandleDirect
 .text.srvGetServiceHandle
                0x0010bfa0       0x48 D:/devkitPro/libctru/lib\libctru.a(srv.o)
                0x0010bfa0                srvGetServiceHandle
 .text.srvSubscribe
                0x0010bfe8       0x34 D:/devkitPro/libctru/lib\libctru.a(srv.o)
                0x0010bfe8                srvSubscribe
 .text.srvReceiveNotification
                0x0010c01c       0x60 D:/devkitPro/libctru/lib\libctru.a(srv.o)
                0x0010c01c                srvReceiveNotification
 .text.srvPublishToSubscriber
                0x0010c07c       0x38 D:/devkitPro/libctru/lib\libctru.a(srv.o)
                0x0010c07c                srvPublishToSubscriber
 .text.__sync_init
                0x0010c0b4        0xc D:/devkitPro/libctru/lib\libctru.a(synchronization.o)
                0x0010c0b4                __sync_init
 .text.__sync_fini
                0x0010c0c0       0x18 D:/devkitPro/libctru/lib\libctru.a(synchronization.o)
                0x0010c0c0                __sync_fini
 .text.syncArbitrateAddress
                0x0010c0d8       0x28 D:/devkitPro/libctru/lib\libctru.a(synchronization.o)
                0x0010c0d8                syncArbitrateAddress
 .text.LightLock_Lock
                0x0010c100       0xac D:/devkitPro/libctru/lib\libctru.a(synchronization.o)
                0x0010c100                LightLock_Lock
 .text.LightLock_Unlock
                0x0010c1ac       0x40 D:/devkitPro/libctru/lib\libctru.a(synchronization.o)
                0x0010c1ac                LightLock_Unlock
 .text.RecursiveLock_Lock
                0x0010c1ec       0x54 D:/devkitPro/libctru/lib\libctru.a(synchronization.o)
                0x0010c1ec                RecursiveLock_Lock
 .text.RecursiveLock_Unlock
                0x0010c240       0x54 D:/devkitPro/libctru/lib\libctru.a(synchronization.o)
                0x0010c240                RecursiveLock_Unlock
 .text.LightEvent_Init
                0x0010c294       0x44 D:/devkitPro/libctru/lib\libctru.a(synchronization.o)
                0x0010c294                LightEvent_Init
 .text.LightEvent_Clear
                0x0010c2d8       0xb8 D:/devkitPro/libctru/lib\libctru.a(synchronization.o)
                0x0010c2d8                LightEvent_Clear
 .text.LightEvent_Signal
                0x0010c390       0xdc D:/devkitPro/libctru/lib\libctru.a(synchronization.o)
                0x0010c390                LightEvent_Signal
 .text.LightEvent_TryWait
                0x0010c46c       0x50 D:/devkitPro/libctru/lib\libctru.a(synchronization.o)
                0x0010c46c                LightEvent_TryWait
 .text.LightEvent_Wait
                0x0010c4bc       0xac D:/devkitPro/libctru/lib\libctru.a(synchronization.o)
                0x0010c4bc                LightEvent_Wait
 .text.threadCreate
                0x0010c568      0x1fc D:/devkitPro/libctru/lib\libctru.a(thread.o)
                0x0010c568                threadCreate
 .text.threadFree
                0x0010c764       0x38 D:/devkitPro/libctru/lib\libctru.a(thread.o)
                0x0010c764                threadFree
 .text.threadJoin
                0x0010c79c       0x24 D:/devkitPro/libctru/lib\libctru.a(thread.o)
                0x0010c79c                threadJoin
 .text.threadGetCurrent
                0x0010c7c0       0x30 D:/devkitPro/libctru/lib\libctru.a(thread.o)
                0x0010c7c0                threadGetCurrent
 .text.threadExit
                0x0010c7f0       0x40 D:/devkitPro/libctru/lib\libctru.a(thread.o)
                0x0010c7f0                threadExit
 .text._thread_begin
                0x0010c830       0x20 D:/devkitPro/libctru/lib\libctru.a(thread.o)
 .text.mappableFindAddressWithin
                0x0010c850       0x90 D:/devkitPro/libctru/lib\libctru.a(mappable.o)
 .text.mappableInit
                0x0010c8e0       0x28 D:/devkitPro/libctru/lib\libctru.a(mappable.o)
                0x0010c8e0                mappableInit
 .text.mappableAlloc
                0x0010c908       0x7c D:/devkitPro/libctru/lib\libctru.a(mappable.o)
                0x0010c908                mappableAlloc
 .text.mappableFree
                0x0010c984        0x4 D:/devkitPro/libctru/lib\libctru.a(mappable.o)
                0x0010c984                mappableFree
 .text.srvPmGetSessionHandle
                0x0010c988        0xc D:/devkitPro/libctru/lib\libctru.a(srvpm.o)
                0x0010c988                srvPmGetSessionHandle
 .text.rbtree_node_next
                0x0010c994       0x60 D:/devkitPro/libctru/lib\libctru.a(rbtree_iterator.o)
                0x0010c994                rbtree_node_next
 .text.__appExit
                0x0010c9f4       0x30 D:/devkitPro/libctru/lib\libctru.a(appExit.o)
                0x0010c9f4                __appExit
 .text.__appInit
                0x0010ca24       0x30 D:/devkitPro/libctru/lib\libctru.a(appInit.o)
                0x0010ca24                __appInit
 .text.__libctru_exit
                0x0010ca54       0x90 D:/devkitPro/libctru/lib\libctru.a(ctru_exit.o)
                0x0010ca54                __libctru_exit
 .text.archive_link
                0x0010cae4       0x14 D:/devkitPro/libctru/lib\libctru.a(archive_dev.o)
 .text.archive_dirreset
                0x0010caf8       0x14 D:/devkitPro/libctru/lib\libctru.a(archive_dev.o)
 .text.archive_chmod
                0x0010cb0c       0x14 D:/devkitPro/libctru/lib\libctru.a(archive_dev.o)
 .text.error_cmp
                0x0010cb20       0x24 D:/devkitPro/libctru/lib\libctru.a(archive_dev.o)
 .text.archive_translate_error
                0x0010cb44       0x50 D:/devkitPro/libctru/lib\libctru.a(archive_dev.o)
 .text.archive_seek
                0x0010cb94       0xc0 D:/devkitPro/libctru/lib\libctru.a(archive_dev.o)
 .text._archiveInit.part.0
                0x0010cc54       0x78 D:/devkitPro/libctru/lib\libctru.a(archive_dev.o)
 .text.archiveFindDevice.part.0
                0x0010cccc       0xd4 D:/devkitPro/libctru/lib\libctru.a(archive_dev.o)
 .text.archive_utf16path
                0x0010cda0      0x298 D:/devkitPro/libctru/lib\libctru.a(archive_dev.o)
 .text._archiveUnmountDeviceStruct.part.0
                0x0010d038       0x98 D:/devkitPro/libctru/lib\libctru.a(archive_dev.o)
 .text.archive_statvfs
                0x0010d0d0       0x14 D:/devkitPro/libctru/lib\libctru.a(archive_dev.o)
 .text.archive_fchmod
                0x0010d0e4       0x14 D:/devkitPro/libctru/lib\libctru.a(archive_dev.o)
 .text._archiveMountDevice
                0x0010d0f8      0x178 D:/devkitPro/libctru/lib\libctru.a(archive_dev.o)
 .text.archive_diropen
                0x0010d270       0xf8 D:/devkitPro/libctru/lib\libctru.a(archive_dev.o)
 .text.archive_fstat
                0x0010d368       0xac D:/devkitPro/libctru/lib\libctru.a(archive_dev.o)
 .text.archive_fsync
                0x0010d414       0x74 D:/devkitPro/libctru/lib\libctru.a(archive_dev.o)
 .text.archive_close
                0x0010d488       0x74 D:/devkitPro/libctru/lib\libctru.a(archive_dev.o)
 .text.archive_dirclose
                0x0010d4fc       0x78 D:/devkitPro/libctru/lib\libctru.a(archive_dev.o)
 .text.sdmc_statvfs
                0x0010d574       0xec D:/devkitPro/libctru/lib\libctru.a(archive_dev.o)
 .text.archive_chdir
                0x0010d660       0xf8 D:/devkitPro/libctru/lib\libctru.a(archive_dev.o)
 .text.archive_ftruncate
                0x0010d758       0x8c D:/devkitPro/libctru/lib\libctru.a(archive_dev.o)
 .text.archive_read
                0x0010d7e4       0xbc D:/devkitPro/libctru/lib\libctru.a(archive_dev.o)
 .text.archive_unlink
                0x0010d8a0       0xa8 D:/devkitPro/libctru/lib\libctru.a(archive_dev.o)
 .text.archive_rmdir
                0x0010d948       0xc0 D:/devkitPro/libctru/lib\libctru.a(archive_dev.o)
 .text.archive_mkdir
                0x0010da08       0xd8 D:/devkitPro/libctru/lib\libctru.a(archive_dev.o)
 .text.archive_stat
                0x0010dae0      0x1a0 D:/devkitPro/libctru/lib\libctru.a(archive_dev.o)
 .text.archive_dirnext
                0x0010dc80      0x164 D:/devkitPro/libctru/lib\libctru.a(archive_dev.o)
 .text.archive_write
                0x0010dde4      0x13c D:/devkitPro/libctru/lib\libctru.a(archive_dev.o)
 .text.archive_open
                0x0010df20      0x254 D:/devkitPro/libctru/lib\libctru.a(archive_dev.o)
 .text.archive_rename
                0x0010e174      0x270 D:/devkitPro/libctru/lib\libctru.a(archive_dev.o)
 .text.archiveMountSdmc
                0x0010e3e4      0x1c8 D:/devkitPro/libctru/lib\libctru.a(archive_dev.o)
                0x0010e3e4                archiveMountSdmc
 .text.archiveUnmountAll
                0x0010e5ac       0x54 D:/devkitPro/libctru/lib\libctru.a(archive_dev.o)
                0x0010e5ac                archiveUnmountAll
 .text.fsInit   0x0010e600      0x104 D:/devkitPro/libctru/lib\libctru.a(fs.o)
                0x0010e600                fsInit
 .text.fsExit   0x0010e704       0x3c D:/devkitPro/libctru/lib\libctru.a(fs.o)
                0x0010e704                fsExit
 .text.fsExemptFromSession
                0x0010e740       0x68 D:/devkitPro/libctru/lib\libctru.a(fs.o)
                0x0010e740                fsExemptFromSession
 .text.fsUnexemptFromSession
                0x0010e7a8       0x50 D:/devkitPro/libctru/lib\libctru.a(fs.o)
                0x0010e7a8                fsUnexemptFromSession
 .text.FSUSER_OpenFile
                0x0010e7f8       0xcc D:/devkitPro/libctru/lib\libctru.a(fs.o)
                0x0010e7f8                FSUSER_OpenFile
 .text.FSUSER_DeleteFile
                0x0010e8c4       0xb8 D:/devkitPro/libctru/lib\libctru.a(fs.o)
                0x0010e8c4                FSUSER_DeleteFile
 .text.FSUSER_RenameFile
                0x0010e97c       0xf4 D:/devkitPro/libctru/lib\libctru.a(fs.o)
                0x0010e97c                FSUSER_RenameFile
 .text.FSUSER_DeleteDirectory
                0x0010ea70       0xb8 D:/devkitPro/libctru/lib\libctru.a(fs.o)
                0x0010ea70                FSUSER_DeleteDirectory
 .text.FSUSER_CreateFile
                0x0010eb28       0xd0 D:/devkitPro/libctru/lib\libctru.a(fs.o)
                0x0010eb28                FSUSER_CreateFile
 .text.FSUSER_CreateDirectory
                0x0010ebf8       0xc0 D:/devkitPro/libctru/lib\libctru.a(fs.o)
                0x0010ebf8                FSUSER_CreateDirectory
 .text.FSUSER_RenameDirectory
                0x0010ecb8       0xf4 D:/devkitPro/libctru/lib\libctru.a(fs.o)
                0x0010ecb8                FSUSER_RenameDirectory
 .text.FSUSER_OpenDirectory
                0x0010edac       0xb4 D:/devkitPro/libctru/lib\libctru.a(fs.o)
                0x0010edac                FSUSER_OpenDirectory
 .text.FSUSER_OpenArchive
                0x0010ee60       0x90 D:/devkitPro/libctru/lib\libctru.a(fs.o)
                0x0010ee60                FSUSER_OpenArchive
 .text.FSUSER_CloseArchive
                0x0010eef0       0x8c D:/devkitPro/libctru/lib\libctru.a(fs.o)
                0x0010eef0                FSUSER_CloseArchive
 .text.FSUSER_GetSdmcArchiveResource
                0x0010ef7c       0x74 D:/devkitPro/libctru/lib\libctru.a(fs.o)
                0x0010ef7c                FSUSER_GetSdmcArchiveResource
 .text.FSUSER_IsSdmcWritable
                0x0010eff0       0x64 D:/devkitPro/libctru/lib\libctru.a(fs.o)
                0x0010eff0                FSUSER_IsSdmcWritable
 .text.FSFILE_Read
                0x0010f054       0x64 D:/devkitPro/libctru/lib\libctru.a(fs.o)
                0x0010f054                FSFILE_Read
 .text.FSFILE_Write
                0x0010f0b8       0x6c D:/devkitPro/libctru/lib\libctru.a(fs.o)
                0x0010f0b8                FSFILE_Write
 .text.FSFILE_GetSize
                0x0010f124       0x44 D:/devkitPro/libctru/lib\libctru.a(fs.o)
                0x0010f124                FSFILE_GetSize
 .text.FSFILE_SetSize
                0x0010f168       0x28 D:/devkitPro/libctru/lib\libctru.a(fs.o)
                0x0010f168                FSFILE_SetSize
 .text.FSFILE_Close
                0x0010f190       0x3c D:/devkitPro/libctru/lib\libctru.a(fs.o)
                0x0010f190                FSFILE_Close
 .text.FSFILE_Flush
                0x0010f1cc       0x24 D:/devkitPro/libctru/lib\libctru.a(fs.o)
                0x0010f1cc                FSFILE_Flush
 .text.FSDIR_Read
                0x0010f1f0       0x60 D:/devkitPro/libctru/lib\libctru.a(fs.o)
                0x0010f1f0                FSDIR_Read
 .text.FSDIR_Close
                0x0010f250       0x3c D:/devkitPro/libctru/lib\libctru.a(fs.o)
                0x0010f250                FSDIR_Close
 .text.decode_utf8
                0x0010f28c      0x140 D:/devkitPro/libctru/lib\libctru.a(decode_utf8.o)
                0x0010f28c                decode_utf8
 .text.utf16_to_utf8
                0x0010f3cc       0xe8 D:/devkitPro/libctru/lib\libctru.a(utf16_to_utf8.o)
                0x0010f3cc                utf16_to_utf8
 .text.utf8_to_utf16
                0x0010f4b4       0xc0 D:/devkitPro/libctru/lib\libctru.a(utf8_to_utf16.o)
                0x0010f4b4                utf8_to_utf16
 .text.__aeabi_read_tp
                0x0010f574        0xc D:/devkitPro/libctru/lib\libctru.a(readtp.o)
                0x0010f574                __aeabi_read_tp
 .text.decode_utf16
                0x0010f580       0x54 D:/devkitPro/libctru/lib\libctru.a(decode_utf16.o)
                0x0010f580                decode_utf16
 .text.encode_utf16
                0x0010f5d4       0x54 D:/devkitPro/libctru/lib\libctru.a(encode_utf16.o)
                0x0010f5d4                encode_utf16
 .text.encode_utf8
                0x0010f628       0xe0 D:/devkitPro/libctru/lib\libctru.a(encode_utf8.o)
                0x0010f628                encode_utf8
 .text.sinf     0x0010f708      0x264 D:/devkitPro/devkitARM/bin/../lib/gcc/arm-none-eabi/15.1.0/../../../../arm-none-eabi/lib/armv6k/fpu\libm.a(libm_a-sinf.o)
                0x0010f708                sinf
 .text.tanf     0x0010f96c       0x70 D:/devkitPro/devkitARM/bin/../lib/gcc/arm-none-eabi/15.1.0/../../../../arm-none-eabi/lib/armv6k/fpu\libm.a(libm_a-sf_tan.o)
                0x0010f96c                tanf
 .text.with_errnof
                0x0010f9dc       0x24 D:/devkitPro/devkitARM/bin/../lib/gcc/arm-none-eabi/15.1.0/../../../../arm-none-eabi/lib/armv6k/fpu\libm.a(libm_a-math_errf.o)
 .text.__math_invalidf
                0x0010fa00       0x1c D:/devkitPro/devkitARM/bin/../lib/gcc/arm-none-eabi/15.1.0/../../../../arm-none-eabi/lib/armv6k/fpu\libm.a(libm_a-math_errf.o)
                0x0010fa00                __math_invalidf
 *fill*         0x0010fa1c        0x4 
 .text.cosf     0x0010fa20      0x25c D:/devkitPro/devkitARM/bin/../lib/gcc/arm-none-eabi/15.1.0/../../../../arm-none-eabi/lib/armv6k/fpu\libm.a(libm_a-cosf.o)
                0x0010fa20                cosf
 .text.__ieee754_rem_pio2f
                0x0010fc7c      0x2e0 D:/devkitPro/devkitARM/bin/../lib/gcc/arm-none-eabi/15.1.0/../../../../arm-none-eabi/lib/armv6k/fpu\libm.a(libm_a-ef_rem_pio2.o)
                0x0010fc7c                __ieee754_rem_pio2f
 .text.__kernel_tanf
                0x0010ff5c      0x20c D:/devkitPro/devkitARM/bin/../lib/gcc/arm-none-eabi/15.1.0/../../../../arm-none-eabi/lib/armv6k/fpu\libm.a(libm_a-kf_tan.o)
                0x0010ff5c                __kernel_tanf
 .text.fabsf    0x00110168       0x10 D:/devkitPro/devkitARM/bin/../lib/gcc/arm-none-eabi/15.1.0/../../../../arm-none-eabi/lib/armv6k/fpu\libm.a(libm_a-sf_fabs.o)
                0x00110168                fabsf
 .text.__kernel_rem_pio2f
                0x00110178      0x898 D:/devkitPro/devkitARM/bin/../lib/gcc/arm-none-eabi/15.1.0/../../../../arm-none-eabi/lib/armv6k/fpu\libm.a(libm_a-kf_rem_pio2.o)
                0x00110178                __kernel_rem_pio2f
 .text.scalbnf  0x00110a10      0x12c D:/devkitPro/devkitARM/bin/../lib/gcc/arm-none-eabi/15.1.0/../../../../arm-none-eabi/lib/armv6k/fpu\libm.a(libm_a-sf_scalbn.o)
                0x00110a10                scalbnf
 .text.floorf   0x00110b3c       0xc0 D:/devkitPro/devkitARM/bin/../lib/gcc/arm-none-eabi/15.1.0/../../../../arm-none-eabi/lib/armv6k/fpu\libm.a(libm_a-sf_floor.o)
                0x00110b3c                floorf
 .text.strncmp  0x00110bfc       0xd8 D:/devkitPro/devkitARM/bin/../lib/gcc/arm-none-eabi/15.1.0/../../../../arm-none-eabi/lib/armv6k/fpu\libg.a(libc_a-strncmp.o)
                0x00110bfc                strncmp
 .text.strlen   0x00110cd4       0x8c D:/devkitPro/devkitARM/bin/../lib/gcc/arm-none-eabi/15.1.0/../../../../arm-none-eabi/lib/armv6k/fpu\libg.a(libc_a-strlen.o)
                0x00110cd4                strlen
 .text._strtoul_l.isra.0
                0x00110d60      0x1ec D:/devkitPro/devkitARM/bin/../lib/gcc/arm-none-eabi/15.1.0/../../../../arm-none-eabi/lib/armv6k/fpu\libg.a(libc_a-strtoul.o)
 .text.strtoul  0x00110f4c       0x3c D:/devkitPro/devkitARM/bin/../lib/gcc/arm-none-eabi/15.1.0/../../../../arm-none-eabi/lib/armv6k/fpu\libg.a(libc_a-strtoul.o)
                0x00110f4c                strtoul
 .text.__libc_init_array
                0x00110f88       0x84 D:/devkitPro/devkitARM/bin/../lib/gcc/arm-none-eabi/15.1.0/../../../../arm-none-eabi/lib/armv6k/fpu\libg.a(libc_a-init.o)
                0x00110f88                __libc_init_array
 .text.strncat  0x0011100c       0x9c D:/devkitPro/devkitARM/bin/../lib/gcc/arm-none-eabi/15.1.0/../../../../arm-none-eabi/lib/armv6k/fpu\libg.a(libc_a-strncat.o)
                0x0011100c                strncat
 .text.bsearch  0x001110a8       0x78 D:/devkitPro/devkitARM/bin/../lib/gcc/arm-none-eabi/15.1.0/../../../../arm-none-eabi/lib/armv6k/fpu\libg.a(libc_a-bsearch.o)
                0x001110a8                bsearch
 .text.__errno  0x00111120        0xc D:/devkitPro/devkitARM/bin/../lib/gcc/arm-none-eabi/15.1.0/../../../../arm-none-eabi/lib/armv6k/fpu\libg.a(libc_a-errno.o)
                0x00111120                __errno
 .text.calloc   0x0011112c       0x28 D:/devkitPro/devkitARM/bin/../lib/gcc/arm-none-eabi/15.1.0/../../../../arm-none-eabi/lib/armv6k/fpu\libg.a(libc_a-calloc.o)
                0x0011112c                calloc
 .text._calloc_r
                0x00111154       0xd8 D:/devkitPro/devkitARM/bin/../lib/gcc/arm-none-eabi/15.1.0/../../../../arm-none-eabi/lib/armv6k/fpu\libg.a(libc_a-callocr.o)
                0x00111154                _calloc_r
 .text.memalign
                0x0011122c       0x28 D:/devkitPro/devkitARM/bin/../lib/gcc/arm-none-eabi/15.1.0/../../../../arm-none-eabi/lib/armv6k/fpu\libg.a(libc_a-malign.o)
                0x0011122c                memalign
 .text._malloc_r
                0x00111254      0x82c D:/devkitPro/devkitARM/bin/../lib/gcc/arm-none-eabi/15.1.0/../../../../arm-none-eabi/lib/armv6k/fpu\libg.a(libc_a-mallocr.o)
                0x00111254                _malloc_r
 .text._malloc_trim_r
                0x00111a80      0x114 D:/devkitPro/devkitARM/bin/../lib/gcc/arm-none-eabi/15.1.0/../../../../arm-none-eabi/lib/armv6k/fpu\libg.a(libc_a-freer.o)
                0x00111a80                _malloc_trim_r
 .text._free_r  0x00111b94      0x314 D:/devkitPro/devkitARM/bin/../lib/gcc/arm-none-eabi/15.1.0/../../../../arm-none-eabi/lib/armv6k/fpu\libg.a(libc_a-freer.o)
                0x00111b94                _free_r
 .text.strnlen  0x00111ea8       0x3c D:/devkitPro/devkitARM/bin/../lib/gcc/arm-none-eabi/15.1.0/../../../../arm-none-eabi/lib/armv6k/fpu\libg.a(libc_a-strnlen.o)
                0x00111ea8                strnlen
 .text.malloc   0x00111ee4       0x40 D:/devkitPro/devkitARM/bin/../lib/gcc/arm-none-eabi/15.1.0/../../../../arm-none-eabi/lib/armv6k/fpu\libg.a(libc_a-malloc.o)
                0x00111ee4                malloc
 .text.free     0x00111f24       0x20 D:/devkitPro/devkitARM/bin/../lib/gcc/arm-none-eabi/15.1.0/../../../../arm-none-eabi/lib/armv6k/fpu\libg.a(libc_a-malloc.o)
                0x00111f24                free
 .text.memset   0x00111f44       0xe4 D:/devkitPro/devkitARM/bin/../lib/gcc/arm-none-eabi/15.1.0/../../../../arm-none-eabi/lib/armv6k/fpu\libg.a(libc_a-memset.o)
                0x00111f44                memset
 .text.__malloc_lock
                0x00112028        0xc D:/devkitPro/devkitARM/bin/../lib/gcc/arm-none-eabi/15.1.0/../../../../arm-none-eabi/lib/armv6k/fpu\libg.a(libc_a-mlock.o)
                0x00112028                __malloc_lock
 .text.__malloc_unlock
                0x00112034        0xc D:/devkitPro/devkitARM/bin/../lib/gcc/arm-none-eabi/15.1.0/../../../../arm-none-eabi/lib/armv6k/fpu\libg.a(libc_a-mlock.o)
                0x00112034                __malloc_unlock
 .text.__call_exitprocs
                0x00112040        0x4 D:/devkitPro/devkitARM/bin/../lib/gcc/arm-none-eabi/15.1.0/../../../../arm-none-eabi/lib/armv6k/fpu\libg.a(libc_a-exit.o)
                0x00112040                __call_exitprocs
 .text.exit     0x00112044       0x30 D:/devkitPro/devkitARM/bin/../lib/gcc/arm-none-eabi/15.1.0/../../../../arm-none-eabi/lib/armv6k/fpu\libg.a(libc_a-exit.o)
                0x00112044                exit
 .text.strncpy  0x00112074       0xd4 D:/devkitPro/devkitARM/bin/../lib/gcc/arm-none-eabi/15.1.0/../../../../arm-none-eabi/lib/armv6k/fpu\libg.a(libc_a-strncpy.o)
                0x00112074                strncpy
 .text.memcpy   0x00112148      0x12c D:/devkitPro/devkitARM/bin/../lib/gcc/arm-none-eabi/15.1.0/../../../../arm-none-eabi/lib/armv6k/fpu\libg.a(libc_a-memcpy-stub.o)
                0x00112148                memcpy
 .text._memalign_r
                0x00112274      0x16c D:/devkitPro/devkitARM/bin/../lib/gcc/arm-none-eabi/15.1.0/../../../../arm-none-eabi/lib/armv6k/fpu\libg.a(libc_a-malignr.o)
                0x00112274                _memalign_r
 .text.__libc_fini_array
                0x001123e0       0x3c D:/devkitPro/devkitARM/bin/../lib/gcc/arm-none-eabi/15.1.0/../../../../arm-none-eabi/lib/armv6k/fpu\libg.a(libc_a-fini.o)
                0x001123e0                __libc_fini_array
 .text._exit    0x0011241c       0x20 D:/devkitPro/devkitARM/bin/../lib/gcc/arm-none-eabi/15.1.0/../../../../arm-none-eabi/lib/armv6k/fpu\libsysbase.a(libsysbase_libsysbase_a-_exit.o)
                0x0011241c                _exit
 .text.chdir    0x0011243c      0x140 D:/devkitPro/devkitARM/bin/../lib/gcc/arm-none-eabi/15.1.0/../../../../arm-none-eabi/lib/armv6k/fpu\libsysbase.a(libsysbase_libsysbase_a-chdir.o)
                0x0011243c                chdir
 .text._concatenate_path
                0x0011257c      0x1c8 D:/devkitPro/devkitARM/bin/../lib/gcc/arm-none-eabi/15.1.0/../../../../arm-none-eabi/lib/armv6k/fpu\libsysbase.a(libsysbase_libsysbase_a-concatenate.o)
                0x0011257c                _concatenate_path
 .text.__getreent
                0x00112744       0x2c D:/devkitPro/devkitARM/bin/../lib/gcc/arm-none-eabi/15.1.0/../../../../arm-none-eabi/lib/armv6k/fpu\libsysbase.a(libsysbase_libsysbase_a-getreent.o)
                0x00112744                __getreent
 .text.null_write
                0x00112770        0x8 D:/devkitPro/devkitARM/bin/../lib/gcc/arm-none-eabi/15.1.0/../../../../arm-none-eabi/lib/armv6k/fpu\libsysbase.a(libsysbase_libsysbase_a-iosupport.o)
 .text.setDefaultDevice
                0x00112778       0x18 D:/devkitPro/devkitARM/bin/../lib/gcc/arm-none-eabi/15.1.0/../../../../arm-none-eabi/lib/armv6k/fpu\libsysbase.a(libsysbase_libsysbase_a-iosupport.o)
                0x00112778                setDefaultDevice
 .text.FindDevice
                0x00112790       0xc4 D:/devkitPro/devkitARM/bin/../lib/gcc/arm-none-eabi/15.1.0/../../../../arm-none-eabi/lib/armv6k/fpu\libsysbase.a(libsysbase_libsysbase_a-iosupport.o)
                0x00112790                FindDevice
 .text.RemoveDevice
                0x00112854       0x28 D:/devkitPro/devkitARM/bin/../lib/gcc/arm-none-eabi/15.1.0/../../../../arm-none-eabi/lib/armv6k/fpu\libsysbase.a(libsysbase_libsysbase_a-iosupport.o)
                0x00112854                RemoveDevice
 .text.AddDevice
                0x0011287c       0x98 D:/devkitPro/devkitARM/bin/../lib/gcc/arm-none-eabi/15.1.0/../../../../arm-none-eabi/lib/armv6k/fpu\libsysbase.a(libsysbase_libsysbase_a-iosupport.o)
                0x0011287c                AddDevice
 .text.GetDeviceOpTab
                0x00112914       0x20 D:/devkitPro/devkitARM/bin/../lib/gcc/arm-none-eabi/15.1.0/../../../../arm-none-eabi/lib/armv6k/fpu\libsysbase.a(libsysbase_libsysbase_a-iosupport.o)
                0x00112914                GetDeviceOpTab
 .text._sbrk_r  0x00112934       0x78 D:/devkitPro/devkitARM/bin/../lib/gcc/arm-none-eabi/15.1.0/../../../../arm-none-eabi/lib/armv6k/fpu\libsysbase.a(libsysbase_libsysbase_a-sbrk.o)
                0x00112934                _sbrk_r
 .text.__libc_lock_acquire_recursive
                0x001129ac       0x1c D:/devkitPro/devkitARM/bin/../lib/gcc/arm-none-eabi/15.1.0/../../../../arm-none-eabi/lib/armv6k/fpu\libsysbase.a(libsysbase_libsysbase_a-syscall_support.o)
                0x001129ac                __libc_lock_acquire_recursive
 .text.__libc_lock_release_recursive
                0x001129c8       0x1c D:/devkitPro/devkitARM/bin/../lib/gcc/arm-none-eabi/15.1.0/../../../../arm-none-eabi/lib/armv6k/fpu\libsysbase.a(libsysbase_libsysbase_a-syscall_support.o)
                0x001129c8                __libc_lock_release_recursive
 .text.strchr   0x001129e4      0x140 D:/devkitPro/devkitARM/bin/../lib/gcc/arm-none-eabi/15.1.0/../../../../arm-none-eabi/lib/armv6k/fpu\libg.a(libc_a-strchr.o)
                0x001129e4                strchr
 .text.strrchr  0x00112b24       0x48 D:/devkitPro/devkitARM/bin/../lib/gcc/arm-none-eabi/15.1.0/../../../../arm-none-eabi/lib/armv6k/fpu\libg.a(libc_a-strrchr.o)
                0x00112b24                strrchr
 *(.glue_7)
 .glue_7        0x00112b6c        0x0 linker stubs
 *(.glue_7t)
 .glue_7t       0x00112b6c        0x0 linker stubs
 *(.stub)
 *(.gnu.warning)
 *(.gnu.linkonce.t*)
                0x00112b6c                        . = ALIGN (0x4)
 *(.fini)
 .fini          0x00112b6c        0xc D:/devkitPro/devkitARM/bin/../lib/gcc/arm-none-eabi/15.1.0/armv6k/fpu/crti.o
                0x00112b6c                _fini
 .fini          0x00112b78        0xc D:/devkitPro/devkitARM/bin/../lib/gcc/arm-none-eabi/15.1.0/armv6k/fpu/crtn.o
                0x00112b84                        . = ALIGN (0x4)

.vfp11_veneer   0x00112b84        0x0
 .vfp11_veneer  0x00112b84        0x0 linker stubs

.v4_bx          0x00112b84        0x0
 .v4_bx         0x00112b84        0x0 linker stubs

.iplt           0x00112b84        0x0
 .iplt          0x00112b84        0x0 D:/devkitPro/devkitARM/bin/../lib/gcc/arm-none-eabi/15.1.0/../../../../arm-none-eabi/lib/armv6k/fpu/3dsx_crt0.o
                0x00113000                        . = ALIGN (0x1000)

.rodata         0x00113000     0x18d0
 *(.rodata)
 .rodata        0x00113000      0x4c0 main.o
 .rodata        0x001134c0        0xc D:/devkitPro/libctru/lib\libctru.a(archive_dev.o)
 *(.roda)
 *(.rodata.*)
 .rodata.vshader_shbin
                0x001134cc      0x208 vshader.shbin.o
                0x001134cc                vshader_shbin
                0x001136d4                vshader_shbin_end
 .rodata.kitten_t3x
                0x001136d4      0x921 kitten.t3x.o
                0x001136d4                kitten_t3x
                0x00113ff5                kitten_t3x_end
 *fill*         0x00113ff5        0x3 
 .rodata.str1.4
                0x00113ff8       0xd8 main.o
                                 0x49 (size before relaxing)
 .rodata.depthFmtSizes
                0x001140d0        0x4 D:/devkitPro/libctru/lib\libcitro3d.a(framebuffer.o)
 .rodata.colorFmtSizes
                0x001140d4        0x5 D:/devkitPro/libctru/lib\libcitro3d.a(framebuffer.o)
 *fill*         0x001140d9        0x3 
 .rodata.CSWTCH.19
                0x001140dc       0x38 D:/devkitPro/libctru/lib\libcitro3d.a(texture.o)
 .rodata.DVLE_GenerateOutmap.part.0
                0x00114114        0x9 D:/devkitPro/libctru/lib\libctru.a(shbin.o)
 .rodata.aptEventHandler
                0x0011411d        0xb D:/devkitPro/libctru/lib\libctru.a(apt.o)
 .rodata.aptWaitForWakeUp.isra.0
                0x00114128       0x11 D:/devkitPro/libctru/lib\libctru.a(apt.o)
 *fill*         0x00114139        0x3 
 .rodata.morton_y.2
                0x0011413c        0x8 D:/devkitPro/libctru/lib\libctru.a(apt.o)
 .rodata.morton_x.3
                0x00114144        0x8 D:/devkitPro/libctru/lib\libctru.a(apt.o)
 .rodata.s_sleepWakeEvents.4
                0x0011414c        0x8 D:/devkitPro/libctru/lib\libctru.a(apt.o)
 .rodata.str1.4
                0x00114154       0x16 D:/devkitPro/libctru/lib\libctru.a(apt.o)
 .rodata.serviceNameTable.5
                0x00114154        0xc D:/devkitPro/libctru/lib\libctru.a(apt.o)
 .rodata.gspInit.str1.4
                0x00114160        0x9 D:/devkitPro/libctru/lib\libctru.a(gspgpu.o)
 .rodata.hidInit.str1.4
                0x00114160       0x15 D:/devkitPro/libctru/lib\libctru.a(hid.o)
 .rodata.irrstInit.str1.4
                0x00114160        0x7 D:/devkitPro/libctru/lib\libctru.a(irrst.o)
 .rodata.ptmSysmInit.str1.4
                0x00114160        0x9 D:/devkitPro/libctru/lib\libctru.a(ptmsysm.o)
 .rodata.decompressV
                0x00114160       0x21 D:/devkitPro/libctru/lib\libctru.a(decompress.o)
 .rodata.__system_initArgv.str1.4
                0x00114181        0xa D:/devkitPro/libctru/lib\libctru.a(initArgv.o)
 .rodata.srvInit.str1.4
                0x00114181        0x5 D:/devkitPro/libctru/lib\libctru.a(srv.o)
 .rodata.archive_utf16path.str1.4
                0x00114181        0x2 D:/devkitPro/libctru/lib\libctru.a(archive_dev.o)
 .rodata._archiveUnmountDeviceStruct.part.0.str1.4
                0x00114181        0x2 D:/devkitPro/libctru/lib\libctru.a(archive_dev.o)
 .rodata._archiveMountDevice.str1.4
                0x00114181        0xc D:/devkitPro/libctru/lib\libctru.a(archive_dev.o)
 .rodata.archiveMountSdmc.str1.4
                0x00114181        0x5 D:/devkitPro/libctru/lib\libctru.a(archive_dev.o)
 *fill*         0x00114181        0x3 
 .rodata.error_table
                0x00114184       0x30 D:/devkitPro/libctru/lib\libctru.a(archive_dev.o)
 .rodata.str1.4
                0x001141b4        0x8 D:/devkitPro/libctru/lib\libctru.a(archive_dev.o)
 .rodata.archive_devoptab
                0x001141b4       0x80 D:/devkitPro/libctru/lib\libctru.a(archive_dev.o)
 .rodata.fsInit.str1.4
                0x00114234        0x8 D:/devkitPro/libctru/lib\libctru.a(fs.o)
 .rodata.__inv_pio4
                0x00114234       0x60 D:/devkitPro/devkitARM/bin/../lib/gcc/arm-none-eabi/15.1.0/../../../../arm-none-eabi/lib/armv6k/fpu\libm.a(libm_a-sincosf_data.o)
                0x00114234                __inv_pio4
 *fill*         0x00114294        0x4 
 .rodata.__sincosf_table
                0x00114298       0xe0 D:/devkitPro/devkitARM/bin/../lib/gcc/arm-none-eabi/15.1.0/../../../../arm-none-eabi/lib/armv6k/fpu\libm.a(libm_a-sincosf_data.o)
                0x00114298                __sincosf_table
 .rodata.npio2_hw
                0x00114378       0x80 D:/devkitPro/devkitARM/bin/../lib/gcc/arm-none-eabi/15.1.0/../../../../arm-none-eabi/lib/armv6k/fpu\libm.a(libm_a-ef_rem_pio2.o)
 .rodata.two_over_pi
                0x001143f8      0x318 D:/devkitPro/devkitARM/bin/../lib/gcc/arm-none-eabi/15.1.0/../../../../arm-none-eabi/lib/armv6k/fpu\libm.a(libm_a-ef_rem_pio2.o)
 .rodata.PIo2   0x00114710       0x2c D:/devkitPro/devkitARM/bin/../lib/gcc/arm-none-eabi/15.1.0/../../../../arm-none-eabi/lib/armv6k/fpu\libm.a(libm_a-kf_rem_pio2.o)
 .rodata.init_jk
                0x0011473c        0xc D:/devkitPro/devkitARM/bin/../lib/gcc/arm-none-eabi/15.1.0/../../../../arm-none-eabi/lib/armv6k/fpu\libm.a(libm_a-kf_rem_pio2.o)
 .rodata._ctype_
                0x00114748      0x101 D:/devkitPro/devkitARM/bin/../lib/gcc/arm-none-eabi/15.1.0/../../../../arm-none-eabi/lib/armv6k/fpu\libg.a(libc_a-ctype_.o)
                0x00114748                _ctype_
 .rodata.AddDevice.str1.4
                0x00114849        0x8 D:/devkitPro/devkitARM/bin/../lib/gcc/arm-none-eabi/15.1.0/../../../../arm-none-eabi/lib/armv6k/fpu\libsysbase.a(libsysbase_libsysbase_a-iosupport.o)
 *fill*         0x00114849        0x3 
 .rodata.dotab_stdnull
                0x0011484c       0x80 D:/devkitPro/devkitARM/bin/../lib/gcc/arm-none-eabi/15.1.0/../../../../arm-none-eabi/lib/armv6k/fpu\libsysbase.a(libsysbase_libsysbase_a-iosupport.o)
                0x0011484c                dotab_stdnull
 *all.rodata*(*)
 *(.gnu.linkonce.r*)
                0x001148cc                        . = ALIGN (0x4)
                0x001148cc                        __tdata_align = .
                0x001148cc        0x4 LONG 0x4 ALIGNOF (.tdata)
                0x001148d0                        . = ALIGN (0x4)

.eh_frame       0x001148d0        0x0
 .eh_frame      0x001148d0        0x0 D:/devkitPro/devkitARM/bin/../lib/gcc/arm-none-eabi/15.1.0/armv6k/fpu/crtbegin.o

.rel.dyn        0x001148d0        0x0
 .rel.iplt      0x001148d0        0x0 D:/devkitPro/devkitARM/bin/../lib/gcc/arm-none-eabi/15.1.0/../../../../arm-none-eabi/lib/armv6k/fpu/3dsx_crt0.o
 .rel.got       0x001148d0        0x0 D:/devkitPro/devkitARM/bin/../lib/gcc/arm-none-eabi/15.1.0/../../../../arm-none-eabi/lib/armv6k/fpu/3dsx_crt0.o

.ARM.extab
 *(.ARM.extab* .gnu.linkonce.armextab.*)
                0x001148d0                        __exidx_start = .

.ARM.exidx
 *(.ARM.exidx* .gnu.linkonce.armexidx.*)
                0x001148d0                        __exidx_end = .
                0x00115000                        . = ALIGN (0x1000)

.data           0x00115000      0xa10
 *(.data)
 *(.data.*)
 .data.framerateCounter
                0x00115000        0x8 D:/devkitPro/libctru/lib\libcitro3d.a(renderqueue.o)
 .data.framerate
                0x00115008        0x4 D:/devkitPro/libctru/lib\libcitro3d.a(renderqueue.o)
 .data.queueLock
                0x0011500c        0x4 D:/devkitPro/libctru/lib\libctru.a(gxqueue.o)
 .data.aptChainloadDeliverArgSize
                0x00115010        0x4 D:/devkitPro/libctru/lib\libctru.a(apt.o)
 .data.kCount   0x00115014        0x4 D:/devkitPro/libctru/lib\libctru.a(hid.o)
 .data.kInterval
                0x00115018        0x4 D:/devkitPro/libctru/lib\libctru.a(hid.o)
 .data.kDelay   0x0011501c        0x4 D:/devkitPro/libctru/lib\libctru.a(hid.o)
 .data.__stacksize__
                0x00115020        0x4 D:/devkitPro/libctru/lib\libctru.a(stack_adjust.o)
                0x00115020                __stacksize__
 .data.__malloc_sbrk_base
                0x00115024        0x4 D:/devkitPro/devkitARM/bin/../lib/gcc/arm-none-eabi/15.1.0/../../../../arm-none-eabi/lib/armv6k/fpu\libg.a(libc_a-mallocr.o)
                0x00115024                __malloc_sbrk_base
 .data.__malloc_trim_threshold
                0x00115028        0x4 D:/devkitPro/devkitARM/bin/../lib/gcc/arm-none-eabi/15.1.0/../../../../arm-none-eabi/lib/armv6k/fpu\libg.a(libc_a-mallocr.o)
                0x00115028                __malloc_trim_threshold
 *fill*         0x0011502c        0x4 
 .data.__malloc_av_
                0x00115030      0x408 D:/devkitPro/devkitARM/bin/../lib/gcc/arm-none-eabi/15.1.0/../../../../arm-none-eabi/lib/armv6k/fpu\libg.a(libc_a-mallocr.o)
                0x00115030                __malloc_av_
 .data._impure_ptr
                0x00115438        0x4 D:/devkitPro/devkitARM/bin/../lib/gcc/arm-none-eabi/15.1.0/../../../../arm-none-eabi/lib/armv6k/fpu\libg.a(libc_a-impure.o)
                0x00115438                _impure_ptr
 *fill*         0x0011543c        0x4 
 .data._impure_data
                0x00115440      0x140 D:/devkitPro/devkitARM/bin/../lib/gcc/arm-none-eabi/15.1.0/../../../../arm-none-eabi/lib/armv6k/fpu\libg.a(libc_a-impure.o)
                0x00115440                _impure_data
 .data._current_working_directory
                0x00115580      0x400 D:/devkitPro/devkitARM/bin/../lib/gcc/arm-none-eabi/15.1.0/../../../../arm-none-eabi/lib/armv6k/fpu\libsysbase.a(libsysbase_libsysbase_a-chdir.o)
 .data.devoptab_list
                0x00115980       0x8c D:/devkitPro/devkitARM/bin/../lib/gcc/arm-none-eabi/15.1.0/../../../../arm-none-eabi/lib/armv6k/fpu\libsysbase.a(libsysbase_libsysbase_a-iosupport.o)
                0x00115980                devoptab_list
 .data.defaultDevice
                0x00115a0c        0x4 D:/devkitPro/devkitARM/bin/../lib/gcc/arm-none-eabi/15.1.0/../../../../arm-none-eabi/lib/armv6k/fpu\libsysbase.a(libsysbase_libsysbase_a-iosupport.o)
 *(.gnu.linkonce.d*)
                0x00115a10                        . = ALIGN (0x4)

.igot.plt       0x00115a10        0x0
 .igot.plt      0x00115a10        0x0 D:/devkitPro/devkitARM/bin/../lib/gcc/arm-none-eabi/15.1.0/../../../../arm-none-eabi/lib/armv6k/fpu/3dsx_crt0.o

.got            0x00115a10        0x8
 .got           0x00115a10        0x8 D:/devkitPro/devkitARM/bin/../lib/gcc/arm-none-eabi/15.1.0/../../../../arm-none-eabi/lib/armv6k/fpu/3dsx_crt0.o

.got.plt        0x00115a18        0xc
 .got.plt       0x00115a18        0xc D:/devkitPro/devkitARM/bin/../lib/gcc/arm-none-eabi/15.1.0/../../../../arm-none-eabi/lib/armv6k/fpu/3dsx_crt0.o
                0x00115a18                _GLOBAL_OFFSET_TABLE_

.tdata          0x00115a24        0x0
                0x00115a24                        __tdata_lma = .
 *(.tdata)
 *(.tdata.*)
 *(.gnu.linkonce.td.*)
                0x00115a24                        . = ALIGN (0x4)
                0x00115a24                        __tdata_lma_end = .

.tbss           0x00115a24      0xc08
 *(.tbss)
 *(.tbss.*)
 .tbss.__ctru_dev_utf16_buf
                0x00115a24      0x802 D:/devkitPro/libctru/lib\libctru.a(path_buf.o)
                0x00115a24                __ctru_dev_utf16_buf
 *fill*         0x00116226        0x2 
 .tbss.__ctru_dev_path_buf
                0x00116228      0x401 D:/devkitPro/libctru/lib\libctru.a(path_buf.o)
                0x00116228                __ctru_dev_path_buf
 *(.gnu.linkonce.tb.*)
 *(.tcommon)
                0x0011662c                        . = ALIGN (0x4)
 *fill*         0x00116629        0x3 

.preinit_array  0x00115a24        0x0
                0x00115a24                        PROVIDE (__preinit_array_start = .)
 *(.preinit_array)
                0x00115a24                        PROVIDE (__preinit_array_end = .)

.init_array     0x00115a24        0x4
                0x00115a24                        PROVIDE (__init_array_start = .)
 *(SORT_BY_NAME(.init_array.*))
 *(.init_array)
 .init_array    0x00115a24        0x4 D:/devkitPro/devkitARM/bin/../lib/gcc/arm-none-eabi/15.1.0/armv6k/fpu/crtbegin.o
                0x00115a28                        PROVIDE (__init_array_end = .)

.fini_array     0x00115a28        0x4
                0x00115a28                        PROVIDE (__fini_array_start = .)
 *(.fini_array)
 .fini_array    0x00115a28        0x4 D:/devkitPro/devkitARM/bin/../lib/gcc/arm-none-eabi/15.1.0/armv6k/fpu/crtbegin.o
 *(SORT_BY_NAME(.fini_array.*))
                0x00115a2c                        PROVIDE (__fini_array_end = .)

.ctors
 *crtbegin.o(.ctors)
 *(EXCLUDE_FILE(*crtend.o) .ctors)
 *(SORT_BY_NAME(.ctors.*))
 *(.ctors)

.dtors
 *crtbegin.o(.dtors)
 *(EXCLUDE_FILE(*crtend.o) .dtors)
 *(SORT_BY_NAME(.dtors.*))
 *(.dtors)
                0x00115a2c                        __bss_start__ = .

.bss            0x00115a2c     0x3f0c
 *(.dynbss)
 *(.bss)
 .bss           0x00115a2c       0x94 main.o
 *(.bss.*)
 .bss.completed.1
                0x00115ac0        0x1 D:/devkitPro/devkitARM/bin/../lib/gcc/arm-none-eabi/15.1.0/armv6k/fpu/crtbegin.o
 *fill*         0x00115ac1        0x3 
 .bss.object.0  0x00115ac4       0x18 D:/devkitPro/devkitARM/bin/../lib/gcc/arm-none-eabi/15.1.0/armv6k/fpu/crtbegin.o
 .bss.hookCookie
                0x00115adc        0xc D:/devkitPro/libctru/lib\libcitro3d.a(base.o)
 .bss.__C3D_Context
                0x00115ae8      0x2d0 D:/devkitPro/libctru/lib\libcitro3d.a(base.o)
                0x00115ae8                __C3D_Context
 .bss.frameEndCbData
                0x00115db8        0x4 D:/devkitPro/libctru/lib\libcitro3d.a(renderqueue.o)
 .bss.frameEndCb
                0x00115dbc        0x4 D:/devkitPro/libctru/lib\libcitro3d.a(renderqueue.o)
 .bss.frameCounter
                0x00115dc0        0x8 D:/devkitPro/libctru/lib\libcitro3d.a(renderqueue.o)
 .bss.isTopStereo
                0x00115dc8        0x1 D:/devkitPro/libctru/lib\libcitro3d.a(renderqueue.o)
 .bss.needSwapBot
                0x00115dc9        0x1 D:/devkitPro/libctru/lib\libcitro3d.a(renderqueue.o)
 .bss.needSwapTop
                0x00115dca        0x1 D:/devkitPro/libctru/lib\libcitro3d.a(renderqueue.o)
 .bss.measureGpuTime
                0x00115dcb        0x1 D:/devkitPro/libctru/lib\libcitro3d.a(renderqueue.o)
 .bss.inSafeTransfer
                0x00115dcc        0x1 D:/devkitPro/libctru/lib\libcitro3d.a(renderqueue.o)
 .bss.inFrame   0x00115dcd        0x1 D:/devkitPro/libctru/lib\libcitro3d.a(renderqueue.o)
 *fill*         0x00115dce        0x2 
 .bss.cpuTime   0x00115dd0       0x10 D:/devkitPro/libctru/lib\libcitro3d.a(renderqueue.o)
 .bss.gpuTime   0x00115de0       0x10 D:/devkitPro/libctru/lib\libcitro3d.a(renderqueue.o)
 .bss.linkedTarget
                0x00115df0        0xc D:/devkitPro/libctru/lib\libcitro3d.a(renderqueue.o)
 .bss.lastTarget
                0x00115dfc        0x4 D:/devkitPro/libctru/lib\libcitro3d.a(renderqueue.o)
 .bss.firstTarget
                0x00115e00        0x4 D:/devkitPro/libctru/lib\libcitro3d.a(renderqueue.o)
 .bss.C3Di_IVUnifEverDirty
                0x00115e04        0x8 D:/devkitPro/libctru/lib\libcitro3d.a(uniforms.o)
 .bss.C3Di_FVUnifEverDirty
                0x00115e0c       0xc0 D:/devkitPro/libctru/lib\libcitro3d.a(uniforms.o)
 .bss.C3Di_ShaderFVecData
                0x00115ecc       0x18 D:/devkitPro/libctru/lib\libcitro3d.a(uniforms.o)
 .bss.C3D_BoolUnifsDirty
                0x00115ee4        0x2 D:/devkitPro/libctru/lib\libcitro3d.a(uniforms.o)
                0x00115ee4                C3D_BoolUnifsDirty
 *fill*         0x00115ee6        0x2 
 .bss.C3D_IVUnifDirty
                0x00115ee8        0x8 D:/devkitPro/libctru/lib\libcitro3d.a(uniforms.o)
                0x00115ee8                C3D_IVUnifDirty
 .bss.C3D_FVUnifDirty
                0x00115ef0       0xc0 D:/devkitPro/libctru/lib\libcitro3d.a(uniforms.o)
                0x00115ef0                C3D_FVUnifDirty
 .bss.C3D_BoolUnifs
                0x00115fb0        0x4 D:/devkitPro/libctru/lib\libcitro3d.a(uniforms.o)
                0x00115fb0                C3D_BoolUnifs
 .bss.C3D_IVUnif
                0x00115fb4       0x20 D:/devkitPro/libctru/lib\libcitro3d.a(uniforms.o)
                0x00115fb4                C3D_IVUnif
 .bss.C3D_FVUnif
                0x00115fd4      0xc00 D:/devkitPro/libctru/lib\libcitro3d.a(uniforms.o)
                0x00115fd4                C3D_FVUnif
 *fill*         0x00116bd4        0x4 
 .bss._ZL11sLinearPool
                0x00116bd8        0x8 D:/devkitPro/libctru/lib\libctru.a(linear.o)
 .bss._ZL8sAddrMap
                0x00116be0        0xc D:/devkitPro/libctru/lib\libctru.a(linear.o)
 *fill*         0x00116bec        0x4 
 .bss._ZL10sVramPoolB
                0x00116bf0        0x8 D:/devkitPro/libctru/lib\libctru.a(vram.o)
 .bss._ZL10sVramPoolA
                0x00116bf8        0x8 D:/devkitPro/libctru/lib\libctru.a(vram.o)
 .bss._ZL8sAddrMap
                0x00116c00        0xc D:/devkitPro/libctru/lib\libctru.a(vram.o)
 .bss.screenAlloc
                0x00116c0c        0x4 D:/devkitPro/libctru/lib\libctru.a(gfx.o)
 .bss.screenFree
                0x00116c10        0x4 D:/devkitPro/libctru/lib\libctru.a(gfx.o)
 .bss.gfxIsDoubleBuf
                0x00116c14        0x2 D:/devkitPro/libctru/lib\libctru.a(gfx.o)
 *fill*         0x00116c16        0x2 
 .bss.gfxCurBuf
                0x00116c18        0x2 D:/devkitPro/libctru/lib\libctru.a(gfx.o)
 .bss.gfxIsVram
                0x00116c1a        0x1 D:/devkitPro/libctru/lib\libctru.a(gfx.o)
 .bss.gfxTopMode
                0x00116c1b        0x1 D:/devkitPro/libctru/lib\libctru.a(gfx.o)
 .bss.gfxFramebufferFormats
                0x00116c1c        0x2 D:/devkitPro/libctru/lib\libctru.a(gfx.o)
 *fill*         0x00116c1e        0x2 
 .bss.gfxBottomFramebufferMaxSize
                0x00116c20        0x4 D:/devkitPro/libctru/lib\libctru.a(gfx.o)
 .bss.gfxTopFramebufferMaxSize
                0x00116c24        0x4 D:/devkitPro/libctru/lib\libctru.a(gfx.o)
 .bss.gfxBottomFramebuffers
                0x00116c28        0x8 D:/devkitPro/libctru/lib\libctru.a(gfx.o)
 .bss.gfxTopFramebuffers
                0x00116c30        0x8 D:/devkitPro/libctru/lib\libctru.a(gfx.o)
 .bss.__ctru_speedup
                0x00116c38        0x1 D:/devkitPro/libctru/lib\libctru.a(os.o)
                0x00116c38                __ctru_speedup
 *fill*         0x00116c39        0x3 
 .bss.gpuCmdBufOffset
                0x00116c3c        0x4 D:/devkitPro/libctru/lib\libctru.a(gpu.o)
                0x00116c3c                gpuCmdBufOffset
 .bss.gpuCmdBufSize
                0x00116c40        0x4 D:/devkitPro/libctru/lib\libctru.a(gpu.o)
                0x00116c40                gpuCmdBufSize
 .bss.gpuCmdBuf
                0x00116c44        0x4 D:/devkitPro/libctru/lib\libctru.a(gpu.o)
                0x00116c44                gpuCmdBuf
 .bss.boundQueue
                0x00116c48        0x4 D:/devkitPro/libctru/lib\libctru.a(gx.o)
 .bss.shouldStop
                0x00116c4c        0x1 D:/devkitPro/libctru/lib\libctru.a(gxqueue.o)
 .bss.isRunning
                0x00116c4d        0x1 D:/devkitPro/libctru/lib\libctru.a(gxqueue.o)
 .bss.isActive  0x00116c4e        0x1 D:/devkitPro/libctru/lib\libctru.a(gxqueue.o)
 *fill*         0x00116c4f        0x1 
 .bss.curQueue  0x00116c50        0x4 D:/devkitPro/libctru/lib\libctru.a(gxqueue.o)
 .bss.flagValue.0
                0x00116c54        0x1 D:/devkitPro/libctru/lib\libctru.a(apt.o)
 .bss.flagInit.1
                0x00116c55        0x1 D:/devkitPro/libctru/lib\libctru.a(apt.o)
 *fill*         0x00116c56        0x2 
 .bss.serviceName.6
                0x00116c58        0x4 D:/devkitPro/libctru/lib\libctru.a(apt.o)
 .bss.aptChainloadFlags
                0x00116c5c        0x1 D:/devkitPro/libctru/lib\libctru.a(apt.o)
 .bss.aptChainloadMediatype
                0x00116c5d        0x1 D:/devkitPro/libctru/lib\libctru.a(apt.o)
 *fill*         0x00116c5e        0x2 
 .bss.aptChainloadHmac
                0x00116c60       0x20 D:/devkitPro/libctru/lib\libctru.a(apt.o)
 .bss.aptChainloadDeliverArg
                0x00116c80      0x300 D:/devkitPro/libctru/lib\libctru.a(apt.o)
 .bss.aptChainloadTid
                0x00116f80        0x8 D:/devkitPro/libctru/lib\libctru.a(apt.o)
 .bss.aptParameters
                0x00116f88     0x1000 D:/devkitPro/libctru/lib\libctru.a(apt.o)
 .bss.aptFlags  0x00117f88        0x4 D:/devkitPro/libctru/lib\libctru.a(apt.o)
 .bss.aptHomeButtonState
                0x00117f8c        0x1 D:/devkitPro/libctru/lib\libctru.a(apt.o)
 *fill*         0x00117f8d        0x3 
 .bss.aptMessageFuncData
                0x00117f90        0x4 D:/devkitPro/libctru/lib\libctru.a(apt.o)
 .bss.aptMessageFunc
                0x00117f94        0x4 D:/devkitPro/libctru/lib\libctru.a(apt.o)
 .bss.aptFirstHook
                0x00117f98        0xc D:/devkitPro/libctru/lib\libctru.a(apt.o)
 .bss.aptEventHandlerThreadQuit
                0x00117fa4        0x1 D:/devkitPro/libctru/lib\libctru.a(apt.o)
 *fill*         0x00117fa5        0x3 
 .bss.aptEventHandlerThread
                0x00117fa8        0x4 D:/devkitPro/libctru/lib\libctru.a(apt.o)
 .bss.aptSleepEvent
                0x00117fac        0x8 D:/devkitPro/libctru/lib\libctru.a(apt.o)
 .bss.aptReceiveEvent
                0x00117fb4        0x8 D:/devkitPro/libctru/lib\libctru.a(apt.o)
 .bss.aptEvents
                0x00117fbc        0x8 D:/devkitPro/libctru/lib\libctru.a(apt.o)
 .bss.aptLockHandle
                0x00117fc4        0x4 D:/devkitPro/libctru/lib\libctru.a(apt.o)
 .bss.aptRefCount
                0x00117fc8        0x4 D:/devkitPro/libctru/lib\libctru.a(apt.o)
 .bss.gspEventCbOneShot
                0x00117fcc        0x7 D:/devkitPro/libctru/lib\libctru.a(gspgpu.o)
 *fill*         0x00117fd3        0x1 
 .bss.gspEventCbData
                0x00117fd4       0x1c D:/devkitPro/libctru/lib\libctru.a(gspgpu.o)
 .bss.gspEventCb
                0x00117ff0       0x1c D:/devkitPro/libctru/lib\libctru.a(gspgpu.o)
 .bss.gspEvents
                0x0011800c       0x38 D:/devkitPro/libctru/lib\libctru.a(gspgpu.o)
 .bss.gspLastEvent
                0x00118044        0x4 D:/devkitPro/libctru/lib\libctru.a(gspgpu.o)
 .bss.gspRunEvents
                0x00118048        0x1 D:/devkitPro/libctru/lib\libctru.a(gspgpu.o)
 *fill*         0x00118049        0x3 
 .bss.gspEventThread
                0x0011804c        0x4 D:/devkitPro/libctru/lib\libctru.a(gspgpu.o)
 .bss.gspEvent  0x00118050        0x4 D:/devkitPro/libctru/lib\libctru.a(gspgpu.o)
 .bss.gspGpuRight
                0x00118054        0x1 D:/devkitPro/libctru/lib\libctru.a(gspgpu.o)
 .bss.gspThreadId
                0x00118055        0x1 D:/devkitPro/libctru/lib\libctru.a(gspgpu.o)
 *fill*         0x00118056        0x2 
 .bss.gspSharedMem
                0x00118058        0x4 D:/devkitPro/libctru/lib\libctru.a(gspgpu.o)
 .bss.gspSharedMemHandle
                0x0011805c        0x4 D:/devkitPro/libctru/lib\libctru.a(gspgpu.o)
 .bss.gspRefCount
                0x00118060        0x4 D:/devkitPro/libctru/lib\libctru.a(gspgpu.o)
 .bss.gspGpuHandle
                0x00118064        0x4 D:/devkitPro/libctru/lib\libctru.a(gspgpu.o)
 .bss.usingIrrst
                0x00118068        0x1 D:/devkitPro/libctru/lib\libctru.a(hid.o)
 *fill*         0x00118069        0x3 
 .bss.hidRefCount
                0x0011806c        0x4 D:/devkitPro/libctru/lib\libctru.a(hid.o)
 .bss.gRate     0x00118070        0x6 D:/devkitPro/libctru/lib\libctru.a(hid.o)
 *fill*         0x00118076        0x2 
 .bss.aVec      0x00118078        0x6 D:/devkitPro/libctru/lib\libctru.a(hid.o)
 *fill*         0x0011807e        0x2 
 .bss.cPos      0x00118080        0x4 D:/devkitPro/libctru/lib\libctru.a(hid.o)
 .bss.tPos      0x00118084        0x4 D:/devkitPro/libctru/lib\libctru.a(hid.o)
 .bss.kRepeat   0x00118088        0x4 D:/devkitPro/libctru/lib\libctru.a(hid.o)
 .bss.kUp       0x0011808c        0x4 D:/devkitPro/libctru/lib\libctru.a(hid.o)
 .bss.kDown     0x00118090        0x4 D:/devkitPro/libctru/lib\libctru.a(hid.o)
 .bss.kHeld     0x00118094        0x4 D:/devkitPro/libctru/lib\libctru.a(hid.o)
 .bss.kOld      0x00118098        0x4 D:/devkitPro/libctru/lib\libctru.a(hid.o)
 .bss.hidSharedMem
                0x0011809c        0x4 D:/devkitPro/libctru/lib\libctru.a(hid.o)
                0x0011809c                hidSharedMem
 .bss.hidEvents
                0x001180a0       0x14 D:/devkitPro/libctru/lib\libctru.a(hid.o)
                0x001180a0                hidEvents
 .bss.hidMemHandle
                0x001180b4        0x4 D:/devkitPro/libctru/lib\libctru.a(hid.o)
                0x001180b4                hidMemHandle
 .bss.hidHandle
                0x001180b8        0x4 D:/devkitPro/libctru/lib\libctru.a(hid.o)
                0x001180b8                hidHandle
 .bss.irrstRefCount
                0x001180bc        0x4 D:/devkitPro/libctru/lib\libctru.a(irrst.o)
 .bss.csPos     0x001180c0        0x4 D:/devkitPro/libctru/lib\libctru.a(irrst.o)
 .bss.kHeld     0x001180c4        0x4 D:/devkitPro/libctru/lib\libctru.a(irrst.o)
 .bss.irrstSharedMem
                0x001180c8        0x4 D:/devkitPro/libctru/lib\libctru.a(irrst.o)
                0x001180c8                irrstSharedMem
 .bss.irrstEvent
                0x001180cc        0x4 D:/devkitPro/libctru/lib\libctru.a(irrst.o)
                0x001180cc                irrstEvent
 .bss.irrstMemHandle
                0x001180d0        0x4 D:/devkitPro/libctru/lib\libctru.a(irrst.o)
                0x001180d0                irrstMemHandle
 .bss.irrstHandle
                0x001180d4        0x4 D:/devkitPro/libctru/lib\libctru.a(irrst.o)
                0x001180d4                irrstHandle
 .bss.ptmSysmRefCount
                0x001180d8        0x4 D:/devkitPro/libctru/lib\libctru.a(ptmsysm.o)
 .bss.ptmSysmHandle
                0x001180dc        0x4 D:/devkitPro/libctru/lib\libctru.a(ptmsysm.o)
 .bss.__ctru_linear_heap_size
                0x001180e0        0x4 D:/devkitPro/libctru/lib\libctru.a(allocateHeaps.o)
                0x001180e0                __ctru_linear_heap_size