Archive member included to satisfy reference by file (symbol)

D:/devkitPro/libogc/lib/wii\libwiiuse.a(wpad.o)
                              gxsprites.o (WPAD_Init)
D:/devkitPro/libogc/lib/wii\libwiiuse.a(motion_plus.o)
                              D:/devkitPro/libogc/lib/wii\libwiiuse.a(wpad.o) (wiiuse_set_motion_plus)
D:/devkitPro/libogc/lib/wii\libwiiuse.a(dynamics.o)
                              D:/devkitPro/libogc/lib/wii\libwiiuse.a(wpad.o) (calculate_gforce)
D:/devkitPro/libogc/lib/wii\libwiiuse.a(io.o)
                              D:/devkitPro/libogc/lib/wii\libwiiuse.a(motion_plus.o) (wiiuse_disable_expansion)
D:/devkitPro/libogc/lib/wii\libwiiuse.a(io_wii.o)
                              D:/devkitPro/libogc/lib/wii\libwiiuse.a(wpad.o) (__wiiuse_sensorbar_enable)
D:/devkitPro/libogc/lib/wii\libwiiuse.a(ir.o)
                              D:/devkitPro/libogc/lib/wii\libwiiuse.a(motion_plus.o) (wiiuse_set_ir_mode)
D:/devkitPro/libogc/lib/wii\libwiiuse.a(nunchuk.o)
                              D:/devkitPro/libogc/lib/wii\libwiiuse.a(io.o) (nunchuk_handshake)
D:/devkitPro/libogc/lib/wii\libwiiuse.a(wiiboard.o)
                              D:/devkitPro/libogc/lib/wii\libwiiuse.a(io.o) (wii_board_handshake)
D:/devkitPro/libogc/lib/wii\libwiiuse.a(wiiuse.o)
                              D:/devkitPro/libogc/lib/wii\libwiiuse.a(wpad.o) (wiiuse_init)
D:/devkitPro/libogc/lib/wii\libwiiuse.a(speaker.o)
                              D:/devkitPro/libogc/lib/wii\libwiiuse.a(wpad.o) (wencdata)
D:/devkitPro/libogc/lib/wii\libwiiuse.a(classic.o)
                              D:/devkitPro/libogc/lib/wii\libwiiuse.a(io.o) (classic_ctrl_handshake)
D:/devkitPro/libogc/lib/wii\libwiiuse.a(events.o)
                              D:/devkitPro/libogc/lib/wii\libwiiuse.a(io_wii.o) (parse_event)
D:/devkitPro/libogc/lib/wii\libwiiuse.a(guitar_hero_3.o)
                              D:/devkitPro/libogc/lib/wii\libwiiuse.a(io.o) (guitar_hero_3_handshake)
D:/devkitPro/libogc/lib/wii\libbte.a(bte.o)
                              D:/devkitPro/libogc/lib/wii\libwiiuse.a(wpad.o) (BTE_Init)
D:/devkitPro/libogc/lib/wii\libbte.a(hci.o)
                              D:/devkitPro/libogc/lib/wii\libbte.a(bte.o) (hci_init)
D:/devkitPro/libogc/lib/wii\libbte.a(l2cap.o)
                              D:/devkitPro/libogc/lib/wii\libbte.a(bte.o) (l2cap_init)
D:/devkitPro/libogc/lib/wii\libbte.a(btmemb.o)
                              D:/devkitPro/libogc/lib/wii\libbte.a(bte.o) (btmemb_init)
D:/devkitPro/libogc/lib/wii\libbte.a(btmemr.o)
                              D:/devkitPro/libogc/lib/wii\libbte.a(hci.o) (btmemr_init)
D:/devkitPro/libogc/lib/wii\libbte.a(btpbuf.o)
                              D:/devkitPro/libogc/lib/wii\libbte.a(hci.o) (btpbuf_init)
D:/devkitPro/libogc/lib/wii\libbte.a(physbusif.o)
                              D:/devkitPro/libogc/lib/wii\libbte.a(bte.o) (physbusif_init)
D:/devkitPro/libogc/lib/wii\libogc.a(lwp_queue.o)
                              D:/devkitPro/libogc/lib/wii\libwiiuse.a(io_wii.o) (__lwp_queue_initialize)
D:/devkitPro/libogc/lib/wii\libogc.a(lwp_threads.o)
                              D:/devkitPro/libogc/lib/wii\libwiiuse.a(wpad.o) (_thread_dispatch_disable_level)
D:/devkitPro/libogc/lib/wii\libogc.a(lwp.o)
                              D:/devkitPro/libogc/lib/wii\libwiiuse.a(wpad.o) (LWP_CreateThread)
D:/devkitPro/libogc/lib/wii\libogc.a(lwp_handler.o)
                              D:/devkitPro/libogc/lib/wii\libogc.a(lwp_threads.o) (_cpu_context_save_fp)
D:/devkitPro/libogc/lib/wii\libogc.a(lwp_stack.o)
                              D:/devkitPro/libogc/lib/wii\libogc.a(lwp_threads.o) (__lwp_stack_allocate)
D:/devkitPro/libogc/lib/wii\libogc.a(lwp_watchdog.o)
                              D:/devkitPro/libogc/lib/wii\libogc.a(lwp_threads.o) (_wd_ticks_queue)
D:/devkitPro/libogc/lib/wii\libogc.a(lwp_wkspace.o)
                              D:/devkitPro/libogc/lib/wii\libwiiuse.a(motion_plus.o) (__wkspace_heap)
D:/devkitPro/libogc/lib/wii\libogc.a(lwp_objmgr.o)
                              D:/devkitPro/libogc/lib/wii\libogc.a(lwp.o) (__lwp_objmgr_initinfo)
D:/devkitPro/libogc/lib/wii\libogc.a(lwp_heap.o)
                              D:/devkitPro/libogc/lib/wii\libogc.a(lwp_wkspace.o) (__lwp_heap_init)
D:/devkitPro/libogc/lib/wii\libogc.a(sys_state.o)
                              D:/devkitPro/libogc/lib/wii\libogc.a(lwp_threads.o) (_sys_state_curr)
D:/devkitPro/libogc/lib/wii\libogc.a(irq.o)
                              D:/devkitPro/libogc/lib/wii\libwiiuse.a(io_wii.o) (IRQ_Disable)
D:/devkitPro/libogc/lib/wii\libogc.a(semaphore.o)
                              D:/devkitPro/libogc/lib/wii\libwiiuse.a(wpad.o) (LWP_SemInit)
D:/devkitPro/libogc/lib/wii\libogc.a(video.o)
                              gxsprites.o (VIDEO_Configure)
D:/devkitPro/libogc/lib/wii\libogc.a(system.o)
[...]
Memory Configuration

Name             Origin             Length             Attributes
*default*        0x00000000         0xffffffff

Linker script and memory map

                0x00003400                        . = 0x3400

.stub
 *(.stub)
                0x80004000                        . = 0x80004000

.init           0x80004000      0x194
 *crt0.o(*.init)
 .init          0x80004000      0x170 D:/devkitPro/libogc/lib/wii\libogc.a(ogc_crt0.o)
                0x80004000                _start
                0x80004140                _memset
 *(.init)
 .init          0x80004170        0xc D:/devkitPro/devkitPPC/bin/../lib/gcc/powerpc-eabi/15.1.0/ecrti.o
                0x80004170                __init
 .init          0x8000417c        0x4 D:/devkitPro/devkitPPC/bin/../lib/gcc/powerpc-eabi/15.1.0/crtbegin.o
 .init          0x80004180        0x4 D:/devkitPro/devkitPPC/bin/../lib/gcc/powerpc-eabi/15.1.0/crtend.o
 .init          0x80004184       0x10 D:/devkitPro/devkitPPC/bin/../lib/gcc/powerpc-eabi/15.1.0/ecrtn.o

.rela.dyn       0x80004194        0x0
 .rela.iplt     0x80004194        0x0 D:/devkitPro/devkitPPC/bin/../lib/gcc/powerpc-eabi/15.1.0/crtbegin.o

.plt
 *(.plt)

.interp
 *(.interp)

.hash
 *(.hash)

.dynsym
 *(.dynsym)

.dynstr
 *(.dynstr)

.gnu.version
 *(.gnu.version)

.gnu.version_d
 *(.gnu.version_d)

.gnu.version_r
 *(.gnu.version_r)

.rel.init
 *(.rel.init)

.rela.init
 *(.rela.init)

.rel.text
 *(.rel.text .rel.text.* .rel.gnu.linkonce.t.*)

.rela.text      0x80004194        0x0
 *(.rela.text .rela.text.* .rela.gnu.linkonce.t.*)
 .rela.text.__do_global_dtors_aux
                0x80004194        0x0 D:/devkitPro/devkitPPC/bin/../lib/gcc/powerpc-eabi/15.1.0/crtbegin.o
 .rela.text.frame_dummy
                0x80004194        0x0 D:/devkitPro/devkitPPC/bin/../lib/gcc/powerpc-eabi/15.1.0/crtbegin.o
 .rela.text.unlikely.abort
                0x80004194        0x0 D:/devkitPro/devkitPPC/bin/../lib/gcc/powerpc-eabi/15.1.0/crtbegin.o
 .rela.text.__assert_func
                0x80004194        0x0 D:/devkitPro/devkitPPC/bin/../lib/gcc/powerpc-eabi/15.1.0/crtbegin.o

.rel.fini
 *(.rel.fini)

.rela.fini
 *(.rela.fini)

.rel.rodata
 *(.rel.rodata .rel.rodata.* .rel.gnu.linkonce.r.*)

.rela.rodata
 *(.rela.rodata .rela.rodata.* .rela.gnu.linkonce.r.*)

.rel.data
 *(.rel.data .rel.data.* .rel.gnu.linkonce.d.*)

.rela.data
 *(.rela.data .rela.data.* .rela.gnu.linkonce.d.*)

.rel.tdata
 *(.rel.tdata .rel.tdata.* .rel.gnu.linkonce.td.*)

.rela.tdata
 *(.rela.tdata .rela.tdata.* .rela.gnu.linkonce.td.*)

.rel.tbss
 *(.rel.tbss .rel.tbss.* .rel.gnu.linkonce.tb.*)

.rela.tbss
 *(.rela.tbss .rela.tbss.* .rela.gnu.linkonce.tb.*)

.rel.ctors
 *(.rel.ctors)

.rela.ctors
 *(.rela.ctors)

.rel.dtors
 *(.rel.dtors)

.rela.dtors
 *(.rela.dtors)

.rel.got
 *(.rel.got)

.rela.got
 *(.rela.got)

.rela.got1
 *(.rela.got1)

.rela.got2
 *(.rela.got2)

.rel.sdata
 *(.rel.sdata .rel.sdata.* .rel.gnu.linkonce.s.*)

.rela.sdata
 *(.rela.sdata .rela.sdata.* .rela.gnu.linkonce.s.*)

.rel.sbss
 *(.rel.sbss .rel.sbss.* .rel.gnu.linkonce.sb.*)

.rela.sbss
 *(.rela.sbss .rela.sbss.* .rel.gnu.linkonce.sb.*)

.rel.sdata2
 *(.rel.sdata2 .rel.sdata2.* .rel.gnu.linkonce.s2.*)

.rela.sdata2
 *(.rela.sdata2 .rela.sdata2.* .rela.gnu.linkonce.s2.*)

.rel.sbss2
 *(.rel.sbss2 .rel.sbss2.* .rel.gnu.linkonce.sb2.*)

.rela.sbss2
 *(.rela.sbss2 .rela.sbss2.* .rela.gnu.linkonce.sb2.*)

.rel.bss
 *(.rel.bss .rel.bss.* .rel.gnu.linkonce.b.*)

.rela.bss
 *(.rela.bss .rela.bss.* .rela.gnu.linkonce.b.*)

.rel.plt
 *(.rel.plt)

.rela.plt
 *(.rela.plt)

.text           0x800041a0    0x48ac0
 *(.text)
 .text          0x800041a0      0x44c D:/devkitPro/libogc/lib/wii\libogc.a(lwp_handler.o)
                0x800041a0                _cpu_context_save_fp
                0x800042e0                _cpu_context_restore_fp
                0x80004420                _cpu_context_switch
                0x80004500                _cpu_context_save
                0x80004580                _cpu_context_restore
 .text          0x800045ec      0x46c D:/devkitPro/libogc/lib/wii\libogc.a(system_asm.o)
                0x800045ec                __realmode
                0x80004604                __configBATS
                0x80004734                __InitFPRS
                0x80004860                __InitPS
                0x800048bc                __InitCache
                0x80004914                __InitSystem
                0x8000499c                __reset
                0x80004a0c                __InitBATS
                0x80004a28                SYS_SwitchFiber
 .text          0x80004a58      0x8dc D:/devkitPro/libogc/lib/wii\libogc.a(gu_psasm.o)
                0x80004a58                ps_guMtxConcat
                0x80004b1c                ps_guMtxIdentity
                0x80004b48                ps_guMtxCopy
                0x80004b7c                ps_guMtxTranspose
                0x80004bcc                ps_guMtxInverse
                0x80004cc4                ps_guMtxInvXpose
                0x80004d8c                ps_guMtxScale
                0x80004db4                ps_guMtxScaleApply
                0x80004e0c                ps_guMtxApplyScale
                0x80004e70                ps_guMtxTrans
                0x80004ea4                ps_guMtxTransApply
                0x80004ef0                ps_guMtxApplyTrans
                0x80004f6c                ps_guMtxRotTrig
                0x8000501c                __ps_guMtxRotAxisRadInternal
                0x800050dc                ps_guMtxReflect
                0x8000514c                ps_guVecAdd
                0x80005170                ps_guVecSub
                0x80005194                ps_guVecScale
                0x800051b0                ps_guVecNormalize
                0x800051f4                ps_guVecCross
                0x80005230                ps_guVecDotProduct
                0x80005250                ps_guVecMultiply
                0x800052a4                ps_guVecMultiplySR
                0x80005314                ps_guQuatDotProduct
 .text          0x80005334      0x1ac D:/devkitPro/libogc/lib/wii\libogc.a(irq_handler.o)
                0x80005334                irq_exceptionhandler
 .text          0x800054e0      0x4f4 D:/devkitPro/libogc/lib/wii\libogc.a(cache_asm.o)
                0x800054e0                DCFlashInvalidate
                0x800054f4                DCEnable
                0x80005508                DCDisable
                0x8000551c                DCFreeze
                0x80005530                DCUnfreeze
                0x80005544                DCTouchLoad
                0x8000554c                DCBlockZero
                0x80005554                DCBlockStore
                0x8000555c                DCBlockFlush
                0x80005564                DCBlockInvalidate
                0x8000556c                DCInvalidateRange
                0x8000559c                DCFlushRange
                0x800055d0                DCStoreRange
                0x80005604                DCFlushRangeNoSync
                0x80005634                DCStoreRangeNoSync
                0x80005664                DCZeroRange
                0x80005694                DCTouchRange
                0x800056c4                ICInvalidateRange
                0x800056fc                ICFlashInvalidate
                0x80005710                ICEnable
                0x80005724                ICDisable
                0x80005738                ICFreeze
                0x8000574c                ICUnfreeze
                0x80005760                ICBlockInvalidate
                0x80005768                ICSync
                0x80005770                L2Init
                0x800057b8                L2Enable
                0x800057d4                L2Disable
                0x800057ec                L2GlobalInvalidate
                0x80005844                __LCEnable
                0x80005910                LCDisable
                0x80005938                LCAllocOneTag
                0x8000594c                LCAllocTags
                0x8000598c                LCLoadBlocks
                0x800059b0                LCStoreBlocks
 .text          0x800059d4      0x1ac D:/devkitPro/libogc/lib/wii\libogc.a(decrementer_handler.o)
                0x800059d4                dec_exceptionhandler
 .text          0x80005b80      0x35c D:/devkitPro/libogc/lib/wii\libogc.a(exception_handler.o)
                0x80005b80                exceptionhandler_start
                0x80005bfc                exceptionhandler_patch
                0x80005c30                exceptionhandler_end
                0x80005c34                default_exceptionhandler
                0x80005d64                fpu_exceptionhandler
                0x80005eac                systemcallhandler_start
                0x80005ed8                systemcallhandler_end
 .text          0x80005edc       0x48 D:/devkitPro/devkitPPC/bin/../lib/gcc/powerpc-eabi/15.1.0\libgcc.a(eabi.o)
                0x80005edc                __eabi
 .text          0x80005f24       0x58 D:/devkitPro/devkitPPC/bin/../lib/gcc/powerpc-eabi/15.1.0\libgcc.a(crtresxgpr.o)
                0x80005f24                _restgpr_14_x
                0x80005f28                _restgpr_15_x
                0x80005f2c                _restgpr_16_x
                0x80005f30                _restgpr_17_x
                0x80005f34                _restgpr_18_x
                0x80005f38                _restgpr_19_x
                0x80005f3c                _restgpr_20_x
                0x80005f40                _restgpr_21_x
                0x80005f44                _restgpr_22_x
                0x80005f48                _restgpr_23_x
                0x80005f4c                _restgpr_24_x
                0x80005f50                _restgpr_25_x
                0x80005f54                _restgpr_26_x
                0x80005f58                _restgpr_27_x
                0x80005f5c                _restgpr_28_x
                0x80005f60                _restgpr_29_x
                0x80005f64                _restgpr_30_x
                0x80005f68                _restgpr_31_x
 *(.text.*)
 .text.__do_global_dtors_aux
                0x80005f7c       0xcc D:/devkitPro/devkitPPC/bin/../lib/gcc/powerpc-eabi/15.1.0/crtbegin.o
 .text.frame_dummy
                0x80006048       0x24 D:/devkitPro/devkitPPC/bin/../lib/gcc/powerpc-eabi/15.1.0/crtbegin.o
 .text.__crtmain
                0x8000606c       0x40 D:/devkitPro/devkitPPC/bin/../lib/gcc/powerpc-eabi/15.1.0/../../../../powerpc-eabi/lib/crtmain.o
                0x80006070                __crtmain
 .text.drawSpriteTex
                0x800060ac      0x19c gxsprites.o
                0x800060ac                drawSpriteTex
 .text.startup.main
                0x80006248      0x5e0 gxsprites.o
                0x80006248                main
 .text.__wpad_setevtfilter_finished
                0x80006828       0x74 D:/devkitPro/libogc/lib/wii\libwiiuse.a(wpad.o)
 .text.__wpad_disconnectCB
                0x8000689c      0x1bc D:/devkitPro/libogc/lib/wii\libwiiuse.a(wpad.o)
                0x8000689c                __wpad_disconnectCB
 .text.__wpad_hostsyncbuttonCB
                0x80006a58       0x90 D:/devkitPro/libogc/lib/wii\libwiiuse.a(wpad.o)
 .text.__wpad_assign_slot
                0x80006ae8      0x188 D:/devkitPro/libogc/lib/wii\libwiiuse.a(wpad.o)
                0x80006ae8                __wpad_assign_slot
 .text.__wpad_register_new
                0x80006c70      0x46c D:/devkitPro/libogc/lib/wii\libwiiuse.a(wpad.o)
                0x80006c70                __wpad_register_new
 .text.__wpad_def_powcb
                0x800070dc        0x4 D:/devkitPro/libogc/lib/wii\libwiiuse.a(wpad.o)
 .text.__wpad_read_remote_name_finished
                0x800070e0      0x274 D:/devkitPro/libogc/lib/wii\libwiiuse.a(wpad.o)
                0x800070e0                __wpad_read_remote_name_finished
 .text.__wpad_inquiry_finished
                0x80007354      0x124 D:/devkitPro/libogc/lib/wii\libwiiuse.a(wpad.o)
                0x80007354                __wpad_inquiry_finished
 .text.__wpad_confsave_thread_func
                0x80007478       0x58 D:/devkitPro/libogc/lib/wii\libwiiuse.a(wpad.o)
 .text.__initcore_finished
                0x800074d0       0xa4 D:/devkitPro/libogc/lib/wii\libwiiuse.a(wpad.o)
 .text.__readlinkkey_finished
                0x80007574      0x138 D:/devkitPro/libogc/lib/wii\libwiiuse.a(wpad.o)
 .text.__wpad_patch_finished
                0x800076ac       0x90 D:/devkitPro/libogc/lib/wii\libwiiuse.a(wpad.o)
 .text.__wpad_init_finished
                0x8000773c       0x9c D:/devkitPro/libogc/lib/wii\libwiiuse.a(wpad.o)
 .text.__wpad_linkkeynotCB
                0x800077d8      0x320 D:/devkitPro/libogc/lib/wii\libwiiuse.a(wpad.o)
 .text.__wpad_linkkeyreqCB
                0x80007af8      0x16c D:/devkitPro/libogc/lib/wii\libwiiuse.a(wpad.o)
 .text.__wpad_connreqCB
                0x80007c64      0x370 D:/devkitPro/libogc/lib/wii\libwiiuse.a(wpad.o)
 .text.__wpad_setfmt
                0x80007fd4      0x14c D:/devkitPro/libogc/lib/wii\libwiiuse.a(wpad.o)
 .text.__wpad_eventCB
                0x80008120      0xbf4 D:/devkitPro/libogc/lib/wii\libwiiuse.a(wpad.o)
 .text.__wpad_timeouthandler
                0x80008d14       0xfc D:/devkitPro/libogc/lib/wii\libwiiuse.a(wpad.o)
 .text.WPAD_WipeSavedControllers
                0x80008e10      0x140 D:/devkitPro/libogc/lib/wii\libwiiuse.a(wpad.o)
                0x80008e10                WPAD_WipeSavedControllers
 .text.__wpad_def_hostsynccb
                0x80008f50       0x78 D:/devkitPro/libogc/lib/wii\libwiiuse.a(wpad.o)
 .text.WPAD_ReadEvent
                0x80008fc8      0x6a8 D:/devkitPro/libogc/lib/wii\libwiiuse.a(wpad.o)
                0x80008fc8                WPAD_ReadEvent
 .text.WPAD_ReadPending
                0x80009670      0x1b4 D:/devkitPro/libogc/lib/wii\libwiiuse.a(wpad.o)
                0x80009670                WPAD_ReadPending
 .text.WPAD_Shutdown
                0x80009824      0x134 D:/devkitPro/libogc/lib/wii\libwiiuse.a(wpad.o)
                0x80009824                WPAD_Shutdown
 .text.WPAD_Init
                0x80009958      0x360 D:/devkitPro/libogc/lib/wii\libwiiuse.a(wpad.o)
                0x80009958                WPAD_Init
 .text.__wpad_onreset
                0x80009cb8       0x34 D:/devkitPro/libogc/lib/wii\libwiiuse.a(wpad.o)
 .text.WPAD_ScanPads
                0x80009cec       0x7c D:/devkitPro/libogc/lib/wii\libwiiuse.a(wpad.o)
                0x80009cec                WPAD_ScanPads
 .text.WPAD_ButtonsDown
                0x80009d68       0x28 D:/devkitPro/libogc/lib/wii\libwiiuse.a(wpad.o)
                0x80009d68                WPAD_ButtonsDown
 .text.motion_plus_disconnected
                0x80009d90       0x10 D:/devkitPro/libogc/lib/wii\libwiiuse.a(motion_plus.o)
                0x80009d90                motion_plus_disconnected
 .text.motion_plus_event
                0x80009da0       0x64 D:/devkitPro/libogc/lib/wii\libwiiuse.a(motion_plus.o)
                0x80009da0                motion_plus_event
 .text.calculate_gforce
                0x80009e04      0x114 D:/devkitPro/libogc/lib/wii\libwiiuse.a(dynamics.o)
                0x80009e04                calculate_gforce
 .text.calc_joystick_state
                0x80009f18      0x208 D:/devkitPro/libogc/lib/wii\libwiiuse.a(dynamics.o)
                0x80009f18                calc_joystick_state
 .text.apply_smoothing
                0x8000a120      0x110 D:/devkitPro/libogc/lib/wii\libwiiuse.a(dynamics.o)
                0x8000a120                apply_smoothing
 .text.calculate_orientation
                0x8000a230      0x360 D:/devkitPro/libogc/lib/wii\libwiiuse.a(dynamics.o)
                0x8000a230                calculate_orientation
 .text.calc_balanceboard_state
                0x8000a590      0x3a4 D:/devkitPro/libogc/lib/wii\libwiiuse.a(dynamics.o)
                0x8000a590                calc_balanceboard_state
 .text.wiiuse_handshake
                0x8000a934      0x24c D:/devkitPro/libogc/lib/wii\libwiiuse.a(io.o)
                0x8000a934                wiiuse_handshake
 .text.wiiuse_handshake_expansion
                0x8000ab80      0x214 D:/devkitPro/libogc/lib/wii\libwiiuse.a(io.o)
                0x8000ab80                wiiuse_handshake_expansion
 .text.wiiuse_handshake_expansion_start
                0x8000ad94       0x5c D:/devkitPro/libogc/lib/wii\libwiiuse.a(io.o)
                0x8000ad94                wiiuse_handshake_expansion_start
 .text.wiiuse_disable_expansion
                0x8000adf0      0x1b0 D:/devkitPro/libogc/lib/wii\libwiiuse.a(io.o)
                0x8000adf0                wiiuse_disable_expansion
 .text.__wiiuse_accept_step2
                0x8000afa0       0x5c D:/devkitPro/libogc/lib/wii\libwiiuse.a(io_wii.o)
 .text.__wiiuse_connected
                0x8000affc       0xac D:/devkitPro/libogc/lib/wii\libwiiuse.a(io_wii.o)
 .text.__wiiuse_disconnected
                0x8000b0a8       0xc8 D:/devkitPro/libogc/lib/wii\libwiiuse.a(io_wii.o)
 .text.__wiiuse_receive
                0x8000b170       0xc4 D:/devkitPro/libogc/lib/wii\libwiiuse.a(io_wii.o)
 .text.__wiiuse_connect_step2
                0x8000b234       0x5c D:/devkitPro/libogc/lib/wii\libwiiuse.a(io_wii.o)
 .text.__wiiuse_sensorbar_enable
                0x8000b290       0x74 D:/devkitPro/libogc/lib/wii\libwiiuse.a(io_wii.o)
                0x8000b290                __wiiuse_sensorbar_enable
 .text.wiiuse_accept
                0x8000b304      0x15c D:/devkitPro/libogc/lib/wii\libwiiuse.a(io_wii.o)
                0x8000b304                wiiuse_accept
 .text.wiiuse_connect
                0x8000b460      0x15c D:/devkitPro/libogc/lib/wii\libwiiuse.a(io_wii.o)
                0x8000b460                wiiuse_connect
 .text.wiiuse_disconnect
                0x8000b5bc       0x50 D:/devkitPro/libogc/lib/wii\libwiiuse.a(io_wii.o)
                0x8000b5bc                wiiuse_disconnect
 .text.wiiuse_init_cmd_queue
                0x8000b60c       0xa4 D:/devkitPro/libogc/lib/wii\libwiiuse.a(io_wii.o)
                0x8000b60c                wiiuse_init_cmd_queue
 .text.wiiuse_io_write
                0x8000b6b0       0x1c D:/devkitPro/libogc/lib/wii\libwiiuse.a(io_wii.o)
                0x8000b6b0                wiiuse_io_write
 .text.rotate_dots
                0x8000b6cc      0x134 D:/devkitPro/libogc/lib/wii\libwiiuse.a(ir.o)
 .text.wiiuse_set_ir_mode
                0x8000b800       0x5c D:/devkitPro/libogc/lib/wii\libwiiuse.a(ir.o)
                0x8000b800                wiiuse_set_ir_mode
 .text.wiiuse_set_ir
                0x8000b85c      0x26c D:/devkitPro/libogc/lib/wii\libwiiuse.a(ir.o)
                0x8000b85c                wiiuse_set_ir
 .text.wiiuse_set_ir_position
                0x8000bac8       0x80 D:/devkitPro/libogc/lib/wii\libwiiuse.a(ir.o)
                0x8000bac8                wiiuse_set_ir_position
 .text.wiiuse_set_aspect_ratio
                0x8000bb48       0xac D:/devkitPro/libogc/lib/wii\libwiiuse.a(ir.o)
                0x8000bb48                wiiuse_set_aspect_ratio
 .text.wiiuse_set_ir_sensitivity
                0x8000bbf4      0x190 D:/devkitPro/libogc/lib/wii\libwiiuse.a(ir.o)
                0x8000bbf4                wiiuse_set_ir_sensitivity
 .text.calculate_basic_ir
                0x8000bd84       0xe8 D:/devkitPro/libogc/lib/wii\libwiiuse.a(ir.o)
                0x8000bd84                calculate_basic_ir
 .text.calculate_extended_ir
                0x8000be6c       0x64 D:/devkitPro/libogc/lib/wii\libwiiuse.a(ir.o)
                0x8000be6c                calculate_extended_ir
 .text.find_sensorbar
                0x8000bed0      0xb00 D:/devkitPro/libogc/lib/wii\libwiiuse.a(ir.o)
                0x8000bed0                find_sensorbar
 .text.apply_ir_smoothing
                0x8000c9d0      0x120 D:/devkitPro/libogc/lib/wii\libwiiuse.a(ir.o)
                0x8000c9d0                apply_ir_smoothing
 .text.interpret_ir_data
                0x8000caf0      0x3d0 D:/devkitPro/libogc/lib/wii\libwiiuse.a(ir.o)
                0x8000caf0                interpret_ir_data
 .text.nunchuk_handshake
                0x8000cec0      0x360 D:/devkitPro/libogc/lib/wii\libwiiuse.a(nunchuk.o)
                0x8000cec0                nunchuk_handshake
 .text.nunchuk_disconnected
                0x8000d220        0xc D:/devkitPro/libogc/lib/wii\libwiiuse.a(nunchuk.o)
                0x8000d220                nunchuk_disconnected
 .text.nunchuk_event
                0x8000d22c       0xe8 D:/devkitPro/libogc/lib/wii\libwiiuse.a(nunchuk.o)
                0x8000d22c                nunchuk_event
 .text.wii_board_handshake
                0x8000d314      0x28c D:/devkitPro/libogc/lib/wii\libwiiuse.a(wiiboard.o)
                0x8000d314                wii_board_handshake
 .text.wii_board_disconnected
                0x8000d5a0        0xc D:/devkitPro/libogc/lib/wii\libwiiuse.a(wiiboard.o)
                0x8000d5a0                wii_board_disconnected
 .text.wii_board_event
                0x8000d5ac       0x24 D:/devkitPro/libogc/lib/wii\libwiiuse.a(wiiboard.o)
                0x8000d5ac                wii_board_event
 .text.wiiuse_send_next_command
                0x8000d5d0       0x58 D:/devkitPro/libogc/lib/wii\libwiiuse.a(wiiuse.o)
                0x8000d5d0                wiiuse_send_next_command
 .text.wiiuse_init
                0x8000d628      0x1fc D:/devkitPro/libogc/lib/wii\libwiiuse.a(wiiuse.o)
                0x8000d628                wiiuse_init
 .text.wiiuse_set_flags
                0x8000d824       0x28 D:/devkitPro/libogc/lib/wii\libwiiuse.a(wiiuse.o)
                0x8000d824                wiiuse_set_flags
 .text.wiiuse_read_data
                0x8000d84c      0x12c D:/devkitPro/libogc/lib/wii\libwiiuse.a(wiiuse.o)
                0x8000d84c                wiiuse_read_data
 .text.wiiuse_write_data
                0x8000d978      0x160 D:/devkitPro/libogc/lib/wii\libwiiuse.a(wiiuse.o)
                0x8000d978                wiiuse_write_data
 .text.wiiuse_sendcmd
                0x8000dad8      0x14c D:/devkitPro/libogc/lib/wii\libwiiuse.a(wiiuse.o)
                0x8000dad8                wiiuse_sendcmd
 .text.wiiuse_set_leds
                0x8000dc24       0x50 D:/devkitPro/libogc/lib/wii\libwiiuse.a(wiiuse.o)
                0x8000dc24                wiiuse_set_leds
 .text.wiiuse_set_report_type
                0x8000dc74       0xb4 D:/devkitPro/libogc/lib/wii\libwiiuse.a(wiiuse.o)
                0x8000dc74                wiiuse_set_report_type
 .text.wiiuse_status
                0x8000dd28       0x4c D:/devkitPro/libogc/lib/wii\libwiiuse.a(wiiuse.o)
                0x8000dd28                wiiuse_status
 .text.wiiuse_motion_sensing
                0x8000dd74       0x84 D:/devkitPro/libogc/lib/wii\libwiiuse.a(wiiuse.o)
                0x8000dd74                wiiuse_motion_sensing
 .text.wiiuse_set_speaker
                0x8000ddf8      0x258 D:/devkitPro/libogc/lib/wii\libwiiuse.a(speaker.o)
                0x8000ddf8                wiiuse_set_speaker
 .text.classic_ctrl_pressed_buttons
                0x8000e050       0x4c D:/devkitPro/libogc/lib/wii\libwiiuse.a(classic.o)
 .text.classic_ctrl_handshake
                0x8000e09c      0x460 D:/devkitPro/libogc/lib/wii\libwiiuse.a(classic.o)
                0x8000e09c                classic_ctrl_handshake
 .text.classic_ctrl_disconnected
                0x8000e4fc        0xc D:/devkitPro/libogc/lib/wii\libwiiuse.a(classic.o)
                0x8000e4fc                classic_ctrl_disconnected
 .text.classic_ctrl_event
                0x8000e508      0x19c D:/devkitPro/libogc/lib/wii\libwiiuse.a(classic.o)
                0x8000e508                classic_ctrl_event
 .text.handle_expansion
                0x8000e6a4       0x54 D:/devkitPro/libogc/lib/wii\libwiiuse.a(events.o)
 .text.parse_event
                0x8000e6f8      0x704 D:/devkitPro/libogc/lib/wii\libwiiuse.a(events.o)
                0x8000e6f8                parse_event
 .text.guitar_hero_3_handshake
                0x8000edfc       0x5c D:/devkitPro/libogc/lib/wii\libwiiuse.a(guitar_hero_3.o)
                0x8000edfc                guitar_hero_3_handshake
 .text.guitar_hero_3_disconnected
                0x8000ee58        0xc D:/devkitPro/libogc/lib/wii\libwiiuse.a(guitar_hero_3.o)
                0x8000ee58                guitar_hero_3_disconnected
 .text.guitar_hero_3_event
                0x8000ee64       0x60 D:/devkitPro/libogc/lib/wii\libwiiuse.a(guitar_hero_3.o)
                0x8000ee64                guitar_hero_3_event
 .text.acl_wlp_completed
                0x8000eec4        0x8 D:/devkitPro/libogc/lib/wii\libbte.a(bte.o)
                0x8000eec4                acl_wlp_completed
 .text.bt_alarmhandler
                0x8000eecc       0x58 D:/devkitPro/libogc/lib/wii\libbte.a(bte.o)
 .text.__bte_send_pending_request
                0x8000ef24      0x108 D:/devkitPro/libogc/lib/wii\libbte.a(bte.o)
 .text.acl_conn_complete
                0x8000f02c       0x28 D:/devkitPro/libogc/lib/wii\libbte.a(bte.o)
                0x8000f02c                acl_conn_complete
 .text.acl_auth_complete
                0x8000f054       0x2c D:/devkitPro/libogc/lib/wii\libbte.a(bte.o)
                0x8000f054                acl_auth_complete
 .text.pin_req  0x8000f080       0x8c D:/devkitPro/libogc/lib/wii\libbte.a(bte.o)
                0x8000f080                pin_req
 .text.l2cap_connected
                0x8000f10c       0xf0 D:/devkitPro/libogc/lib/wii\libbte.a(bte.o)
                0x8000f10c                l2cap_connected
 .text.l2cap_accepted
                0x8000f1fc       0xe8 D:/devkitPro/libogc/lib/wii\libbte.a(bte.o)
                0x8000f1fc                l2cap_accepted
 .text.bte_inquiry_complete
                0x8000f2e4      0x240 D:/devkitPro/libogc/lib/wii\libbte.a(bte.o)
                0x8000f2e4                bte_inquiry_complete
 .text.l2cap_disconnect_cfm
                0x8000f524      0x180 D:/devkitPro/libogc/lib/wii\libbte.a(bte.o)
                0x8000f524                l2cap_disconnect_cfm
 .text.bte_process_input
                0x8000f6a4      0x120 D:/devkitPro/libogc/lib/wii\libbte.a(bte.o)
 .text.l2cap_disconnected_ind
                0x8000f7c4      0x18c D:/devkitPro/libogc/lib/wii\libbte.a(bte.o)
                0x8000f7c4                l2cap_disconnected_ind
 .text.__bte_shutdown_finished
                0x8000f950       0xe8 D:/devkitPro/libogc/lib/wii\libbte.a(bte.o)
 .text.bte_hci_apply_patch_complete
                0x8000fa38      0x170 D:/devkitPro/libogc/lib/wii\libbte.a(bte.o)
                0x8000fa38                bte_hci_apply_patch_complete
 .text.bte_hci_patch_complete
                0x8000fba8      0x37c D:/devkitPro/libogc/lib/wii\libbte.a(bte.o)
                0x8000fba8                bte_hci_patch_complete
 .text.bte_read_remote_name_complete
                0x8000ff24      0x190 D:/devkitPro/libogc/lib/wii\libbte.a(bte.o)
                0x8000ff24                bte_read_remote_name_complete
 .text.bte_hci_initcore_complete
                0x800100b4      0x260 D:/devkitPro/libogc/lib/wii\libbte.a(bte.o)
                0x800100b4                bte_hci_initcore_complete
 .text.bte_read_stored_link_key_complete
                0x80010314      0x288 D:/devkitPro/libogc/lib/wii\libbte.a(bte.o)
                0x80010314                bte_read_stored_link_key_complete
 .text.bte_set_evt_filter_complete
                0x8001059c      0x1dc D:/devkitPro/libogc/lib/wii\libbte.a(bte.o)
                0x8001059c                bte_set_evt_filter_complete
 .text.bte_hci_initcore_complete2
                0x80010778      0x230 D:/devkitPro/libogc/lib/wii\libbte.a(bte.o)
 .text.bte_hci_initsub_complete
                0x800109a8      0x280 D:/devkitPro/libogc/lib/wii\libbte.a(bte.o)
                0x800109a8                bte_hci_initsub_complete
 .text.BTE_Init
                0x80010c28      0x154 D:/devkitPro/libogc/lib/wii\libbte.a(bte.o)
                0x80010c28                BTE_Init
 .text.BTE_Close
                0x80010d7c       0x64 D:/devkitPro/libogc/lib/wii\libbte.a(bte.o)
                0x80010d7c                BTE_Close
 .text.BTE_Shutdown
                0x80010de0      0x10c D:/devkitPro/libogc/lib/wii\libbte.a(bte.o)
                0x80010de0                BTE_Shutdown
 .text.BTE_InitCore
                0x80010eec       0x8c D:/devkitPro/libogc/lib/wii\libbte.a(bte.o)
                0x80010eec                BTE_InitCore
 .text.BTE_ApplyPatch
                0x80010f78       0xa4 D:/devkitPro/libogc/lib/wii\libbte.a(bte.o)
                0x80010f78                BTE_ApplyPatch
 .text.BTE_InitSub
                0x8001101c       0x90 D:/devkitPro/libogc/lib/wii\libbte.a(bte.o)
                0x8001101c                BTE_InitSub
 .text.BTE_ReadStoredLinkKey
                0x800110ac       0x90 D:/devkitPro/libogc/lib/wii\libbte.a(bte.o)
                0x800110ac                BTE_ReadStoredLinkKey
 .text.BTE_SetEvtFilter
                0x8001113c       0xb8 D:/devkitPro/libogc/lib/wii\libbte.a(bte.o)
                0x8001113c                BTE_SetEvtFilter
 .text.BTE_ReadRemoteName
                0x800111f4       0x8c D:/devkitPro/libogc/lib/wii\libbte.a(bte.o)
                0x800111f4                BTE_ReadRemoteName
 .text.BTE_LinkKeyRequestReply
                0x80011280       0x9c D:/devkitPro/libogc/lib/wii\libbte.a(bte.o)
                0x80011280                BTE_LinkKeyRequestReply
 .text.BTE_LinkKeyRequestNegativeReply
                0x8001131c       0x8c D:/devkitPro/libogc/lib/wii\libbte.a(bte.o)
                0x8001131c                BTE_LinkKeyRequestNegativeReply
 .text.BTE_GetPairMode
                0x800113a8        0xc D:/devkitPro/libogc/lib/wii\libbte.a(bte.o)
                0x800113a8                BTE_GetPairMode
 .text.BTE_SetDisconnectCallback
                0x800113b4        0x4 D:/devkitPro/libogc/lib/wii\libbte.a(bte.o)
                0x800113b4                BTE_SetDisconnectCallback
 .text.BTE_SetHostSyncButtonCallback
                0x800113b8       0x60 D:/devkitPro/libogc/lib/wii\libbte.a(bte.o)
                0x800113b8                BTE_SetHostSyncButtonCallback
 .text.BTE_SetConnectionRequestCallback
                0x80011418       0x60 D:/devkitPro/libogc/lib/wii\libbte.a(bte.o)
                0x80011418                BTE_SetConnectionRequestCallback
 .text.BTE_SetLinkKeyRequestCallback
                0x80011478       0x60 D:/devkitPro/libogc/lib/wii\libbte.a(bte.o)
                0x80011478                BTE_SetLinkKeyRequestCallback
 .text.BTE_SetLinkKeyNotificationCallback
                0x800114d8       0x60 D:/devkitPro/libogc/lib/wii\libbte.a(bte.o)
                0x800114d8                BTE_SetLinkKeyNotificationCallback
 .text.BTE_WriteStoredLinkKey
                0x80011538       0x9c D:/devkitPro/libogc/lib/wii\libbte.a(bte.o)
                0x80011538                BTE_WriteStoredLinkKey
 .text.BTE_ClearStoredLinkKeys
                0x800115d4       0x80 D:/devkitPro/libogc/lib/wii\libbte.a(bte.o)
                0x800115d4                BTE_ClearStoredLinkKeys
 .text.bte_new  0x80011654       0x54 D:/devkitPro/libogc/lib/wii\libbte.a(bte.o)
                0x80011654                bte_new
 .text.bte_free
                0x800116a8       0x38 D:/devkitPro/libogc/lib/wii\libbte.a(bte.o)
                0x800116a8                bte_free
 .text.BTE_Inquiry
                0x800116e0       0xd0 D:/devkitPro/libogc/lib/wii\libbte.a(bte.o)
                0x800116e0                BTE_Inquiry
 .text.bte_disconnect
                0x800117b0       0xcc D:/devkitPro/libogc/lib/wii\libbte.a(bte.o)
                0x800117b0                bte_disconnect
 .text.bte_connectasync
                0x8001187c      0x128 D:/devkitPro/libogc/lib/wii\libbte.a(bte.o)
                0x8001187c                bte_connectasync
 .text.bte_connectasync_step2
                0x800119a4       0xe0 D:/devkitPro/libogc/lib/wii\libbte.a(bte.o)
                0x800119a4                bte_connectasync_step2
 .text.bte_listenasync
                0x80011a84      0x114 D:/devkitPro/libogc/lib/wii\libbte.a(bte.o)
                0x80011a84                bte_listenasync
 .text.bte_listenasync_step2
                0x80011b98       0xdc D:/devkitPro/libogc/lib/wii\libbte.a(bte.o)
                0x80011b98                bte_listenasync_step2
 .text.bte_senddata
                0x80011c74      0x104 D:/devkitPro/libogc/lib/wii\libbte.a(bte.o)
                0x80011c74                bte_senddata
 .text.bte_arg  0x80011d78       0x38 D:/devkitPro/libogc/lib/wii\libbte.a(bte.o)
                0x80011d78                bte_arg
 .text.bte_received
                0x80011db0       0x38 D:/devkitPro/libogc/lib/wii\libbte.a(bte.o)
                0x80011db0                bte_received
 .text.bte_disconnected
                0x80011de8       0x38 D:/devkitPro/libogc/lib/wii\libbte.a(bte.o)
                0x80011de8                bte_disconnected
 .text.hci_get_link
                0x80011e20       0x84 D:/devkitPro/libogc/lib/wii\libbte.a(hci.o)
 .text.hci_init
                0x80011ea4       0x7c D:/devkitPro/libogc/lib/wii\libbte.a(hci.o)
                0x80011ea4                hci_init
 .text.hci_close
                0x80011f20      0x134 D:/devkitPro/libogc/lib/wii\libbte.a(hci.o)
                0x80011f20                hci_close
 .text.hci_reset_all
                0x80012054       0xa8 D:/devkitPro/libogc/lib/wii\libbte.a(hci.o)
                0x80012054                hci_reset_all
 .text.hci_arg  0x800120fc        0xc D:/devkitPro/libogc/lib/wii\libbte.a(hci.o)
                0x800120fc                hci_arg
 .text.hci_cmd_complete
                0x80012108        0xc D:/devkitPro/libogc/lib/wii\libbte.a(hci.o)
                0x80012108                hci_cmd_complete
 .text.hci_pin_req
                0x80012114        0xc D:/devkitPro/libogc/lib/wii\libbte.a(hci.o)
                0x80012114                hci_pin_req
 .text.hci_sync_btn
                0x80012120        0xc D:/devkitPro/libogc/lib/wii\libbte.a(hci.o)
                0x80012120                hci_sync_btn
 .text.hci_remote_name_req_complete
                0x8001212c        0xc D:/devkitPro/libogc/lib/wii\libbte.a(hci.o)
                0x8001212c                hci_remote_name_req_complete
 .text.hci_link_key_req
                0x80012138        0xc D:/devkitPro/libogc/lib/wii\libbte.a(hci.o)
                0x80012138                hci_link_key_req
 .text.hci_link_key_not
                0x80012144        0xc D:/devkitPro/libogc/lib/wii\libbte.a(hci.o)
                0x80012144                hci_link_key_not
 .text.hci_connection_complete
                0x80012150        0xc D:/devkitPro/libogc/lib/wii\libbte.a(hci.o)
                0x80012150                hci_connection_complete
 .text.hci_auth_complete
                0x8001215c        0xc D:/devkitPro/libogc/lib/wii\libbte.a(hci.o)
                0x8001215c                hci_auth_complete
 .text.hci_wlp_complete
                0x80012168        0xc D:/devkitPro/libogc/lib/wii\libbte.a(hci.o)
                0x80012168                hci_wlp_complete
 .text.hci_conn_req
                0x80012174        0xc D:/devkitPro/libogc/lib/wii\libbte.a(hci.o)
                0x80012174                hci_conn_req
 .text.hci_reset
                0x80012180       0xa8 D:/devkitPro/libogc/lib/wii\libbte.a(hci.o)
                0x80012180                hci_reset
 .text.hci_read_buffer_size
                0x80012228       0xa8 D:/devkitPro/libogc/lib/wii\libbte.a(hci.o)
                0x80012228                hci_read_buffer_size
 .text.hci_read_bd_addr
                0x800122d0       0xa8 D:/devkitPro/libogc/lib/wii\libbte.a(hci.o)
                0x800122d0                hci_read_bd_addr
 .text.hci_read_local_version
                0x80012378       0xa4 D:/devkitPro/libogc/lib/wii\libbte.a(hci.o)
                0x80012378                hci_read_local_version
 .text.hci_read_local_features
                0x8001241c       0xa8 D:/devkitPro/libogc/lib/wii\libbte.a(hci.o)
                0x8001241c                hci_read_local_features
 .text.hci_read_stored_link_key
                0x800124c4      0x10c D:/devkitPro/libogc/lib/wii\libbte.a(hci.o)
                0x800124c4                hci_read_stored_link_key
 .text.hci_set_event_filter
                0x800125d0      0x180 D:/devkitPro/libogc/lib/wii\libbte.a(hci.o)
                0x800125d0                hci_set_event_filter
 .text.hci_write_page_timeout
                0x80012750       0xd4 D:/devkitPro/libogc/lib/wii\libbte.a(hci.o)
                0x80012750                hci_write_page_timeout
 .text.hci_write_scan_enable
                0x80012824       0xc0 D:/devkitPro/libogc/lib/wii\libbte.a(hci.o)
                0x80012824                hci_write_scan_enable
 .text.hci_inquiry
                0x800128e4      0x144 D:/devkitPro/libogc/lib/wii\libbte.a(hci.o)
                0x800128e4                hci_inquiry
 .text.hci_accept_conn_request
                0x80012a28       0xf0 D:/devkitPro/libogc/lib/wii\libbte.a(hci.o)
                0x80012a28                hci_accept_conn_request
 .text.hci_write_local_name
                0x80012b18       0xec D:/devkitPro/libogc/lib/wii\libbte.a(hci.o)
                0x80012b18                hci_write_local_name
 .text.hci_write_pin_type
                0x80012c04       0xc0 D:/devkitPro/libogc/lib/wii\libbte.a(hci.o)
                0x80012c04                hci_write_pin_type
 .text.hci_read_remote_name
                0x80012cc4      0x1b4 D:/devkitPro/libogc/lib/wii\libbte.a(hci.o)
                0x80012cc4                hci_read_remote_name
 .text.hci_write_inquiry_mode
                0x80012e78       0xc0 D:/devkitPro/libogc/lib/wii\libbte.a(hci.o)
                0x80012e78                hci_write_inquiry_mode
 .text.hci_write_page_scan_type
                0x80012f38       0xc0 D:/devkitPro/libogc/lib/wii\libbte.a(hci.o)
                0x80012f38                hci_write_page_scan_type
 .text.hci_write_inquiry_scan_type
                0x80012ff8       0xc0 D:/devkitPro/libogc/lib/wii\libbte.a(hci.o)
                0x80012ff8                hci_write_inquiry_scan_type
 .text.hci_vendor_specific_command
                0x800130b8      0x104 D:/devkitPro/libogc/lib/wii\libbte.a(hci.o)
                0x800130b8                hci_vendor_specific_command
 .text.hci_auth_req
                0x800131bc       0xe8 D:/devkitPro/libogc/lib/wii\libbte.a(hci.o)
                0x800131bc                hci_auth_req
 .text.hci_write_link_policy_settings
                0x800132a4      0x104 D:/devkitPro/libogc/lib/wii\libbte.a(hci.o)
                0x800132a4                hci_write_link_policy_settings
 .text.hci_pin_code_request_reply
                0x800133a8      0x150 D:/devkitPro/libogc/lib/wii\libbte.a(hci.o)
                0x800133a8                hci_pin_code_request_reply
 .text.hci_link_key_req_reply
                0x800134f8      0x114 D:/devkitPro/libogc/lib/wii\libbte.a(hci.o)
                0x800134f8                hci_link_key_req_reply
 .text.hci_pin_code_request_neg_reply
                0x8001360c       0xd4 D:/devkitPro/libogc/lib/wii\libbte.a(hci.o)
                0x8001360c                hci_pin_code_request_neg_reply
 .text.hci_link_key_req_neg_reply
                0x800136e0       0xd4 D:/devkitPro/libogc/lib/wii\libbte.a(hci.o)
                0x800136e0                hci_link_key_req_neg_reply
 .text.hci_disconnect
                0x800137b4      0x104 D:/devkitPro/libogc/lib/wii\libbte.a(hci.o)
                0x800137b4                hci_disconnect
 .text.hci_reject_connection_request
                0x800138b8       0xf0 D:/devkitPro/libogc/lib/wii\libbte.a(hci.o)
                0x800138b8                hci_reject_connection_request
 .text.hci_write_stored_link_key
                0x800139a8      0x128 D:/devkitPro/libogc/lib/wii\libbte.a(hci.o)
                0x800139a8                hci_write_stored_link_key
 .text.hci_delete_stored_link_key
                0x80013ad0      0x10c D:/devkitPro/libogc/lib/wii\libbte.a(hci.o)
                0x80013ad0                hci_delete_stored_link_key
 .text.hci_write_cod
                0x80013bdc       0xd8 D:/devkitPro/libogc/lib/wii\libbte.a(hci.o)
                0x80013bdc                hci_write_cod
 .text.hci_host_buffer_size
                0x80013cb4      0x11c D:/devkitPro/libogc/lib/wii\libbte.a(hci.o)
                0x80013cb4                hci_host_buffer_size
 .text.hci_host_num_comp_packets
                0x80013dd0      0x110 D:/devkitPro/libogc/lib/wii\libbte.a(hci.o)
                0x80013dd0                hci_host_num_comp_packets
 .text.lp_pdu_maxsize
                0x80013ee0        0xc D:/devkitPro/libogc/lib/wii\libbte.a(hci.o)
                0x80013ee0                lp_pdu_maxsize
 .text.hci_get_bd_addr
                0x80013eec       0x50 D:/devkitPro/libogc/lib/wii\libbte.a(hci.o)
                0x80013eec                hci_get_bd_addr
 .text.lp_is_connected
                0x80013f3c       0x28 D:/devkitPro/libogc/lib/wii\libbte.a(hci.o)
                0x80013f3c                lp_is_connected
 .text.lp_acl_write
                0x80013f64      0x154 D:/devkitPro/libogc/lib/wii\libbte.a(hci.o)
                0x80013f64                lp_acl_write
 .text.lp_write_flush_timeout
                0x800140b8      0x104 D:/devkitPro/libogc/lib/wii\libbte.a(hci.o)
                0x800140b8                lp_write_flush_timeout
 .text.lp_connect_req
                0x800141bc      0x294 D:/devkitPro/libogc/lib/wii\libbte.a(hci.o)
                0x800141bc                lp_connect_req
 .text.hci_event_handler
                0x80014450      0xf00 D:/devkitPro/libogc/lib/wii\libbte.a(hci.o)
                0x80014450                hci_event_handler
 .text.hci_acldata_handler
                0x80015350      0x110 D:/devkitPro/libogc/lib/wii\libbte.a(hci.o)
                0x80015350                hci_acldata_handler
 .text.l2cap_init
                0x80015460       0x60 D:/devkitPro/libogc/lib/wii\libbte.a(l2cap.o)
                0x80015460                l2cap_init
 .text.l2cap_write
                0x800154c0      0x1a0 D:/devkitPro/libogc/lib/wii\libbte.a(l2cap.o)
                0x800154c0                l2cap_write
 .text.l2cap_new
                0x80015660       0x60 D:/devkitPro/libogc/lib/wii\libbte.a(l2cap.o)
                0x80015660                l2cap_new
 .text.l2cap_close
                0x800156c0      0x1c0 D:/devkitPro/libogc/lib/wii\libbte.a(l2cap.o)
                0x800156c0                l2cap_close
 .text.l2cap_reset_all
                0x80015880      0x148 D:/devkitPro/libogc/lib/wii\libbte.a(l2cap.o)
                0x80015880                l2cap_reset_all
 .text.l2cap_signal
                0x800159c8      0x204 D:/devkitPro/libogc/lib/wii\libbte.a(l2cap.o)
                0x800159c8                l2cap_signal
 .text.l2ca_connect_req
                0x80015bcc      0x1e0 D:/devkitPro/libogc/lib/wii\libbte.a(l2cap.o)
                0x80015bcc                l2ca_connect_req
 .text.l2ca_config_req
                0x80015dac      0x13c D:/devkitPro/libogc/lib/wii\libbte.a(l2cap.o)
                0x80015dac                l2ca_config_req
 .text.l2ca_disconnect_req
                0x80015ee8       0xcc D:/devkitPro/libogc/lib/wii\libbte.a(l2cap.o)
                0x80015ee8                l2ca_disconnect_req
 .text.l2cap_tmr
                0x80015fb4      0x260 D:/devkitPro/libogc/lib/wii\libbte.a(l2cap.o)
                0x80015fb4                l2cap_tmr
 .text.l2cap_process_sig
                0x80016214     0x1320 D:/devkitPro/libogc/lib/wii\libbte.a(l2cap.o)
                0x80016214                l2cap_process_sig
 .text.l2cap_input
                0x80017534      0x5b8 D:/devkitPro/libogc/lib/wii\libbte.a(l2cap.o)
                0x80017534                l2cap_input
 .text.l2ca_datawrite
                0x80017aec      0x128 D:/devkitPro/libogc/lib/wii\libbte.a(l2cap.o)
                0x80017aec                l2ca_datawrite
 .text.lp_connect_cfm
                0x80017c14      0x17c D:/devkitPro/libogc/lib/wii\libbte.a(l2cap.o)
                0x80017c14                lp_connect_cfm
 .text.lp_connect_ind
                0x80017d90        0x4 D:/devkitPro/libogc/lib/wii\libbte.a(l2cap.o)
                0x80017d90                lp_connect_ind
 .text.lp_disconnect_ind
                0x80017d94      0x1b0 D:/devkitPro/libogc/lib/wii\libbte.a(l2cap.o)
                0x80017d94                lp_disconnect_ind
 .text.l2cap_disconnect_bb
                0x80017f44       0x10 D:/devkitPro/libogc/lib/wii\libbte.a(l2cap.o)
                0x80017f44                l2cap_disconnect_bb
 .text.l2cap_arg
                0x80017f54        0x8 D:/devkitPro/libogc/lib/wii\libbte.a(l2cap.o)
                0x80017f54                l2cap_arg
 .text.l2cap_connect_ind
                0x80017f5c      0x100 D:/devkitPro/libogc/lib/wii\libbte.a(l2cap.o)
                0x80017f5c                l2cap_connect_ind
 .text.l2cap_disconnect_ind
                0x8001805c        0x8 D:/devkitPro/libogc/lib/wii\libbte.a(l2cap.o)
                0x8001805c                l2cap_disconnect_ind
 .text.l2cap_recv
                0x80018064        0x8 D:/devkitPro/libogc/lib/wii\libbte.a(l2cap.o)
                0x80018064                l2cap_recv
 .text.btmemb_init
                0x8001806c       0x24 D:/devkitPro/libogc/lib/wii\libbte.a(btmemb.o)
                0x8001806c                btmemb_init
 .text.btmemb_alloc
                0x80018090       0x98 D:/devkitPro/libogc/lib/wii\libbte.a(btmemb.o)
                0x80018090                btmemb_alloc
 .text.btmemb_free
                0x80018128       0xe0 D:/devkitPro/libogc/lib/wii\libbte.a(btmemb.o)
                0x80018128                btmemb_free
 .text.plug_holes
                0x80018208       0xac D:/devkitPro/libogc/lib/wii\libbte.a(btmemr.o)
 .text.btmemr_init
                0x800182b4       0xa4 D:/devkitPro/libogc/lib/wii\libbte.a(btmemr.o)
                0x800182b4                btmemr_init
 .text.btmemr_malloc
                0x80018358      0x180 D:/devkitPro/libogc/lib/wii\libbte.a(btmemr.o)
                0x80018358                btmemr_malloc
 .text.btmemr_free
                0x800184d8       0x98 D:/devkitPro/libogc/lib/wii\libbte.a(btmemr.o)
                0x800184d8                btmemr_free
 .text.btmemr_realloc
                0x80018570      0x120 D:/devkitPro/libogc/lib/wii\libbte.a(btmemr.o)
                0x80018570                btmemr_realloc
 .text.btpbuf_init
                0x80018690       0x28 D:/devkitPro/libogc/lib/wii\libbte.a(btpbuf.o)
                0x80018690                btpbuf_init
 .text.btpbuf_free
                0x800186b8      0x104 D:/devkitPro/libogc/lib/wii\libbte.a(btpbuf.o)
                0x800186b8                btpbuf_free
 .text.btpbuf_alloc
                0x800187bc      0x270 D:/devkitPro/libogc/lib/wii\libbte.a(btpbuf.o)
                0x800187bc                btpbuf_alloc
 .text.btpbuf_realloc
                0x80018a2c      0x120 D:/devkitPro/libogc/lib/wii\libbte.a(btpbuf.o)
                0x80018a2c                btpbuf_realloc
 .text.btpbuf_header
                0x80018b4c       0x84 D:/devkitPro/libogc/lib/wii\libbte.a(btpbuf.o)
                0x80018b4c                btpbuf_header
 .text.btpbuf_ref
                0x80018bd0       0x48 D:/devkitPro/libogc/lib/wii\libbte.a(btpbuf.o)
                0x80018bd0                btpbuf_ref
 .text.btpbuf_chain
                0x80018c18       0x9c D:/devkitPro/libogc/lib/wii\libbte.a(btpbuf.o)
                0x80018c18                btpbuf_chain
 .text.btpbuf_dechain
                0x80018cb4       0x7c D:/devkitPro/libogc/lib/wii\libbte.a(btpbuf.o)
                0x80018cb4                btpbuf_dechain
 .text.btpbuf_take
                0x80018d30      0x13c D:/devkitPro/libogc/lib/wii\libbte.a(btpbuf.o)
                0x80018d30                btpbuf_take
 .text.__writebulkmsgCB
                0x80018e6c       0x3c D:/devkitPro/libogc/lib/wii\libbte.a(physbusif.o)
 .text.__writectrlmsgCB
                0x80018ea8       0x3c D:/devkitPro/libogc/lib/wii\libbte.a(physbusif.o)
 .text.__issue_intrread.part.0
                0x80018ee4       0x80 D:/devkitPro/libogc/lib/wii\libbte.a(physbusif.o)
 .text.__readintrdataCB
                0x80018f64      0x150 D:/devkitPro/libogc/lib/wii\libbte.a(physbusif.o)
 .text.__issue_bulkread.part.0
                0x800190b4       0x80 D:/devkitPro/libogc/lib/wii\libbte.a(physbusif.o)
 .text.__readbulkdataCB
                0x80019134      0x150 D:/devkitPro/libogc/lib/wii\libbte.a(physbusif.o)
 .text.physbusif_init
                0x80019284      0x1ec D:/devkitPro/libogc/lib/wii\libbte.a(physbusif.o)
                0x80019284                physbusif_init
 .text.physbusif_close
                0x80019470       0x20 D:/devkitPro/libogc/lib/wii\libbte.a(physbusif.o)
                0x80019470                physbusif_close
 .text.physbusif_shutdown
                0x80019490       0x18 D:/devkitPro/libogc/lib/wii\libbte.a(physbusif.o)
                0x80019490                physbusif_shutdown
 .text.physbusif_reset_all
                0x800194a8        0x4 D:/devkitPro/libogc/lib/wii\libbte.a(physbusif.o)
                0x800194a8                physbusif_reset_all
 .text.physbusif_output
                0x800194ac      0x1f4 D:/devkitPro/libogc/lib/wii\libbte.a(physbusif.o)
                0x800194ac                physbusif_output
 .text.__lwp_queue_initialize
                0x800196a0       0x98 D:/devkitPro/libogc/lib/wii\libogc.a(lwp_queue.o)
                0x800196a0                __lwp_queue_initialize
 .text.__lwp_queue_get
                0x80019738       0x74 D:/devkitPro/libogc/lib/wii\libogc.a(lwp_queue.o)
                0x80019738                __lwp_queue_get
 .text.__lwp_queue_append
                0x800197ac       0x4c D:/devkitPro/libogc/lib/wii\libogc.a(lwp_queue.o)
                0x800197ac                __lwp_queue_append
 .text.__syscall_getreent
                0x800197f8       0x24 D:/devkitPro/libogc/lib/wii\libogc.a(lwp_threads.o)
                0x800197f8                __syscall_getreent
 .text.__lwp_isr_in_progress
                0x8001981c        0x8 D:/devkitPro/libogc/lib/wii\libogc.a(lwp_threads.o)
                0x8001981c                __lwp_isr_in_progress
 .text.__thread_dispatch_fp
                0x80019824       0x88 D:/devkitPro/libogc/lib/wii\libogc.a(lwp_threads.o)
                0x80019824                __thread_dispatch_fp
 .text.__thread_dispatch
                0x800198ac       0xf4 D:/devkitPro/libogc/lib/wii\libogc.a(lwp_threads.o)
                0x800198ac                __thread_dispatch
 .text.__lwp_thread_resettimeslice
                0x800199a0       0xb4 D:/devkitPro/libogc/lib/wii\libogc.a(lwp_threads.o)
                0x800199a0                __lwp_thread_resettimeslice
 .text.__lwp_thread_tickle_timeslice
                0x80019a54       0xc8 D:/devkitPro/libogc/lib/wii\libogc.a(lwp_threads.o)
                0x80019a54                __lwp_thread_tickle_timeslice
 .text.__lwp_thread_setstate
                0x80019b1c      0x16c D:/devkitPro/libogc/lib/wii\libogc.a(lwp_threads.o)
                0x80019b1c                __lwp_thread_setstate
 .text.__lwp_thread_clearstate
                0x80019c88       0xe4 D:/devkitPro/libogc/lib/wii\libogc.a(lwp_threads.o)
                0x80019c88                __lwp_thread_clearstate
 .text.__lwp_thread_suspend
                0x80019d6c      0x17c D:/devkitPro/libogc/lib/wii\libogc.a(lwp_threads.o)
                0x80019d6c                __lwp_thread_suspend
 .text.__lwp_thread_settransient
                0x80019ee8       0xb4 D:/devkitPro/libogc/lib/wii\libogc.a(lwp_threads.o)
                0x80019ee8                __lwp_thread_settransient
 .text.__lwp_thread_changepriority
                0x80019f9c      0x1f8 D:/devkitPro/libogc/lib/wii\libogc.a(lwp_threads.o)
                0x80019f9c                __lwp_thread_changepriority
 .text.__lwp_thread_resume
                0x8001a194      0x12c D:/devkitPro/libogc/lib/wii\libogc.a(lwp_threads.o)
                0x8001a194                __lwp_thread_resume
 .text.__lwp_thread_ready
                0x8001a2c0       0xf0 D:/devkitPro/libogc/lib/wii\libogc.a(lwp_threads.o)
                0x8001a2c0                __lwp_thread_ready
 .text.__lwp_thread_init
                0x8001a3b0      0x160 D:/devkitPro/libogc/lib/wii\libogc.a(lwp_threads.o)
                0x8001a3b0                __lwp_thread_init
 .text.__lwp_thread_close
                0x8001a510      0x144 D:/devkitPro/libogc/lib/wii\libogc.a(lwp_threads.o)
                0x8001a510                __lwp_thread_close
 .text.__lwp_thread_handler
                0x8001a654       0xc0 D:/devkitPro/libogc/lib/wii\libogc.a(lwp_threads.o)
 .text.__lwp_thread_closeall
                0x8001a714       0xb4 D:/devkitPro/libogc/lib/wii\libogc.a(lwp_threads.o)
                0x8001a714                __lwp_thread_closeall
 .text.__lwp_thread_start
                0x8001a7c8      0x13c D:/devkitPro/libogc/lib/wii\libogc.a(lwp_threads.o)
                0x8001a7c8                __lwp_thread_start
 .text.__lwp_thread_startmultitasking
                0x8001a904       0xac D:/devkitPro/libogc/lib/wii\libogc.a(lwp_threads.o)
                0x8001a904                __lwp_thread_startmultitasking
 .text.__lwp_thread_stopmultitasking
                0x8001a9b0       0x58 D:/devkitPro/libogc/lib/wii\libogc.a(lwp_threads.o)
                0x8001a9b0                __lwp_thread_stopmultitasking
 .text.__lwp_thread_coreinit
                0x8001aa08       0xc8 D:/devkitPro/libogc/lib/wii\libogc.a(lwp_threads.o)
                0x8001aa08                __lwp_thread_coreinit
 .text.idle_func
                0x8001aad0        0x4 D:/devkitPro/libogc/lib/wii\libogc.a(lwp.o)
 .text.__lwp_sysinit
                0x8001aad4      0x114 D:/devkitPro/libogc/lib/wii\libogc.a(lwp.o)
                0x8001aad4                __lwp_sysinit
 .text.LWP_CreateThread
                0x8001abe8      0x1b0 D:/devkitPro/libogc/lib/wii\libogc.a(lwp.o)
                0x8001abe8                LWP_CreateThread
 .text.LWP_SuspendThread
                0x8001ad98       0xc8 D:/devkitPro/libogc/lib/wii\libogc.a(lwp.o)
                0x8001ad98                LWP_SuspendThread
 .text.LWP_ResumeThread
                0x8001ae60       0xcc D:/devkitPro/libogc/lib/wii\libogc.a(lwp.o)
                0x8001ae60                LWP_ResumeThread
 .text.LWP_GetSelf
                0x8001af2c       0x28 D:/devkitPro/libogc/lib/wii\libogc.a(lwp.o)
                0x8001af2c                LWP_GetSelf
 .text.LWP_JoinThread
                0x8001af54      0x134 D:/devkitPro/libogc/lib/wii\libogc.a(lwp.o)
                0x8001af54                LWP_JoinThread
 .text.LWP_InitQueue
                0x8001b088      0x148 D:/devkitPro/libogc/lib/wii\libogc.a(lwp.o)
                0x8001b088                LWP_InitQueue
 .text.LWP_CloseQueue
                0x8001b1d0       0xd4 D:/devkitPro/libogc/lib/wii\libogc.a(lwp.o)
                0x8001b1d0                LWP_CloseQueue
 .text.LWP_ThreadSleep
                0x8001b2a4       0xf4 D:/devkitPro/libogc/lib/wii\libogc.a(lwp.o)
                0x8001b2a4                LWP_ThreadSleep
 .text.LWP_ThreadBroadcast
                0x8001b398       0x88 D:/devkitPro/libogc/lib/wii\libogc.a(lwp.o)
                0x8001b398                LWP_ThreadBroadcast
 .text.LWP_ThreadSignal
                0x8001b420       0x74 D:/devkitPro/libogc/lib/wii\libogc.a(lwp.o)
                0x8001b420                LWP_ThreadSignal
 .text.__lwp_stack_allocate
                0x8001b494       0x60 D:/devkitPro/libogc/lib/wii\libogc.a(lwp_stack.o)
                0x8001b494                __lwp_stack_allocate
 .text.__lwp_stack_free
                0x8001b4f4       0x1c D:/devkitPro/libogc/lib/wii\libogc.a(lwp_stack.o)
                0x8001b4f4                __lwp_stack_free
 .text.__lwp_wd_settimer
                0x8001b510       0xdc D:/devkitPro/libogc/lib/wii\libogc.a(lwp_watchdog.o)
 .text.__lwp_watchdog_init
                0x8001b5ec       0x2c D:/devkitPro/libogc/lib/wii\libogc.a(lwp_watchdog.o)
                0x8001b5ec                __lwp_watchdog_init
 .text.__lwp_wd_insert
                0x8001b618      0x194 D:/devkitPro/libogc/lib/wii\libogc.a(lwp_watchdog.o)
                0x8001b618                __lwp_wd_insert
 .text.__lwp_wd_remove
                0x8001b7ac      0x134 D:/devkitPro/libogc/lib/wii\libogc.a(lwp_watchdog.o)
                0x8001b7ac                __lwp_wd_remove
 .text.__lwp_wd_tickle
                0x8001b8e0      0x120 D:/devkitPro/libogc/lib/wii\libogc.a(lwp_watchdog.o)
                0x8001b8e0                __lwp_wd_tickle
 .text.__lwp_wkspace_init
                0x8001ba00       0xc0 D:/devkitPro/libogc/lib/wii\libogc.a(lwp_wkspace.o)
                0x8001ba00                __lwp_wkspace_init
 .text.__lwp_objmgr_initinfo
                0x8001bac0      0x1a0 D:/devkitPro/libogc/lib/wii\libogc.a(lwp_objmgr.o)
                0x8001bac0                __lwp_objmgr_initinfo
 .text.__lwp_objmgr_getisrdisable
                0x8001bc60       0x60 D:/devkitPro/libogc/lib/wii\libogc.a(lwp_objmgr.o)
                0x8001bc60                __lwp_objmgr_getisrdisable
 .text.__lwp_objmgr_getnoprotection
                0x8001bcc0       0x24 D:/devkitPro/libogc/lib/wii\libogc.a(lwp_objmgr.o)
                0x8001bcc0                __lwp_objmgr_getnoprotection
 .text.__lwp_objmgr_get
                0x8001bce4       0x6c D:/devkitPro/libogc/lib/wii\libogc.a(lwp_objmgr.o)
                0x8001bce4                __lwp_objmgr_get
 .text.__lwp_objmgr_allocate
                0x8001bd50       0x88 D:/devkitPro/libogc/lib/wii\libogc.a(lwp_objmgr.o)
                0x8001bd50                __lwp_objmgr_allocate
 .text.__lwp_objmgr_free
                0x8001bdd8       0x60 D:/devkitPro/libogc/lib/wii\libogc.a(lwp_objmgr.o)
                0x8001bdd8                __lwp_objmgr_free
 .text.__lwp_heap_init
                0x8001be38       0xa4 D:/devkitPro/libogc/lib/wii\libogc.a(lwp_heap.o)
                0x8001be38                __lwp_heap_init
 .text.__lwp_heap_allocate
                0x8001bedc      0x168 D:/devkitPro/libogc/lib/wii\libogc.a(lwp_heap.o)
                0x8001bedc                __lwp_heap_allocate
 .text.__lwp_heap_free
                0x8001c044      0x188 D:/devkitPro/libogc/lib/wii\libogc.a(lwp_heap.o)
                0x8001c044                __lwp_heap_free
 .text.__SetInterrupts
                0x8001c1cc      0x268 D:/devkitPro/libogc/lib/wii\libogc.a(irq.o)
 .text.c_irqdispatcher
                0x8001c434      0x26c D:/devkitPro/libogc/lib/wii\libogc.a(irq.o)
                0x8001c434                c_irqdispatcher
 .text.__UnmaskIrq
                0x8001c6a0       0x84 D:/devkitPro/libogc/lib/wii\libogc.a(irq.o)
                0x8001c6a0                __UnmaskIrq
 .text.__MaskIrq
                0x8001c724       0x84 D:/devkitPro/libogc/lib/wii\libogc.a(irq.o)
                0x8001c724                __MaskIrq
 .text.__irq_init
                0x8001c7a8       0x84 D:/devkitPro/libogc/lib/wii\libogc.a(irq.o)
                0x8001c7a8                __irq_init
 .text.IRQ_Request
                0x8001c82c       0x50 D:/devkitPro/libogc/lib/wii\libogc.a(irq.o)
                0x8001c82c                IRQ_Request
 .text.IRQ_GetHandler
                0x8001c87c       0x44 D:/devkitPro/libogc/lib/wii\libogc.a(irq.o)
                0x8001c87c                IRQ_GetHandler
 .text.IRQ_Disable
                0x8001c8c0       0x1c D:/devkitPro/libogc/lib/wii\libogc.a(irq.o)
                0x8001c8c0                IRQ_Disable
 .text.IRQ_Restore
                0x8001c8dc       0x1c D:/devkitPro/libogc/lib/wii\libogc.a(irq.o)
                0x8001c8dc                IRQ_Restore
 .text.__lwp_sema_init
                0x8001c8f8       0x14 D:/devkitPro/libogc/lib/wii\libogc.a(semaphore.o)
                0x8001c8f8                __lwp_sema_init
 .text.LWP_SemInit
                0x8001c90c      0x15c D:/devkitPro/libogc/lib/wii\libogc.a(semaphore.o)
                0x8001c90c                LWP_SemInit
 .text.LWP_SemWait
                0x8001ca68       0xd8 D:/devkitPro/libogc/lib/wii\libogc.a(semaphore.o)
                0x8001ca68                LWP_SemWait
 .text.LWP_SemPost
                0x8001cb40       0x90 D:/devkitPro/libogc/lib/wii\libogc.a(semaphore.o)
                0x8001cb40                LWP_SemPost
 .text.LWP_SemDestroy
                0x8001cbd0       0xd8 D:/devkitPro/libogc/lib/wii\libogc.a(semaphore.o)
                0x8001cbd0                LWP_SemDestroy
 .text.__VISendI2CData.constprop.0.isra.0
                0x8001cca8      0x418 D:/devkitPro/libogc/lib/wii\libogc.a(video.o)
 .text.__setFbbRegs.constprop.0
                0x8001d0c0      0x190 D:/devkitPro/libogc/lib/wii\libogc.a(video.o)
 .text.__VISetYUVSEL
                0x8001d250       0xb8 D:/devkitPro/libogc/lib/wii\libogc.a(video.o)
 .text.__VIClearFramebuffer
                0x8001d308       0x48 D:/devkitPro/libogc/lib/wii\libogc.a(video.o)
                0x8001d308                __VIClearFramebuffer
 .text.VIDEO_Configure
                0x8001d350      0x5dc D:/devkitPro/libogc/lib/wii\libogc.a(video.o)
                0x8001d350                VIDEO_Configure
 .text.VIDEO_WaitVSync
                0x8001d92c       0x74 D:/devkitPro/libogc/lib/wii\libogc.a(video.o)
                0x8001d92c                VIDEO_WaitVSync
 .text.VIDEO_SetFramebuffer
                0x8001d9a0       0xd0 D:/devkitPro/libogc/lib/wii\libogc.a(video.o)
                0x8001d9a0                VIDEO_SetFramebuffer
 .text.VIDEO_SetNextFramebuffer
                0x8001da70       0x70 D:/devkitPro/libogc/lib/wii\libogc.a(video.o)
                0x8001da70                VIDEO_SetNextFramebuffer
 .text.VIDEO_Flush
                0x8001dae0       0xf4 D:/devkitPro/libogc/lib/wii\libogc.a(video.o)
                0x8001dae0                VIDEO_Flush
 .text.VIDEO_SetBlack
                0x8001dbd4      0x15c D:/devkitPro/libogc/lib/wii\libogc.a(video.o)
                0x8001dbd4                VIDEO_SetBlack
 .text.VIDEO_GetCurrentTvMode
                0x8001dd30       0x78 D:/devkitPro/libogc/lib/wii\libogc.a(video.o)
                0x8001dd30                VIDEO_GetCurrentTvMode
 .text.__VIRetraceHandler
                0x8001dda8      0x284 D:/devkitPro/libogc/lib/wii\libogc.a(video.o)
 .text.__VISetupEncoder
                0x8001e02c      0x288 D:/devkitPro/libogc/lib/wii\libogc.a(video.o)
 .text.VIDEO_Init
                0x8001e2b4      0x3cc D:/devkitPro/libogc/lib/wii\libogc.a(video.o)
                0x8001e2b4                VIDEO_Init
 .text.VIDEO_GetPreferredMode
                0x8001e680      0x108 D:/devkitPro/libogc/lib/wii\libogc.a(video.o)
                0x8001e680                VIDEO_GetPreferredMode
 .text.VIDEO_GetCurrentLine
                0x8001e788       0x9c D:/devkitPro/libogc/lib/wii\libogc.a(video.o)
                0x8001e788                VIDEO_GetCurrentLine
 .text.VIDEO_GetFrameBufferSize
                0x8001e824       0x34 D:/devkitPro/libogc/lib/wii\libogc.a(video.o)
                0x8001e824                VIDEO_GetFrameBufferSize
 .text.__call_resetfuncs
                0x8001e858       0xbc D:/devkitPro/libogc/lib/wii\libogc.a(system.o)
 .text.__MEMInterruptHandler
                0x8001e914       0x14 D:/devkitPro/libogc/lib/wii\libogc.a(system.o)
 .text.__RSWDefaultHandler
                0x8001e928        0x4 D:/devkitPro/libogc/lib/wii\libogc.a(system.o)
 .text.__POWDefaultHandler
                0x8001e92c        0x4 D:/devkitPro/libogc/lib/wii\libogc.a(system.o)
 .text.__getrtc
                0x8001e930      0x14c D:/devkitPro/libogc/lib/wii\libogc.a(system.o)
 .text.__sram_write
                0x8001ea7c      0x144 D:/devkitPro/libogc/lib/wii\libogc.a(system.o)
 .text.__sram_writecallback
                0x8001ebc0       0x54 D:/devkitPro/libogc/lib/wii\libogc.a(system.o)
 .text.__mem_onreset
                0x8001ec14       0x48 D:/devkitPro/libogc/lib/wii\libogc.a(system.o)
 .text.__unlocksram
                0x8001ec5c      0x130 D:/devkitPro/libogc/lib/wii\libogc.a(system.o)
 .text.__sys_alarmhandler
                0x8001ed8c      0x14c D:/devkitPro/libogc/lib/wii\libogc.a(system.o)
 .text.__syscall_malloc_lock
                0x8001eed8        0x4 D:/devkitPro/libogc/lib/wii\libogc.a(system.o)
                0x8001eed8                __syscall_malloc_lock
 .text.__syscall_malloc_unlock
                0x8001eedc        0x4 D:/devkitPro/libogc/lib/wii\libogc.a(system.o)
                0x8001eedc                __syscall_malloc_unlock
 .text.__syscall_gettod_r
                0x8001eee0        0x4 D:/devkitPro/libogc/lib/wii\libogc.a(system.o)
                0x8001eee0                __syscall_gettod_r
 .text.__SYS_GetRTC
                0x8001eee4       0x98 D:/devkitPro/libogc/lib/wii\libogc.a(system.o)
                0x8001eee4                __SYS_GetRTC
 .text.__SYS_SetBootTime
                0x8001ef7c       0xf4 D:/devkitPro/libogc/lib/wii\libogc.a(system.o)
                0x8001ef7c                __SYS_SetBootTime
 .text.__SYS_GetIPCBufferLo
                0x8001f070        0x8 D:/devkitPro/libogc/lib/wii\libogc.a(system.o)
                0x8001f070                __SYS_GetIPCBufferLo
 .text.__SYS_GetIPCBufferHi
                0x8001f078        0x8 D:/devkitPro/libogc/lib/wii\libogc.a(system.o)
                0x8001f078                __SYS_GetIPCBufferHi
 .text.SYS_DoPowerCB
                0x8001f080       0xd0 D:/devkitPro/libogc/lib/wii\libogc.a(system.o)
                0x8001f080                SYS_DoPowerCB
 .text.__STMEventHandler
                0x8001f150       0xf4 D:/devkitPro/libogc/lib/wii\libogc.a(system.o)
 .text.__SYS_DisablePowerButton
                0x8001f244       0x4c D:/devkitPro/libogc/lib/wii\libogc.a(system.o)
                0x8001f244                __SYS_DisablePowerButton
 .text.__SYS_PreInit
                0x8001f290        0x4 D:/devkitPro/libogc/lib/wii\libogc.a(system.o)
                0x8001f290                __SYS_PreInit
 .text.SYS_PreMain
                0x8001f294       0x7c D:/devkitPro/libogc/lib/wii\libogc.a(system.o)
                0x8001f294                SYS_PreMain
 .text.SYS_ResetButtonDown
                0x8001f310       0x18 D:/devkitPro/libogc/lib/wii\libogc.a(system.o)
                0x8001f310                SYS_ResetButtonDown
 .text.SYS_ResetSystem
                0x8001f328      0x1f8 D:/devkitPro/libogc/lib/wii\libogc.a(system.o)
                0x8001f328                SYS_ResetSystem
 .text.__reload
                0x8001f520       0x7c D:/devkitPro/libogc/lib/wii\libogc.a(system.o)
                0x8001f520                __reload
 .text.__syscall_exit
                0x8001f59c       0x84 D:/devkitPro/libogc/lib/wii\libogc.a(system.o)
                0x8001f59c                __syscall_exit
 .text.SYS_RegisterResetFunc
                0x8001f620       0x78 D:/devkitPro/libogc/lib/wii\libogc.a(system.o)
                0x8001f620                SYS_RegisterResetFunc
 .text.SYS_SetArena1Lo
                0x8001f698       0x38 D:/devkitPro/libogc/lib/wii\libogc.a(system.o)
                0x8001f698                SYS_SetArena1Lo
 .text.SYS_GetArena1Lo
                0x8001f6d0       0x38 D:/devkitPro/libogc/lib/wii\libogc.a(system.o)
                0x8001f6d0                SYS_GetArena1Lo
 .text.SYS_GetArena1Hi
                0x8001f708       0x38 D:/devkitPro/libogc/lib/wii\libogc.a(system.o)
                0x8001f708                SYS_GetArena1Hi
 .text.SYS_SetArena2Lo
                0x8001f740       0x38 D:/devkitPro/libogc/lib/wii\libogc.a(system.o)
                0x8001f740                SYS_SetArena2Lo
 .text.SYS_GetArena2Lo
                0x8001f778       0x38 D:/devkitPro/libogc/lib/wii\libogc.a(system.o)
                0x8001f778                SYS_GetArena2Lo
 .text.SYS_SetArena2Hi
                0x8001f7b0       0x38 D:/devkitPro/libogc/lib/wii\libogc.a(system.o)
                0x8001f7b0                SYS_SetArena2Hi
 .text.SYS_GetArena2Hi
                0x8001f7e8       0x38 D:/devkitPro/libogc/lib/wii\libogc.a(system.o)
                0x8001f7e8                SYS_GetArena2Hi
 .text.SYS_AllocateFramebuffer
                0x8001f820       0x28 D:/devkitPro/libogc/lib/wii\libogc.a(system.o)
                0x8001f820                SYS_AllocateFramebuffer
 .text.SYS_CreateAlarm
                0x8001f848      0x104 D:/devkitPro/libogc/lib/wii\libogc.a(system.o)
                0x8001f848                SYS_CreateAlarm
 .text.SYS_SetAlarm
                0x8001f94c      0x1e0 D:/devkitPro/libogc/lib/wii\libogc.a(system.o)
                0x8001f94c                SYS_SetAlarm
 .text.SYS_SetPeriodicAlarm
                0x8001fb2c      0x258 D:/devkitPro/libogc/lib/wii\libogc.a(system.o)
                0x8001fb2c                SYS_SetPeriodicAlarm
 .text.SYS_RemoveAlarm
                0x8001fd84      0x10c D:/devkitPro/libogc/lib/wii\libogc.a(system.o)
                0x8001fd84                SYS_RemoveAlarm
 .text.SYS_CancelAlarm
                0x8001fe90       0xbc D:/devkitPro/libogc/lib/wii\libogc.a(system.o)
                0x8001fe90                SYS_CancelAlarm
 .text.SYS_GetWirelessID
                0x8001ff4c       0x90 D:/devkitPro/libogc/lib/wii\libogc.a(system.o)
                0x8001ff4c                SYS_GetWirelessID
 .text.SYS_SetWirelessID
                0x8001ffdc       0x90 D:/devkitPro/libogc/lib/wii\libogc.a(system.o)
                0x8001ffdc                SYS_SetWirelessID
 .text.SYS_SetGBSMode
                0x8002006c       0xa8 D:/devkitPro/libogc/lib/wii\libogc.a(system.o)
                0x8002006c                SYS_SetGBSMode
 .text.__sram_init
                0x80020114      0x1c0 D:/devkitPro/libogc/lib/wii\libogc.a(system.o)
                0x80020114                __sram_init
 .text.SYS_Init
                0x800202d4      0x5b0 D:/devkitPro/libogc/lib/wii\libogc.a(system.o)
                0x800202d4                SYS_Init
 .text.SYS_GetHollywoodRevision
                0x80020884       0x3c D:/devkitPro/libogc/lib/wii\libogc.a(system.o)
                0x80020884                SYS_GetHollywoodRevision
 .text.SYS_Time
                0x800208c0       0x78 D:/devkitPro/libogc/lib/wii\libogc.a(system.o)
                0x800208c0                SYS_Time
 .text.__lwp_cond_init
                0x80020938       0x14 D:/devkitPro/libogc/lib/wii\libogc.a(cond.o)
                0x80020938                __lwp_cond_init
 .text.__GX_InitRevBits
                0x8002094c       0x9c D:/devkitPro/libogc/lib/wii\libogc.a(gx.o)
 .text.__GXTokenInterruptHandler
                0x800209e8       0x6c D:/devkitPro/libogc/lib/wii\libogc.a(gx.o)
 .text.__GXDefTexRegionCallback
                0x80020a54       0x7c D:/devkitPro/libogc/lib/wii\libogc.a(gx.o)
 .text.__GXDefTlutRegionCallback
                0x80020ad0       0x18 D:/devkitPro/libogc/lib/wii\libogc.a(gx.o)
 .text.__SetSURegs
                0x80020ae8       0x90 D:/devkitPro/libogc/lib/wii\libogc.a(gx.o)
 .text.__SETVCDATTR
                0x80020b78      0x230 D:/devkitPro/libogc/lib/wii\libogc.a(gx.o)
 .text.__SETVCDFMT
                0x80020da8      0x4cc D:/devkitPro/libogc/lib/wii\libogc.a(gx.o)
 .text.__GXCPInterruptHandler
                0x80021274      0x160 D:/devkitPro/libogc/lib/wii\libogc.a(gx.o)
 .text.__GXFinishInterruptHandler
                0x800213d4       0x58 D:/devkitPro/libogc/lib/wii\libogc.a(gx.o)
 .text.GX_SetTexCoordGen2.part.0
                0x8002142c      0x278 D:/devkitPro/libogc/lib/wii\libogc.a(gx.o)
 .text.GX_InitTexObj.part.0
                0x800216a4      0x1c4 D:/devkitPro/libogc/lib/wii\libogc.a(gx.o)
 .text.__GX_SetDirtyState
                0x80021868      0x61c D:/devkitPro/libogc/lib/wii\libogc.a(gx.o)
 .text.GX_SetCPUFifo
                0x80021e84      0x20c D:/devkitPro/libogc/lib/wii\libogc.a(gx.o)
                0x80021e84                GX_SetCPUFifo
 .text.GX_SetGPFifo
                0x80022090      0x250 D:/devkitPro/libogc/lib/wii\libogc.a(gx.o)
                0x80022090                GX_SetGPFifo
 .text.GX_AbortFrame
                0x800222e0      0x374 D:/devkitPro/libogc/lib/wii\libogc.a(gx.o)
                0x800222e0                GX_AbortFrame
 .text.__gx_onreset
                0x80022654       0x7c D:/devkitPro/libogc/lib/wii\libogc.a(gx.o)
 .text.GX_DrawDone
                0x800226d0       0xfc D:/devkitPro/libogc/lib/wii\libogc.a(gx.o)
                0x800226d0                GX_DrawDone
 .text.GX_SetViewport
                0x800227cc       0x78 D:/devkitPro/libogc/lib/wii\libogc.a(gx.o)
                0x800227cc                GX_SetViewport
 .text.GX_LoadProjectionMtx
                0x80022844       0xf0 D:/devkitPro/libogc/lib/wii\libogc.a(gx.o)
                0x80022844                GX_LoadProjectionMtx
 .text.GX_SetCopyClear
                0x80022934       0x4c D:/devkitPro/libogc/lib/wii\libogc.a(gx.o)
                0x80022934                GX_SetCopyClear
 .text.GX_SetDispCopyGamma
                0x80022980       0x18 D:/devkitPro/libogc/lib/wii\libogc.a(gx.o)
                0x80022980                GX_SetDispCopyGamma
 .text.GX_SetCopyFilter
                0x80022998      0x25c D:/devkitPro/libogc/lib/wii\libogc.a(gx.o)
                0x80022998                GX_SetCopyFilter
 .text.GX_SetDispCopyYScale
                0x80022bf4       0xf8 D:/devkitPro/libogc/lib/wii\libogc.a(gx.o)
                0x80022bf4                GX_SetDispCopyYScale
 .text.GX_SetDispCopyDst
                0x80022cec       0x20 D:/devkitPro/libogc/lib/wii\libogc.a(gx.o)
                0x80022cec                GX_SetDispCopyDst
 .text.GX_SetDispCopySrc
                0x80022d0c       0x38 D:/devkitPro/libogc/lib/wii\libogc.a(gx.o)
                0x80022d0c                GX_SetDispCopySrc
 .text.GX_CopyDisp
                0x80022d44      0x124 D:/devkitPro/libogc/lib/wii\libogc.a(gx.o)
                0x80022d44                GX_CopyDisp
 .text.GX_SetVtxDesc
                0x80022e68       0x34 D:/devkitPro/libogc/lib/wii\libogc.a(gx.o)
                0x80022e68                GX_SetVtxDesc
 .text.GX_SetVtxAttrFmt
                0x80022e9c       0x54 D:/devkitPro/libogc/lib/wii\libogc.a(gx.o)
                0x80022e9c                GX_SetVtxAttrFmt
 .text.GX_Begin
                0x80022ef0       0x6c D:/devkitPro/libogc/lib/wii\libogc.a(gx.o)
                0x80022ef0                GX_Begin
 .text.GX_SetTexCoordGen
                0x80022f5c       0x14 D:/devkitPro/libogc/lib/wii\libogc.a(gx.o)
                0x80022f5c                GX_SetTexCoordGen
 .text.GX_LoadPosMtxImm
                0x80022f70       0x50 D:/devkitPro/libogc/lib/wii\libogc.a(gx.o)
                0x80022f70                GX_LoadPosMtxImm
 .text.GX_SetNumTexGens
                0x80022fc0       0x28 D:/devkitPro/libogc/lib/wii\libogc.a(gx.o)
                0x80022fc0                GX_SetNumTexGens
 .text.GX_InvVtxCache
                0x80022fe8       0x14 D:/devkitPro/libogc/lib/wii\libogc.a(gx.o)
                0x80022fe8                GX_InvVtxCache
 .text.GX_SetZMode
                0x80022ffc       0x38 D:/devkitPro/libogc/lib/wii\libogc.a(gx.o)
                0x80022ffc                GX_SetZMode
 .text.GX_InitTexObj
                0x80023034        0xc D:/devkitPro/libogc/lib/wii\libogc.a(gx.o)
                0x80023034                GX_InitTexObj
 .text.GX_InitTexObjLOD
                0x80023040      0x238 D:/devkitPro/libogc/lib/wii\libogc.a(gx.o)
                0x80023040                GX_InitTexObjLOD
 .text.GX_LoadTexObjPreloaded
                0x80023278      0x188 D:/devkitPro/libogc/lib/wii\libogc.a(gx.o)
                0x80023278                GX_LoadTexObjPreloaded
 .text.GX_LoadTexObj
                0x80023400       0x58 D:/devkitPro/libogc/lib/wii\libogc.a(gx.o)
                0x80023400                GX_LoadTexObj
 .text.GX_InvalidateTexAll
                0x80023458       0x50 D:/devkitPro/libogc/lib/wii\libogc.a(gx.o)
                0x80023458                GX_InvalidateTexAll
 .text.GX_SetBlendMode
                0x800234a8       0xd4 D:/devkitPro/libogc/lib/wii\libogc.a(gx.o)
                0x800234a8                GX_SetBlendMode
 .text.GX_ClearVtxDesc
                0x8002357c       0x38 D:/devkitPro/libogc/lib/wii\libogc.a(gx.o)
                0x8002357c                GX_ClearVtxDesc
 .text.GX_SetTevColorIn
                0x800235b4       0x44 D:/devkitPro/libogc/lib/wii\libogc.a(gx.o)
                0x800235b4                GX_SetTevColorIn
 .text.GX_SetTevAlphaIn
                0x800235f8       0x44 D:/devkitPro/libogc/lib/wii\libogc.a(gx.o)
                0x800235f8                GX_SetTevAlphaIn
 .text.GX_SetTevColorOp
                0x8002363c       0x98 D:/devkitPro/libogc/lib/wii\libogc.a(gx.o)
                0x8002363c                GX_SetTevColorOp
 .text.GX_SetTevAlphaOp
                0x800236d4       0x98 D:/devkitPro/libogc/lib/wii\libogc.a(gx.o)
                0x800236d4                GX_SetTevAlphaOp
 .text.GX_SetTevOp
                0x8002376c      0x170 D:/devkitPro/libogc/lib/wii\libogc.a(gx.o)
                0x8002376c                GX_SetTevOp
 .text.GX_SetCullMode
                0x800238dc       0x2c D:/devkitPro/libogc/lib/wii\libogc.a(gx.o)
                0x800238dc                GX_SetCullMode
 .text.GX_SetScissor
                0x80023908       0x78 D:/devkitPro/libogc/lib/wii\libogc.a(gx.o)
                0x80023908                GX_SetScissor
 .text.GX_SetNumChans
                0x80023980       0x28 D:/devkitPro/libogc/lib/wii\libogc.a(gx.o)
                0x80023980                GX_SetNumChans
 .text.GX_SetTevOrder
                0x800239a8      0x178 D:/devkitPro/libogc/lib/wii\libogc.a(gx.o)
                0x800239a8                GX_SetTevOrder
 .text.GX_SetTevKColorSel
                0x80023b20       0x54 D:/devkitPro/libogc/lib/wii\libogc.a(gx.o)
                0x80023b20                GX_SetTevKColorSel
 .text.GX_SetTevKAlphaSel
                0x80023b74       0x54 D:/devkitPro/libogc/lib/wii\libogc.a(gx.o)
                0x80023b74                GX_SetTevKAlphaSel
 .text.GX_SetTevSwapModeTable
                0x80023bc8       0x64 D:/devkitPro/libogc/lib/wii\libogc.a(gx.o)
                0x80023bc8                GX_SetTevSwapModeTable
 .text.GX_SetFog
                0x80023c2c      0x244 D:/devkitPro/libogc/lib/wii\libogc.a(gx.o)
                0x80023c2c                GX_SetFog
 .text.GX_SetColorUpdate
                0x80023e70       0x30 D:/devkitPro/libogc/lib/wii\libogc.a(gx.o)
                0x80023e70                GX_SetColorUpdate
 .text.GX_SetAlphaUpdate
                0x80023ea0       0x30 D:/devkitPro/libogc/lib/wii\libogc.a(gx.o)
                0x80023ea0                GX_SetAlphaUpdate
 .text.GX_SetPixelFmt
                0x80023ed0       0xe0 D:/devkitPro/libogc/lib/wii\libogc.a(gx.o)
                0x80023ed0                GX_SetPixelFmt
 .text.GX_SetFieldMode
                0x80023fb0       0x58 D:/devkitPro/libogc/lib/wii\libogc.a(gx.o)
                0x80023fb0                GX_SetFieldMode
 .text.GX_SetGPMetric
                0x80024008      0x7fc D:/devkitPro/libogc/lib/wii\libogc.a(gx.o)
                0x80024008                GX_SetGPMetric
 .text.GX_Init  0x80024804     0x1160 D:/devkitPro/libogc/lib/wii\libogc.a(gx.o)
                0x80024804                GX_Init
 .text.GX_GetYScaleFactor
                0x80025964      0x2c0 D:/devkitPro/libogc/lib/wii\libogc.a(gx.o)
                0x80025964                GX_GetYScaleFactor
 .text.guOrtho  0x80025c24       0x98 D:/devkitPro/libogc/lib/wii\libogc.a(gu.o)
                0x80025c24                guOrtho
 .text.__decrementer_init
                0x80025cbc        0x4 D:/devkitPro/libogc/lib/wii\libogc.a(decrementer.o)
                0x80025cbc                __decrementer_init
 .text.c_decrementer_handler
                0x80025cc0        0xc D:/devkitPro/libogc/lib/wii\libogc.a(decrementer.o)
                0x80025cc0                c_decrementer_handler
 .text.__lwp_mqbox_init
                0x80025ccc       0x14 D:/devkitPro/libogc/lib/wii\libogc.a(message.o)
                0x80025ccc                __lwp_mqbox_init
 .text.__si_transfer
                0x80025ce0      0x1d0 D:/devkitPro/libogc/lib/wii\libogc.a(si.o)
 .text.__si_alarmhandler
                0x80025eb0       0xa0 D:/devkitPro/libogc/lib/wii\libogc.a(si.o)
 .text.__si_completetransfer
                0x80025f50      0x1fc D:/devkitPro/libogc/lib/wii\libogc.a(si.o)
 .text.__si_transfernext
                0x8002614c       0xd8 D:/devkitPro/libogc/lib/wii\libogc.a(si.o)
 .text.SI_Busy  0x80026224       0x18 D:/devkitPro/libogc/lib/wii\libogc.a(si.o)
                0x80026224                SI_Busy
 .text.SI_IsChanBusy
                0x8002623c       0x38 D:/devkitPro/libogc/lib/wii\libogc.a(si.o)
                0x8002623c                SI_IsChanBusy
 .text.SI_SetXY
                0x80026274       0x64 D:/devkitPro/libogc/lib/wii\libogc.a(si.o)
                0x80026274                SI_SetXY
 .text.SI_EnablePolling
                0x800262d8       0x78 D:/devkitPro/libogc/lib/wii\libogc.a(si.o)
                0x800262d8                SI_EnablePolling
 .text.SI_DisablePolling
                0x80026350       0x58 D:/devkitPro/libogc/lib/wii\libogc.a(si.o)
                0x80026350                SI_DisablePolling
 .text.SI_SetSamplingRate
                0x800263a8       0xd8 D:/devkitPro/libogc/lib/wii\libogc.a(si.o)
                0x800263a8                SI_SetSamplingRate
 .text.SI_RefreshSamplingRate
                0x80026480        0x8 D:/devkitPro/libogc/lib/wii\libogc.a(si.o)
                0x80026480                SI_RefreshSamplingRate
 .text.SI_GetStatus
                0x80026488       0x78 D:/devkitPro/libogc/lib/wii\libogc.a(si.o)
                0x80026488                SI_GetStatus
 .text.SI_GetResponseRaw
                0x80026500       0xe8 D:/devkitPro/libogc/lib/wii\libogc.a(si.o)
                0x80026500                SI_GetResponseRaw
 .text.SI_GetResponse
                0x800265e8       0xb8 D:/devkitPro/libogc/lib/wii\libogc.a(si.o)
                0x800265e8                SI_GetResponse
 .text.SI_SetCommand
                0x800266a0       0x10 D:/devkitPro/libogc/lib/wii\libogc.a(si.o)
                0x800266a0                SI_SetCommand
 .text.SI_Transfer
                0x800266b0      0x29c D:/devkitPro/libogc/lib/wii\libogc.a(si.o)
                0x800266b0                SI_Transfer
 .text.__si_gettypecallback
                0x8002694c      0x2b8 D:/devkitPro/libogc/lib/wii\libogc.a(si.o)
 .text.__si_interrupthandler
                0x80026c04      0x278 D:/devkitPro/libogc/lib/wii\libogc.a(si.o)
 .text.SI_GetType
                0x80026e7c      0x214 D:/devkitPro/libogc/lib/wii\libogc.a(si.o)
                0x80026e7c                SI_GetType
 .text.SI_GetTypeAsync
                0x80027090      0x13c D:/devkitPro/libogc/lib/wii\libogc.a(si.o)
                0x80027090                SI_GetTypeAsync
 .text.SI_EnablePollingInterrupt
                0x800271cc       0x8c D:/devkitPro/libogc/lib/wii\libogc.a(si.o)
                0x800271cc                SI_EnablePollingInterrupt
 .text.SI_UnregisterPollingHandler
                0x80027258       0xf4 D:/devkitPro/libogc/lib/wii\libogc.a(si.o)
                0x80027258                SI_UnregisterPollingHandler
 .text.__si_init
                0x8002734c       0xe0 D:/devkitPro/libogc/lib/wii\libogc.a(si.o)
                0x8002734c                __si_init
 .text.TPL_GetTextureSize
                0x8002742c       0x9c D:/devkitPro/libogc/lib/wii\libogc.a(tpl.o)
 .text.TPL_OpenTPLFromMemory
                0x800274c8       0xa4 D:/devkitPro/libogc/lib/wii\libogc.a(tpl.o)
                0x800274c8                TPL_OpenTPLFromMemory
 .text.TPL_GetTexture
                0x8002756c      0x1f8 D:/devkitPro/libogc/lib/wii\libogc.a(tpl.o)
                0x8002756c                TPL_GetTexture
 .text.__ipc_sendrequest.part.0
                0x80027764       0xd8 D:/devkitPro/libogc/lib/wii\libogc.a(ipc.o)
 .text.__ipc_syncrequest
                0x8002783c       0xf4 D:/devkitPro/libogc/lib/wii\libogc.a(ipc.o)
 .text.__ioctlvfmtCB
                0x80027930      0x158 D:/devkitPro/libogc/lib/wii\libogc.a(ipc.o)
 .text.__ios_ioctlvformat_parse
                0x80027a88      0x824 D:/devkitPro/libogc/lib/wii\libogc.a(ipc.o)
 .text.__ipc_asyncrequest
                0x800282ac      0x144 D:/devkitPro/libogc/lib/wii\libogc.a(ipc.o)
 .text.__ipc_interrupthandler
                0x800283f0      0x384 D:/devkitPro/libogc/lib/wii\libogc.a(ipc.o)
 .text.iosCreateHeap
                0x80028774      0x138 D:/devkitPro/libogc/lib/wii\libogc.a(ipc.o)
                0x80028774                iosCreateHeap
 .text.iosAlloc
                0x800288ac       0x30 D:/devkitPro/libogc/lib/wii\libogc.a(ipc.o)
                0x800288ac                iosAlloc
 .text.iosFree  0x800288dc       0x28 D:/devkitPro/libogc/lib/wii\libogc.a(ipc.o)
                0x800288dc                iosFree
 .text.__IPC_ClntInit
                0x80028904       0xc4 D:/devkitPro/libogc/lib/wii\libogc.a(ipc.o)
                0x80028904                __IPC_ClntInit
 .text.IOS_Open
                0x800289c8      0x110 D:/devkitPro/libogc/lib/wii\libogc.a(ipc.o)
                0x800289c8                IOS_Open
 .text.IOS_Close
                0x80028ad8       0xf0 D:/devkitPro/libogc/lib/wii\libogc.a(ipc.o)
                0x80028ad8                IOS_Close
 .text.IOS_Read
                0x80028bc8      0x10c D:/devkitPro/libogc/lib/wii\libogc.a(ipc.o)
                0x80028bc8                IOS_Read
 .text.IOS_Write
                0x80028cd4      0x10c D:/devkitPro/libogc/lib/wii\libogc.a(ipc.o)
                0x80028cd4                IOS_Write
 .text.IOS_Ioctl
                0x80028de0      0x158 D:/devkitPro/libogc/lib/wii\libogc.a(ipc.o)
                0x80028de0                IOS_Ioctl
 .text.IOS_IoctlAsync
                0x80028f38      0x148 D:/devkitPro/libogc/lib/wii\libogc.a(ipc.o)
                0x80028f38                IOS_IoctlAsync
 .text.IOS_Ioctlv
                0x80029080      0x1f0 D:/devkitPro/libogc/lib/wii\libogc.a(ipc.o)
                0x80029080                IOS_Ioctlv
 .text.IOS_IoctlvAsync
                0x80029270      0x1d4 D:/devkitPro/libogc/lib/wii\libogc.a(ipc.o)
                0x80029270                IOS_IoctlvAsync
 .text.IOS_IoctlvFormat
                0x80029444      0x170 D:/devkitPro/libogc/lib/wii\libogc.a(ipc.o)
                0x80029444                IOS_IoctlvFormat
 .text.IOS_IoctlvReboot
                0x800295b4      0x1f4 D:/devkitPro/libogc/lib/wii\libogc.a(ipc.o)
                0x800295b4                IOS_IoctlvReboot
 .text.gettick  0x800297a8        0x8 D:/devkitPro/libogc/lib/wii\libogc.a(timesupp.o)
                0x800297a8                gettick
 .text.gettime  0x800297b0       0x18 D:/devkitPro/libogc/lib/wii\libogc.a(timesupp.o)
                0x800297b0                gettime
 .text.settime  0x800297c8       0x14 D:/devkitPro/libogc/lib/wii\libogc.a(timesupp.o)
                0x800297c8                settime
 .text.diff_usec
                0x800297dc       0x90 D:/devkitPro/libogc/lib/wii\libogc.a(timesupp.o)
                0x800297dc                diff_usec
 .text.__timesystem_init
                0x8002986c       0x1c D:/devkitPro/libogc/lib/wii\libogc.a(timesupp.o)
                0x8002986c                __timesystem_init
 .text.udelay   0x80029888       0xb0 D:/devkitPro/libogc/lib/wii\libogc.a(timesupp.o)
                0x80029888                udelay
 .text.__libogc_gettod_r
                0x80029938       0xd4 D:/devkitPro/libogc/lib/wii\libogc.a(timesupp.o)
                0x80029938                __libogc_gettod_r
 .text.__syscall_lock_init
                0x80029a0c       0x6c D:/devkitPro/libogc/lib/wii\libogc.a(lock_supp.o)
                0x80029a0c                __syscall_lock_init
 .text.__syscall_lock_init_recursive
                0x80029a78       0x6c D:/devkitPro/libogc/lib/wii\libogc.a(lock_supp.o)
                0x80029a78                __syscall_lock_init_recursive
 .text.__syscall_lock_close
                0x80029ae4       0x48 D:/devkitPro/libogc/lib/wii\libogc.a(lock_supp.o)
                0x80029ae4                __syscall_lock_close
 .text.__syscall_lock_acquire
                0x80029b2c       0x18 D:/devkitPro/libogc/lib/wii\libogc.a(lock_supp.o)
                0x80029b2c                __syscall_lock_acquire
 .text.__syscall_lock_release
                0x80029b44       0x18 D:/devkitPro/libogc/lib/wii\libogc.a(lock_supp.o)
                0x80029b44                __syscall_lock_release
 .text._sbrk_r  0x80029b5c      0x28c D:/devkitPro/libogc/lib/wii\libogc.a(sbrk.o)
                0x80029b5c                _sbrk_r
 .text.__memlock_init
                0x80029de8       0x7c D:/devkitPro/libogc/lib/wii\libogc.a(malloc_lock.o)
                0x80029de8                __memlock_init
 .text.__libogc_malloc_lock
                0x80029e64      0x1f8 D:/devkitPro/libogc/lib/wii\libogc.a(malloc_lock.o)
                0x80029e64                __libogc_malloc_lock
 .text.__libogc_malloc_unlock
                0x8002a05c       0x64 D:/devkitPro/libogc/lib/wii\libogc.a(malloc_lock.o)
                0x8002a05c                __libogc_malloc_unlock
 .text.__STM_SetEventHook
                0x8002a0c0       0xb0 D:/devkitPro/libogc/lib/wii\libogc.a(stm.o)
                0x8002a0c0                __STM_SetEventHook
 .text.__STM_Init
                0x8002a170       0x8c D:/devkitPro/libogc/lib/wii\libogc.a(stm.o)
                0x8002a170                __STM_Init
 .text.__STMEventHandler
                0x8002a1fc       0x64 D:/devkitPro/libogc/lib/wii\libogc.a(stm.o)
 .text.__STM_ReleaseEventHook
                0x8002a260       0x80 D:/devkitPro/libogc/lib/wii\libogc.a(stm.o)
                0x8002a260                __STM_ReleaseEventHook
 .text.__STM_Close
                0x8002a2e0       0xa8 D:/devkitPro/libogc/lib/wii\libogc.a(stm.o)
                0x8002a2e0                __STM_Close
 .text.STM_RegisterEventHandler
                0x8002a388       0x10 D:/devkitPro/libogc/lib/wii\libogc.a(stm.o)
                0x8002a388                STM_RegisterEventHandler
 .text.STM_ShutdownToStandby
                0x8002a398       0x50 D:/devkitPro/libogc/lib/wii\libogc.a(stm.o)
                0x8002a398                STM_ShutdownToStandby
 .text.STM_ShutdownToIdle
                0x8002a3e8       0xb4 D:/devkitPro/libogc/lib/wii\libogc.a(stm.o)
                0x8002a3e8                STM_ShutdownToIdle
 .text.STM_SetLedMode
                0x8002a49c       0x40 D:/devkitPro/libogc/lib/wii\libogc.a(stm.o)
                0x8002a49c                STM_SetLedMode
 .text.STM_RebootSystem
                0x8002a4dc       0x50 D:/devkitPro/libogc/lib/wii\libogc.a(stm.o)
                0x8002a4dc                STM_RebootSystem
 .text.__IOS_InitializeSubsystems
                0x8002a52c       0x48 D:/devkitPro/libogc/lib/wii\libogc.a(ios.o)
                0x8002a52c                __IOS_InitializeSubsystems
 .text.__IOS_ShutdownSubsystems
                0x8002a574       0x48 D:/devkitPro/libogc/lib/wii\libogc.a(ios.o)
                0x8002a574                __IOS_ShutdownSubsystems
 .text.__IOS_LoadStartupIOS
                0x8002a5bc        0x8 D:/devkitPro/libogc/lib/wii\libogc.a(ios.o)
                0x8002a5bc                __IOS_LoadStartupIOS
 .text._ES_fstat_r
                0x8002a5c4      0x124 D:/devkitPro/libogc/lib/wii\libogc.a(es.o)
 .text._ES_seek_r
                0x8002a6e8       0xe0 D:/devkitPro/libogc/lib/wii\libogc.a(es.o)
 .text._ES_close_r
                0x8002a7c8       0xb4 D:/devkitPro/libogc/lib/wii\libogc.a(es.o)
 .text.__ES_Init
                0x8002a87c       0x78 D:/devkitPro/libogc/lib/wii\libogc.a(es.o)
                0x8002a87c                __ES_Init
 .text.__ES_Close