Archive member included to satisfy reference by file (symbol)

D:/devkitPro/libogc/lib/cube\libogc.a(video.o)
                              gxsprites.o (VIDEO_Init)
D:/devkitPro/libogc/lib/cube\libogc.a(pad.o)
                              gxsprites.o (PAD_Init)
D:/devkitPro/libogc/lib/cube\libogc.a(system.o)
                              D:/devkitPro/libogc/lib/cube\libogc.a(video.o) (__SYS_LockSram)
D:/devkitPro/libogc/lib/cube\libogc.a(system_asm.o)
                              D:/devkitPro/libogc/lib/cube\libogc.a(system.o) (__reset)
D:/devkitPro/libogc/lib/cube\libogc.a(cond.o)
                              D:/devkitPro/libogc/lib/cube\libogc.a(system.o) (__lwp_cond_init)
D:/devkitPro/libogc/lib/cube\libogc.a(gx.o)
                              gxsprites.o (GX_DrawDone)
D:/devkitPro/libogc/lib/cube\libogc.a(gu.o)
                              gxsprites.o (guOrtho)
D:/devkitPro/libogc/lib/cube\libogc.a(gu_psasm.o)
                              gxsprites.o (ps_guMtxIdentity)
D:/devkitPro/libogc/lib/cube\libogc.a(decrementer.o)
                              D:/devkitPro/libogc/lib/cube\libogc.a(system.o) (__decrementer_init)
D:/devkitPro/libogc/lib/cube\libogc.a(message.o)
                              D:/devkitPro/libogc/lib/cube\libogc.a(system.o) (__lwp_mqbox_init)
D:/devkitPro/libogc/lib/cube\libogc.a(si.o)
                              D:/devkitPro/libogc/lib/cube\libogc.a(pad.o) (SI_Busy)
D:/devkitPro/libogc/lib/cube\libogc.a(tpl.o)
                              gxsprites.o (TPL_OpenTPLFromMemory)
D:/devkitPro/libogc/lib/cube\libogc.a(ogc_crt0.o)
                              (_start)
D:/devkitPro/libogc/lib/cube\libogc.a(timesupp.o)
                              D:/devkitPro/libogc/lib/cube\libogc.a(system.o) (gettick)
D:/devkitPro/libogc/lib/cube\libogc.a(lock_supp.o)
                              D:/devkitPro/libogc/lib/cube\libogc.a(system.o) (__syscall_lock_init)
D:/devkitPro/libogc/lib/cube\libogc.a(sbrk.o)
                              D:/devkitPro/libogc/lib/cube\libogc.a(system.o) (_sbrk_r)
D:/devkitPro/libogc/lib/cube\libogc.a(malloc_lock.o)
                              D:/devkitPro/libogc/lib/cube\libogc.a(system.o) (__memlock_init)
D:/devkitPro/libogc/lib/cube\libogc.a(argv.o)
                              D:/devkitPro/libogc/lib/cube\libogc.a(ogc_crt0.o) (__CheckARGV)
D:/devkitPro/libogc/lib/cube\libogc.a(lwp_priority.o)
                              D:/devkitPro/libogc/lib/cube\libogc.a(system.o) (__lwp_priority_init)
D:/devkitPro/libogc/lib/cube\libogc.a(lwp_threadq.o)
                              D:/devkitPro/libogc/lib/cube\libogc.a(cond.o) (__lwp_threadqueue_init)
D:/devkitPro/libogc/lib/cube\libogc.a(lwp_threads.o)
                              D:/devkitPro/libogc/lib/cube\libogc.a(cond.o) (_thr_executing)
D:/devkitPro/libogc/lib/cube\libogc.a(lwp_messages.o)
                              D:/devkitPro/libogc/lib/cube\libogc.a(message.o) (__lwpmq_initialize)
D:/devkitPro/libogc/lib/cube\libogc.a(lwp.o)
                              D:/devkitPro/libogc/lib/cube\libogc.a(system.o) (__lwp_sysinit)
D:/devkitPro/libogc/lib/cube\libogc.a(lwp_handler.o)
                              D:/devkitPro/libogc/lib/cube\libogc.a(lwp_threads.o) (_cpu_context_save_fp)
D:/devkitPro/libogc/lib/cube\libogc.a(lwp_stack.o)
                              D:/devkitPro/libogc/lib/cube\libogc.a(lwp_threads.o) (__lwp_stack_allocate)
D:/devkitPro/libogc/lib/cube\libogc.a(lwp_mutex.o)
                              D:/devkitPro/libogc/lib/cube\libogc.a(malloc_lock.o) (__lwp_mutex_initialize)
D:/devkitPro/libogc/lib/cube\libogc.a(lwp_watchdog.o)
                              D:/devkitPro/libogc/lib/cube\libogc.a(system.o) (__lwp_watchdog_init)
D:/devkitPro/libogc/lib/cube\libogc.a(lwp_wkspace.o)
                              D:/devkitPro/libogc/lib/cube\libogc.a(lwp_messages.o) (__wkspace_heap)
D:/devkitPro/libogc/lib/cube\libogc.a(lwp_objmgr.o)
                              D:/devkitPro/libogc/lib/cube\libogc.a(system.o) (__lwp_objmgr_initinfo)
D:/devkitPro/libogc/lib/cube\libogc.a(lwp_heap.o)
                              D:/devkitPro/libogc/lib/cube\libogc.a(lwp_wkspace.o) (__lwp_heap_init)
D:/devkitPro/libogc/lib/cube\libogc.a(sys_state.o)
                              D:/devkitPro/libogc/lib/cube\libogc.a(system.o) (_sys_state_curr)
D:/devkitPro/libogc/lib/cube\libogc.a(exception.o)
                              D:/devkitPro/libogc/lib/cube\libogc.a(system.o) (__systemcall_init)
D:/devkitPro/libogc/lib/cube\libogc.a(irq.o)
                              D:/devkitPro/libogc/lib/cube\libogc.a(video.o) (__UnmaskIrq)
D:/devkitPro/libogc/lib/cube\libogc.a(irq_handler.o)
                              D:/devkitPro/libogc/lib/cube\libogc.a(exception.o) (irq_exceptionhandler)
D:/devkitPro/libogc/lib/cube\libogc.a(semaphore.o)
                              D:/devkitPro/libogc/lib/cube\libogc.a(system.o) (__lwp_sema_init)
[...]
Memory Configuration

Name             Origin             Length             Attributes
*default*        0x00000000         0xffffffff

Linker script and memory map

                0x80003100                        . = 0x80003100

.init           0x80003100      0x194
 *crt0.o(*.init)
 .init          0x80003100      0x170 D:/devkitPro/libogc/lib/cube\libogc.a(ogc_crt0.o)
                0x80003100                _start
                0x80003240                _memset
 *(.init)
 .init          0x80003270        0xc D:/devkitPro/devkitPPC/bin/../lib/gcc/powerpc-eabi/15.1.0/ecrti.o
                0x80003270                __init
 .init          0x8000327c        0x4 D:/devkitPro/devkitPPC/bin/../lib/gcc/powerpc-eabi/15.1.0/crtbegin.o
 .init          0x80003280        0x4 D:/devkitPro/devkitPPC/bin/../lib/gcc/powerpc-eabi/15.1.0/crtend.o
 .init          0x80003284       0x10 D:/devkitPro/devkitPPC/bin/../lib/gcc/powerpc-eabi/15.1.0/ecrtn.o

.rela.dyn       0x80003294        0x0
 .rela.iplt     0x80003294        0x0 D:/devkitPro/devkitPPC/bin/../lib/gcc/powerpc-eabi/15.1.0/crtbegin.o

.plt
 *(.plt)

.interp
 *(.interp)

.hash
 *(.hash)

.dynsym
 *(.dynsym)

.dynstr
 *(.dynstr)

.gnu.version
 *(.gnu.version)

.gnu.version_d
 *(.gnu.version_d)

.gnu.version_r
 *(.gnu.version_r)

.rel.init
 *(.rel.init)

.rela.init
 *(.rela.init)

.rel.text
 *(.rel.text .rel.text.* .rel.gnu.linkonce.t.*)

.rela.text      0x80003294        0x0
 *(.rela.text .rela.text.* .rela.gnu.linkonce.t.*)
 .rela.text.__do_global_dtors_aux
                0x80003294        0x0 D:/devkitPro/devkitPPC/bin/../lib/gcc/powerpc-eabi/15.1.0/crtbegin.o
 .rela.text.frame_dummy
                0x80003294        0x0 D:/devkitPro/devkitPPC/bin/../lib/gcc/powerpc-eabi/15.1.0/crtbegin.o
 .rela.text.unlikely.abort
                0x80003294        0x0 D:/devkitPro/devkitPPC/bin/../lib/gcc/powerpc-eabi/15.1.0/crtbegin.o

.rel.fini
 *(.rel.fini)

.rela.fini
 *(.rela.fini)

.rel.rodata
 *(.rel.rodata .rel.rodata.* .rel.gnu.linkonce.r.*)

.rela.rodata
 *(.rela.rodata .rela.rodata.* .rela.gnu.linkonce.r.*)

.rel.data
 *(.rel.data .rel.data.* .rel.gnu.linkonce.d.*)

.rela.data
 *(.rela.data .rela.data.* .rela.gnu.linkonce.d.*)

.rel.tdata
 *(.rel.tdata .rel.tdata.* .rel.gnu.linkonce.td.*)

.rela.tdata
 *(.rela.tdata .rela.tdata.* .rela.gnu.linkonce.td.*)

.rel.tbss
 *(.rel.tbss .rel.tbss.* .rel.gnu.linkonce.tb.*)

.rela.tbss
 *(.rela.tbss .rela.tbss.* .rela.gnu.linkonce.tb.*)

.rel.ctors
 *(.rel.ctors)

.rela.ctors
 *(.rela.ctors)

.rel.dtors
 *(.rel.dtors)

.rela.dtors
 *(.rela.dtors)

.rel.got
 *(.rel.got)

.rela.got
 *(.rela.got)

.rela.got1
 *(.rela.got1)

.rela.got2
 *(.rela.got2)

.rel.sdata
 *(.rel.sdata .rel.sdata.* .rel.gnu.linkonce.s.*)

.rela.sdata
 *(.rela.sdata .rela.sdata.* .rela.gnu.linkonce.s.*)

.rel.sbss
 *(.rel.sbss .rel.sbss.* .rel.gnu.linkonce.sb.*)

.rela.sbss
 *(.rela.sbss .rela.sbss.* .rel.gnu.linkonce.sb.*)

.rel.sdata2
 *(.rel.sdata2 .rel.sdata2.* .rel.gnu.linkonce.s2.*)

.rela.sdata2
 *(.rela.sdata2 .rela.sdata2.* .rela.gnu.linkonce.s2.*)

.rel.sbss2
 *(.rel.sbss2 .rel.sbss2.* .rel.gnu.linkonce.sb2.*)

.rela.sbss2
 *(.rela.sbss2 .rela.sbss2.* .rela.gnu.linkonce.sb2.*)

.rel.bss
 *(.rel.bss .rel.bss.* .rel.gnu.linkonce.b.*)

.rela.bss
 *(.rela.bss .rela.bss.* .rela.gnu.linkonce.b.*)

.rel.plt
 *(.rel.plt)

.rela.plt
 *(.rela.plt)

.text           0x800032a0    0x1b860
 *(.text)
 .text          0x800032a0      0x400 D:/devkitPro/libogc/lib/cube\libogc.a(system_asm.o)
                0x800032a0                __realmode
                0x800032b8                __configBATS
                0x8000338c                __InitFPRS
                0x800034b8                __InitPS
                0x80003514                __InitCache
                0x8000356c                __InitSystem
                0x800035e4                __reset
                0x80003654                __InitBATS
                0x80003670                SYS_SwitchFiber
 .text          0x800036a0      0x8dc D:/devkitPro/libogc/lib/cube\libogc.a(gu_psasm.o)
                0x800036a0                ps_guMtxConcat
                0x80003764                ps_guMtxIdentity
                0x80003790                ps_guMtxCopy
                0x800037c4                ps_guMtxTranspose
                0x80003814                ps_guMtxInverse
                0x8000390c                ps_guMtxInvXpose
                0x800039d4                ps_guMtxScale
                0x800039fc                ps_guMtxScaleApply
                0x80003a54                ps_guMtxApplyScale
                0x80003ab8                ps_guMtxTrans
                0x80003aec                ps_guMtxTransApply
                0x80003b38                ps_guMtxApplyTrans
                0x80003bb4                ps_guMtxRotTrig
                0x80003c64                __ps_guMtxRotAxisRadInternal
                0x80003d24                ps_guMtxReflect
                0x80003d94                ps_guVecAdd
                0x80003db8                ps_guVecSub
                0x80003ddc                ps_guVecScale
                0x80003df8                ps_guVecNormalize
                0x80003e3c                ps_guVecCross
                0x80003e78                ps_guVecDotProduct
                0x80003e98                ps_guVecMultiply
                0x80003eec                ps_guVecMultiplySR
                0x80003f5c                ps_guQuatDotProduct
 *fill*         0x80003f7c        0x4 00000000
 .text          0x80003f80      0x44c D:/devkitPro/libogc/lib/cube\libogc.a(lwp_handler.o)
                0x80003f80                _cpu_context_save_fp
                0x800040c0                _cpu_context_restore_fp
                0x80004200                _cpu_context_switch
                0x800042e0                _cpu_context_save
                0x80004360                _cpu_context_restore
 .text          0x800043cc      0x1ac D:/devkitPro/libogc/lib/cube\libogc.a(irq_handler.o)
                0x800043cc                irq_exceptionhandler
 .text          0x80004578      0x4f4 D:/devkitPro/libogc/lib/cube\libogc.a(cache_asm.o)
                0x80004578                DCFlashInvalidate
                0x8000458c                DCEnable
                0x800045a0                DCDisable
                0x800045b4                DCFreeze
                0x800045c8                DCUnfreeze
                0x800045dc                DCTouchLoad
                0x800045e4                DCBlockZero
                0x800045ec                DCBlockStore
                0x800045f4                DCBlockFlush
                0x800045fc                DCBlockInvalidate
                0x80004604                DCInvalidateRange
                0x80004634                DCFlushRange
                0x80004668                DCStoreRange
                0x8000469c                DCFlushRangeNoSync
                0x800046cc                DCStoreRangeNoSync
                0x800046fc                DCZeroRange
                0x8000472c                DCTouchRange
                0x8000475c                ICInvalidateRange
                0x80004794                ICFlashInvalidate
                0x800047a8                ICEnable
                0x800047bc                ICDisable
                0x800047d0                ICFreeze
                0x800047e4                ICUnfreeze
                0x800047f8                ICBlockInvalidate
                0x80004800                ICSync
                0x80004808                L2Init
                0x80004850                L2Enable
                0x8000486c                L2Disable
                0x80004884                L2GlobalInvalidate
                0x800048dc                __LCEnable
                0x800049a8                LCDisable
                0x800049d0                LCAllocOneTag
                0x800049e4                LCAllocTags
                0x80004a24                LCLoadBlocks
                0x80004a48                LCStoreBlocks
 .text          0x80004a6c      0x1ac D:/devkitPro/libogc/lib/cube\libogc.a(decrementer_handler.o)
                0x80004a6c                dec_exceptionhandler
 .text          0x80004c18      0x35c D:/devkitPro/libogc/lib/cube\libogc.a(exception_handler.o)
                0x80004c18                exceptionhandler_start
                0x80004c94                exceptionhandler_patch
                0x80004cc8                exceptionhandler_end
                0x80004ccc                default_exceptionhandler
                0x80004dfc                fpu_exceptionhandler
                0x80004f44                systemcallhandler_start
                0x80004f70                systemcallhandler_end
 .text          0x80004f74       0x48 D:/devkitPro/devkitPPC/bin/../lib/gcc/powerpc-eabi/15.1.0\libgcc.a(eabi.o)
                0x80004f74                __eabi
 *(.text.*)
 .text.__do_global_dtors_aux
                0x80004fbc       0xcc D:/devkitPro/devkitPPC/bin/../lib/gcc/powerpc-eabi/15.1.0/crtbegin.o
 .text.frame_dummy
                0x80005088       0x24 D:/devkitPro/devkitPPC/bin/../lib/gcc/powerpc-eabi/15.1.0/crtbegin.o
 .text.__crtmain
                0x800050ac       0x40 D:/devkitPro/devkitPPC/bin/../lib/gcc/powerpc-eabi/15.1.0/../../../../powerpc-eabi/lib/crtmain.o
                0x800050b0                __crtmain
 .text.drawSpriteTex
                0x800050ec      0x19c gxsprites.o
                0x800050ec                drawSpriteTex
 .text.startup.main
                0x80005288      0x5cc gxsprites.o
                0x80005288                main
 .text.__VIRetraceHandler
                0x80005854      0x200 D:/devkitPro/libogc/lib/cube\libogc.a(video.o)
 .text.__setFbbRegs.constprop.0
                0x80005a54      0x190 D:/devkitPro/libogc/lib/cube\libogc.a(video.o)
 .text.__VIClearFramebuffer
                0x80005be4       0x48 D:/devkitPro/libogc/lib/cube\libogc.a(video.o)
                0x80005be4                __VIClearFramebuffer
 .text.VIDEO_Init
                0x80005c2c      0x3a8 D:/devkitPro/libogc/lib/cube\libogc.a(video.o)
                0x80005c2c                VIDEO_Init
 .text.VIDEO_Configure
                0x80005fd4      0x5dc D:/devkitPro/libogc/lib/cube\libogc.a(video.o)
                0x80005fd4                VIDEO_Configure
 .text.VIDEO_WaitVSync
                0x800065b0       0x74 D:/devkitPro/libogc/lib/cube\libogc.a(video.o)
                0x800065b0                VIDEO_WaitVSync
 .text.VIDEO_SetFramebuffer
                0x80006624       0xd0 D:/devkitPro/libogc/lib/cube\libogc.a(video.o)
                0x80006624                VIDEO_SetFramebuffer
 .text.VIDEO_SetNextFramebuffer
                0x800066f4       0x70 D:/devkitPro/libogc/lib/cube\libogc.a(video.o)
                0x800066f4                VIDEO_SetNextFramebuffer
 .text.VIDEO_Flush
                0x80006764       0xf4 D:/devkitPro/libogc/lib/cube\libogc.a(video.o)
                0x80006764                VIDEO_Flush
 .text.VIDEO_SetBlack
                0x80006858      0x15c D:/devkitPro/libogc/lib/cube\libogc.a(video.o)
                0x80006858                VIDEO_SetBlack
 .text.VIDEO_GetCurrentTvMode
                0x800069b4       0x78 D:/devkitPro/libogc/lib/cube\libogc.a(video.o)
                0x800069b4                VIDEO_GetCurrentTvMode
 .text.VIDEO_GetPreferredMode
                0x80006a2c       0xe0 D:/devkitPro/libogc/lib/cube\libogc.a(video.o)
                0x80006a2c                VIDEO_GetPreferredMode
 .text.VIDEO_GetCurrentLine
                0x80006b0c       0x9c D:/devkitPro/libogc/lib/cube\libogc.a(video.o)
                0x80006b0c                VIDEO_GetCurrentLine
 .text.VIDEO_GetFrameBufferSize
                0x80006ba8       0x34 D:/devkitPro/libogc/lib/cube\libogc.a(video.o)
                0x80006ba8                VIDEO_GetFrameBufferSize
 .text.SPEC1_MakeStatus
                0x80006bdc      0x104 D:/devkitPro/libogc/lib/cube\libogc.a(pad.o)
 .text.__pad_samplinghandler
                0x80006ce0        0x4 D:/devkitPro/libogc/lib/cube\libogc.a(pad.o)
 .text.__pad_doreset
                0x80006ce4       0x50 D:/devkitPro/libogc/lib/cube\libogc.a(pad.o)
 .text.__pad_updateorigin
                0x80006d34       0x94 D:/devkitPro/libogc/lib/cube\libogc.a(pad.o)
 .text.__pad_disable
                0x80006dc8       0xbc D:/devkitPro/libogc/lib/cube\libogc.a(pad.o)
 .text.__pad_receivecheckcallback
                0x80006e84       0x74 D:/devkitPro/libogc/lib/cube\libogc.a(pad.o)
 .text.__pad_typeandstatuscallback
                0x80006ef8      0x1b4 D:/devkitPro/libogc/lib/cube\libogc.a(pad.o)
 .text.__pad_originupdatecallback
                0x800070ac       0x2c D:/devkitPro/libogc/lib/cube\libogc.a(pad.o)
 .text.SPEC2_MakeStatus
                0x800070d8      0x220 D:/devkitPro/libogc/lib/cube\libogc.a(pad.o)
 .text.__pad_onreset
                0x800072f8      0x10c D:/devkitPro/libogc/lib/cube\libogc.a(pad.o)
 .text.__pad_origincallback
                0x80007404       0x74 D:/devkitPro/libogc/lib/cube\libogc.a(pad.o)
 .text.__pad_probecallback
                0x80007478       0x84 D:/devkitPro/libogc/lib/cube\libogc.a(pad.o)
 .text.__PADDisableRecalibration
                0x800074fc       0x60 D:/devkitPro/libogc/lib/cube\libogc.a(pad.o)
                0x800074fc                __PADDisableRecalibration
 .text.PAD_Reset
                0x8000755c       0xf0 D:/devkitPro/libogc/lib/cube\libogc.a(pad.o)
                0x8000755c                PAD_Reset
 .text.PAD_Read
                0x8000764c      0x2cc D:/devkitPro/libogc/lib/cube\libogc.a(pad.o)
                0x8000764c                PAD_Read
 .text.PAD_Init
                0x80007918       0xf8 D:/devkitPro/libogc/lib/cube\libogc.a(pad.o)
                0x80007918                PAD_Init
 .text.PAD_ScanPads
                0x80007a10      0x13c D:/devkitPro/libogc/lib/cube\libogc.a(pad.o)
                0x80007a10                PAD_ScanPads
 .text.PAD_ButtonsDown
                0x80007b4c       0x40 D:/devkitPro/libogc/lib/cube\libogc.a(pad.o)
                0x80007b4c                PAD_ButtonsDown
 .text.__call_resetfuncs
                0x80007b8c       0xbc D:/devkitPro/libogc/lib/cube\libogc.a(system.o)
 .text.__MEMInterruptHandler
                0x80007c48       0x14 D:/devkitPro/libogc/lib/cube\libogc.a(system.o)
 .text.__RSWDefaultHandler
                0x80007c5c        0x4 D:/devkitPro/libogc/lib/cube\libogc.a(system.o)
 .text.__getrtc
                0x80007c60      0x14c D:/devkitPro/libogc/lib/cube\libogc.a(system.o)
 .text.__sram_write
                0x80007dac      0x144 D:/devkitPro/libogc/lib/cube\libogc.a(system.o)
 .text.__sram_writecallback
                0x80007ef0       0x54 D:/devkitPro/libogc/lib/cube\libogc.a(system.o)
 .text.__RSWHandler
                0x80007f44       0xfc D:/devkitPro/libogc/lib/cube\libogc.a(system.o)
 .text.__mem_onreset
                0x80008040       0x48 D:/devkitPro/libogc/lib/cube\libogc.a(system.o)
 .text.__unlocksram
                0x80008088      0x130 D:/devkitPro/libogc/lib/cube\libogc.a(system.o)
 .text.__sys_alarmhandler
                0x800081b8      0x14c D:/devkitPro/libogc/lib/cube\libogc.a(system.o)
 .text.__syscall_malloc_lock
                0x80008304        0x4 D:/devkitPro/libogc/lib/cube\libogc.a(system.o)
                0x80008304                __syscall_malloc_lock
 .text.__syscall_malloc_unlock
                0x80008308        0x4 D:/devkitPro/libogc/lib/cube\libogc.a(system.o)
                0x80008308                __syscall_malloc_unlock
 .text.__syscall_gettod_r
                0x8000830c        0x4 D:/devkitPro/libogc/lib/cube\libogc.a(system.o)
                0x8000830c                __syscall_gettod_r
 .text.__SYS_LockSram
                0x80008310       0x5c D:/devkitPro/libogc/lib/cube\libogc.a(system.o)
                0x80008310                __SYS_LockSram
 .text.__SYS_UnlockSram
                0x8000836c        0x8 D:/devkitPro/libogc/lib/cube\libogc.a(system.o)
                0x8000836c                __SYS_UnlockSram
 .text.__SYS_GetRTC
                0x80008374       0x98 D:/devkitPro/libogc/lib/cube\libogc.a(system.o)
                0x80008374                __SYS_GetRTC
 .text.__SYS_SetBootTime
                0x8000840c      0x14c D:/devkitPro/libogc/lib/cube\libogc.a(system.o)
                0x8000840c                __SYS_SetBootTime
 .text.__SYS_PreInit
                0x80008558        0x4 D:/devkitPro/libogc/lib/cube\libogc.a(system.o)
                0x80008558                __SYS_PreInit
 .text.SYS_PreMain
                0x8000855c        0x4 D:/devkitPro/libogc/lib/cube\libogc.a(system.o)
                0x8000855c                SYS_PreMain
 .text.SYS_ResetButtonDown
                0x80008560       0x18 D:/devkitPro/libogc/lib/cube\libogc.a(system.o)
                0x80008560                SYS_ResetButtonDown
 .text.SYS_ResetSystem
                0x80008578      0x2e0 D:/devkitPro/libogc/lib/cube\libogc.a(system.o)
                0x80008578                SYS_ResetSystem
 .text.__reload
                0x80008858       0x7c D:/devkitPro/libogc/lib/cube\libogc.a(system.o)
                0x80008858                __reload
 .text.__syscall_exit
                0x800088d4       0x8c D:/devkitPro/libogc/lib/cube\libogc.a(system.o)
                0x800088d4                __syscall_exit
 .text.SYS_RegisterResetFunc
                0x80008960       0x78 D:/devkitPro/libogc/lib/cube\libogc.a(system.o)
                0x80008960                SYS_RegisterResetFunc
 .text.SYS_SetArena1Lo
                0x800089d8       0x38 D:/devkitPro/libogc/lib/cube\libogc.a(system.o)
                0x800089d8                SYS_SetArena1Lo
 .text.SYS_GetArena1Lo
                0x80008a10       0x38 D:/devkitPro/libogc/lib/cube\libogc.a(system.o)
                0x80008a10                SYS_GetArena1Lo
 .text.SYS_GetArena1Hi
                0x80008a48       0x38 D:/devkitPro/libogc/lib/cube\libogc.a(system.o)
                0x80008a48                SYS_GetArena1Hi
 .text.SYS_AllocateFramebuffer
                0x80008a80       0x28 D:/devkitPro/libogc/lib/cube\libogc.a(system.o)
                0x80008a80                SYS_AllocateFramebuffer
 .text.SYS_CreateAlarm
                0x80008aa8      0x104 D:/devkitPro/libogc/lib/cube\libogc.a(system.o)
                0x80008aa8                SYS_CreateAlarm
 .text.SYS_SetAlarm
                0x80008bac      0x218 D:/devkitPro/libogc/lib/cube\libogc.a(system.o)
                0x80008bac                SYS_SetAlarm
 .text.SYS_CancelAlarm
                0x80008dc4       0xbc D:/devkitPro/libogc/lib/cube\libogc.a(system.o)
                0x80008dc4                SYS_CancelAlarm
 .text.SYS_GetWirelessID
                0x80008e80       0x90 D:/devkitPro/libogc/lib/cube\libogc.a(system.o)
                0x80008e80                SYS_GetWirelessID
 .text.SYS_SetWirelessID
                0x80008f10       0x90 D:/devkitPro/libogc/lib/cube\libogc.a(system.o)
                0x80008f10                SYS_SetWirelessID
 .text.SYS_SetGBSMode
                0x80008fa0       0xa8 D:/devkitPro/libogc/lib/cube\libogc.a(system.o)
                0x80008fa0                SYS_SetGBSMode
 .text.__sram_init
                0x80009048      0x1c0 D:/devkitPro/libogc/lib/cube\libogc.a(system.o)
                0x80009048                __sram_init
 .text.SYS_Init
                0x80009208      0x5d0 D:/devkitPro/libogc/lib/cube\libogc.a(system.o)
                0x80009208                SYS_Init
 .text.SYS_Time
                0x800097d8       0x78 D:/devkitPro/libogc/lib/cube\libogc.a(system.o)
                0x800097d8                SYS_Time
 .text.__lwp_cond_init
                0x80009850       0x14 D:/devkitPro/libogc/lib/cube\libogc.a(cond.o)
                0x80009850                __lwp_cond_init
 .text.__GXTokenInterruptHandler
                0x80009864       0x6c D:/devkitPro/libogc/lib/cube\libogc.a(gx.o)
 .text.__GXDefTlutRegionCallback
                0x800098d0       0x18 D:/devkitPro/libogc/lib/cube\libogc.a(gx.o)
 .text.__SetSURegs
                0x800098e8       0x90 D:/devkitPro/libogc/lib/cube\libogc.a(gx.o)
 .text.__SETVCDATTR
                0x80009978      0x230 D:/devkitPro/libogc/lib/cube\libogc.a(gx.o)
 .text.__SETVCDFMT
                0x80009ba8      0x4cc D:/devkitPro/libogc/lib/cube\libogc.a(gx.o)
 .text.__GXCPInterruptHandler
                0x8000a074      0x160 D:/devkitPro/libogc/lib/cube\libogc.a(gx.o)
 .text.__GXFinishInterruptHandler
                0x8000a1d4       0x58 D:/devkitPro/libogc/lib/cube\libogc.a(gx.o)
 .text.GX_SetTexCoordGen2.part.0
                0x8000a22c      0x278 D:/devkitPro/libogc/lib/cube\libogc.a(gx.o)
 .text.__GXDefTexRegionCallback
                0x8000a4a4       0x58 D:/devkitPro/libogc/lib/cube\libogc.a(gx.o)
 .text.GX_InitTexObj.part.0
                0x8000a4fc      0x1c4 D:/devkitPro/libogc/lib/cube\libogc.a(gx.o)
 .text.__GX_SetDirtyState
                0x8000a6c0      0x6f8 D:/devkitPro/libogc/lib/cube\libogc.a(gx.o)
 .text.GX_SetCPUFifo
                0x8000adb8      0x20c D:/devkitPro/libogc/lib/cube\libogc.a(gx.o)
                0x8000adb8                GX_SetCPUFifo
 .text.GX_SetGPFifo
                0x8000afc4      0x250 D:/devkitPro/libogc/lib/cube\libogc.a(gx.o)
                0x8000afc4                GX_SetGPFifo
 .text.GX_AbortFrame
                0x8000b214      0x240 D:/devkitPro/libogc/lib/cube\libogc.a(gx.o)
                0x8000b214                GX_AbortFrame
 .text.__gx_onreset
                0x8000b454       0x7c D:/devkitPro/libogc/lib/cube\libogc.a(gx.o)
 .text.GX_DrawDone
                0x8000b4d0       0xfc D:/devkitPro/libogc/lib/cube\libogc.a(gx.o)
                0x8000b4d0                GX_DrawDone
 .text.GX_SetViewport
                0x8000b5cc       0x78 D:/devkitPro/libogc/lib/cube\libogc.a(gx.o)
                0x8000b5cc                GX_SetViewport
 .text.GX_LoadProjectionMtx
                0x8000b644       0xf0 D:/devkitPro/libogc/lib/cube\libogc.a(gx.o)
                0x8000b644                GX_LoadProjectionMtx
 .text.GX_SetCopyClear
                0x8000b734       0x4c D:/devkitPro/libogc/lib/cube\libogc.a(gx.o)
                0x8000b734                GX_SetCopyClear
 .text.GX_SetDispCopyGamma
                0x8000b780       0x18 D:/devkitPro/libogc/lib/cube\libogc.a(gx.o)
                0x8000b780                GX_SetDispCopyGamma
 .text.GX_SetCopyFilter
                0x8000b798      0x25c D:/devkitPro/libogc/lib/cube\libogc.a(gx.o)
                0x8000b798                GX_SetCopyFilter
 .text.GX_SetDispCopyYScale
                0x8000b9f4       0xf8 D:/devkitPro/libogc/lib/cube\libogc.a(gx.o)
                0x8000b9f4                GX_SetDispCopyYScale
 .text.GX_SetDispCopyDst
                0x8000baec       0x20 D:/devkitPro/libogc/lib/cube\libogc.a(gx.o)
                0x8000baec                GX_SetDispCopyDst
 .text.GX_SetDispCopySrc
                0x8000bb0c       0x38 D:/devkitPro/libogc/lib/cube\libogc.a(gx.o)
                0x8000bb0c                GX_SetDispCopySrc
 .text.GX_CopyDisp
                0x8000bb44      0x124 D:/devkitPro/libogc/lib/cube\libogc.a(gx.o)
                0x8000bb44                GX_CopyDisp
 .text.GX_SetVtxDesc
                0x8000bc68       0x34 D:/devkitPro/libogc/lib/cube\libogc.a(gx.o)
                0x8000bc68                GX_SetVtxDesc
 .text.GX_SetVtxAttrFmt
                0x8000bc9c       0x54 D:/devkitPro/libogc/lib/cube\libogc.a(gx.o)
                0x8000bc9c                GX_SetVtxAttrFmt
 .text.GX_Begin
                0x8000bcf0       0x6c D:/devkitPro/libogc/lib/cube\libogc.a(gx.o)
                0x8000bcf0                GX_Begin
 .text.GX_SetTexCoordGen
                0x8000bd5c       0x14 D:/devkitPro/libogc/lib/cube\libogc.a(gx.o)
                0x8000bd5c                GX_SetTexCoordGen
 .text.GX_LoadPosMtxImm
                0x8000bd70       0x50 D:/devkitPro/libogc/lib/cube\libogc.a(gx.o)
                0x8000bd70                GX_LoadPosMtxImm
 .text.GX_SetNumTexGens
                0x8000bdc0       0x28 D:/devkitPro/libogc/lib/cube\libogc.a(gx.o)
                0x8000bdc0                GX_SetNumTexGens
 .text.GX_InvVtxCache
                0x8000bde8       0x14 D:/devkitPro/libogc/lib/cube\libogc.a(gx.o)
                0x8000bde8                GX_InvVtxCache
 .text.GX_SetZMode
                0x8000bdfc       0x38 D:/devkitPro/libogc/lib/cube\libogc.a(gx.o)
                0x8000bdfc                GX_SetZMode
 .text.GX_InitTexObj
                0x8000be34        0xc D:/devkitPro/libogc/lib/cube\libogc.a(gx.o)
                0x8000be34                GX_InitTexObj
 .text.GX_InitTexObjLOD
                0x8000be40      0x238 D:/devkitPro/libogc/lib/cube\libogc.a(gx.o)
                0x8000be40                GX_InitTexObjLOD
 .text.GX_LoadTexObjPreloaded
                0x8000c078      0x188 D:/devkitPro/libogc/lib/cube\libogc.a(gx.o)
                0x8000c078                GX_LoadTexObjPreloaded
 .text.GX_LoadTexObj
                0x8000c200       0x58 D:/devkitPro/libogc/lib/cube\libogc.a(gx.o)
                0x8000c200                GX_LoadTexObj
 .text.GX_InvalidateTexAll
                0x8000c258       0x50 D:/devkitPro/libogc/lib/cube\libogc.a(gx.o)
                0x8000c258                GX_InvalidateTexAll
 .text.GX_SetBlendMode
                0x8000c2a8       0xd4 D:/devkitPro/libogc/lib/cube\libogc.a(gx.o)
                0x8000c2a8                GX_SetBlendMode
 .text.GX_ClearVtxDesc
                0x8000c37c       0x38 D:/devkitPro/libogc/lib/cube\libogc.a(gx.o)
                0x8000c37c                GX_ClearVtxDesc
 .text.GX_SetTevColorIn
                0x8000c3b4       0x44 D:/devkitPro/libogc/lib/cube\libogc.a(gx.o)
                0x8000c3b4                GX_SetTevColorIn
 .text.GX_SetTevAlphaIn
                0x8000c3f8       0x44 D:/devkitPro/libogc/lib/cube\libogc.a(gx.o)
                0x8000c3f8                GX_SetTevAlphaIn
 .text.GX_SetTevColorOp
                0x8000c43c       0x98 D:/devkitPro/libogc/lib/cube\libogc.a(gx.o)
                0x8000c43c                GX_SetTevColorOp
 .text.GX_SetTevAlphaOp
                0x8000c4d4       0x98 D:/devkitPro/libogc/lib/cube\libogc.a(gx.o)
                0x8000c4d4                GX_SetTevAlphaOp
 .text.GX_SetTevOp
                0x8000c56c      0x170 D:/devkitPro/libogc/lib/cube\libogc.a(gx.o)
                0x8000c56c                GX_SetTevOp
 .text.GX_SetCullMode
                0x8000c6dc       0x2c D:/devkitPro/libogc/lib/cube\libogc.a(gx.o)
                0x8000c6dc                GX_SetCullMode
 .text.GX_SetScissor
                0x8000c708       0x78 D:/devkitPro/libogc/lib/cube\libogc.a(gx.o)
                0x8000c708                GX_SetScissor
 .text.GX_SetNumChans
                0x8000c780       0x28 D:/devkitPro/libogc/lib/cube\libogc.a(gx.o)
                0x8000c780                GX_SetNumChans
 .text.GX_SetTevOrder
                0x8000c7a8      0x178 D:/devkitPro/libogc/lib/cube\libogc.a(gx.o)
                0x8000c7a8                GX_SetTevOrder
 .text.GX_SetTevKColorSel
                0x8000c920       0x54 D:/devkitPro/libogc/lib/cube\libogc.a(gx.o)
                0x8000c920                GX_SetTevKColorSel
 .text.GX_SetTevKAlphaSel
                0x8000c974       0x54 D:/devkitPro/libogc/lib/cube\libogc.a(gx.o)
                0x8000c974                GX_SetTevKAlphaSel
 .text.GX_SetTevSwapModeTable
                0x8000c9c8       0x64 D:/devkitPro/libogc/lib/cube\libogc.a(gx.o)
                0x8000c9c8                GX_SetTevSwapModeTable
 .text.GX_SetFog
                0x8000ca2c      0x244 D:/devkitPro/libogc/lib/cube\libogc.a(gx.o)
                0x8000ca2c                GX_SetFog
 .text.GX_SetColorUpdate
                0x8000cc70       0x30 D:/devkitPro/libogc/lib/cube\libogc.a(gx.o)
                0x8000cc70                GX_SetColorUpdate
 .text.GX_SetAlphaUpdate
                0x8000cca0       0x30 D:/devkitPro/libogc/lib/cube\libogc.a(gx.o)
                0x8000cca0                GX_SetAlphaUpdate
 .text.GX_SetPixelFmt
                0x8000ccd0       0xe0 D:/devkitPro/libogc/lib/cube\libogc.a(gx.o)
                0x8000ccd0                GX_SetPixelFmt
 .text.GX_SetFieldMode
                0x8000cdb0       0x58 D:/devkitPro/libogc/lib/cube\libogc.a(gx.o)
                0x8000cdb0                GX_SetFieldMode
 .text.GX_SetGPMetric
                0x8000ce08      0x7fc D:/devkitPro/libogc/lib/cube\libogc.a(gx.o)
                0x8000ce08                GX_SetGPMetric
 .text.GX_Init  0x8000d604     0x11f0 D:/devkitPro/libogc/lib/cube\libogc.a(gx.o)
                0x8000d604                GX_Init
 .text.GX_GetYScaleFactor
                0x8000e7f4      0x2c0 D:/devkitPro/libogc/lib/cube\libogc.a(gx.o)
                0x8000e7f4                GX_GetYScaleFactor
 .text.guOrtho  0x8000eab4       0x98 D:/devkitPro/libogc/lib/cube\libogc.a(gu.o)
                0x8000eab4                guOrtho
 .text.__decrementer_init
                0x8000eb4c        0x4 D:/devkitPro/libogc/lib/cube\libogc.a(decrementer.o)
                0x8000eb4c                __decrementer_init
 .text.c_decrementer_handler
                0x8000eb50        0xc D:/devkitPro/libogc/lib/cube\libogc.a(decrementer.o)
                0x8000eb50                c_decrementer_handler
 .text.__lwp_mqbox_init
                0x8000eb5c       0x14 D:/devkitPro/libogc/lib/cube\libogc.a(message.o)
                0x8000eb5c                __lwp_mqbox_init
 .text.__si_transfer
                0x8000eb70      0x1d0 D:/devkitPro/libogc/lib/cube\libogc.a(si.o)
 .text.__si_alarmhandler
                0x8000ed40       0xa0 D:/devkitPro/libogc/lib/cube\libogc.a(si.o)
 .text.__si_completetransfer
                0x8000ede0      0x1fc D:/devkitPro/libogc/lib/cube\libogc.a(si.o)
 .text.__si_transfernext
                0x8000efdc       0xd8 D:/devkitPro/libogc/lib/cube\libogc.a(si.o)
 .text.SI_Busy  0x8000f0b4       0x18 D:/devkitPro/libogc/lib/cube\libogc.a(si.o)
                0x8000f0b4                SI_Busy
 .text.SI_IsChanBusy
                0x8000f0cc       0x38 D:/devkitPro/libogc/lib/cube\libogc.a(si.o)
                0x8000f0cc                SI_IsChanBusy
 .text.SI_SetXY
                0x8000f104       0x64 D:/devkitPro/libogc/lib/cube\libogc.a(si.o)
                0x8000f104                SI_SetXY
 .text.SI_EnablePolling
                0x8000f168       0x78 D:/devkitPro/libogc/lib/cube\libogc.a(si.o)
                0x8000f168                SI_EnablePolling
 .text.SI_DisablePolling
                0x8000f1e0       0x58 D:/devkitPro/libogc/lib/cube\libogc.a(si.o)
                0x8000f1e0                SI_DisablePolling
 .text.SI_SetSamplingRate
                0x8000f238       0xd8 D:/devkitPro/libogc/lib/cube\libogc.a(si.o)
                0x8000f238                SI_SetSamplingRate
 .text.SI_RefreshSamplingRate
                0x8000f310        0x8 D:/devkitPro/libogc/lib/cube\libogc.a(si.o)
                0x8000f310                SI_RefreshSamplingRate
 .text.SI_GetStatus
                0x8000f318       0x78 D:/devkitPro/libogc/lib/cube\libogc.a(si.o)
                0x8000f318                SI_GetStatus
 .text.SI_GetResponseRaw
                0x8000f390       0xe8 D:/devkitPro/libogc/lib/cube\libogc.a(si.o)
                0x8000f390                SI_GetResponseRaw
 .text.SI_GetResponse
                0x8000f478       0xb8 D:/devkitPro/libogc/lib/cube\libogc.a(si.o)
                0x8000f478                SI_GetResponse
 .text.SI_SetCommand
                0x8000f530       0x10 D:/devkitPro/libogc/lib/cube\libogc.a(si.o)
                0x8000f530                SI_SetCommand
 .text.SI_Transfer
                0x8000f540      0x2d0 D:/devkitPro/libogc/lib/cube\libogc.a(si.o)
                0x8000f540                SI_Transfer
 .text.__si_gettypecallback
                0x8000f810      0x2b8 D:/devkitPro/libogc/lib/cube\libogc.a(si.o)
 .text.__si_interrupthandler
                0x8000fac8      0x278 D:/devkitPro/libogc/lib/cube\libogc.a(si.o)
 .text.SI_GetType
                0x8000fd40      0x214 D:/devkitPro/libogc/lib/cube\libogc.a(si.o)
                0x8000fd40                SI_GetType
 .text.SI_GetTypeAsync
                0x8000ff54      0x13c D:/devkitPro/libogc/lib/cube\libogc.a(si.o)
                0x8000ff54                SI_GetTypeAsync
 .text.SI_EnablePollingInterrupt
                0x80010090       0x8c D:/devkitPro/libogc/lib/cube\libogc.a(si.o)
                0x80010090                SI_EnablePollingInterrupt
 .text.SI_UnregisterPollingHandler
                0x8001011c       0xf4 D:/devkitPro/libogc/lib/cube\libogc.a(si.o)
                0x8001011c                SI_UnregisterPollingHandler
 .text.__si_init
                0x80010210       0xe0 D:/devkitPro/libogc/lib/cube\libogc.a(si.o)
                0x80010210                __si_init
 .text.TPL_GetTextureSize
                0x800102f0       0x9c D:/devkitPro/libogc/lib/cube\libogc.a(tpl.o)
 .text.TPL_OpenTPLFromMemory
                0x8001038c       0xa4 D:/devkitPro/libogc/lib/cube\libogc.a(tpl.o)
                0x8001038c                TPL_OpenTPLFromMemory
 .text.TPL_GetTexture
                0x80010430      0x1f8 D:/devkitPro/libogc/lib/cube\libogc.a(tpl.o)
                0x80010430                TPL_GetTexture
 .text.gettick  0x80010628        0x8 D:/devkitPro/libogc/lib/cube\libogc.a(timesupp.o)
                0x80010628                gettick
 .text.gettime  0x80010630       0x18 D:/devkitPro/libogc/lib/cube\libogc.a(timesupp.o)
                0x80010630                gettime
 .text.settime  0x80010648       0x14 D:/devkitPro/libogc/lib/cube\libogc.a(timesupp.o)
                0x80010648                settime
 .text.diff_usec
                0x8001065c       0x90 D:/devkitPro/libogc/lib/cube\libogc.a(timesupp.o)
                0x8001065c                diff_usec
 .text.__timesystem_init
                0x800106ec       0x1c D:/devkitPro/libogc/lib/cube\libogc.a(timesupp.o)
                0x800106ec                __timesystem_init
 .text.udelay   0x80010708       0xb0 D:/devkitPro/libogc/lib/cube\libogc.a(timesupp.o)
                0x80010708                udelay
 .text.__libogc_gettod_r
                0x800107b8       0xd4 D:/devkitPro/libogc/lib/cube\libogc.a(timesupp.o)
                0x800107b8                __libogc_gettod_r
 .text.__syscall_lock_init
                0x8001088c       0x6c D:/devkitPro/libogc/lib/cube\libogc.a(lock_supp.o)
                0x8001088c                __syscall_lock_init
 .text.__syscall_lock_init_recursive
                0x800108f8       0x6c D:/devkitPro/libogc/lib/cube\libogc.a(lock_supp.o)
                0x800108f8                __syscall_lock_init_recursive
 .text.__syscall_lock_close
                0x80010964       0x48 D:/devkitPro/libogc/lib/cube\libogc.a(lock_supp.o)
                0x80010964                __syscall_lock_close
 .text.__syscall_lock_acquire
                0x800109ac       0x18 D:/devkitPro/libogc/lib/cube\libogc.a(lock_supp.o)
                0x800109ac                __syscall_lock_acquire
 .text.__syscall_lock_release
                0x800109c4       0x18 D:/devkitPro/libogc/lib/cube\libogc.a(lock_supp.o)
                0x800109c4                __syscall_lock_release
 .text._sbrk_r  0x800109dc       0xe0 D:/devkitPro/libogc/lib/cube\libogc.a(sbrk.o)
                0x800109dc                _sbrk_r
 .text.__memlock_init
                0x80010abc       0x7c D:/devkitPro/libogc/lib/cube\libogc.a(malloc_lock.o)
                0x80010abc                __memlock_init
 .text.__libogc_malloc_lock
                0x80010b38      0x1f8 D:/devkitPro/libogc/lib/cube\libogc.a(malloc_lock.o)
                0x80010b38                __libogc_malloc_lock
 .text.__libogc_malloc_unlock
                0x80010d30       0x64 D:/devkitPro/libogc/lib/cube\libogc.a(malloc_lock.o)
                0x80010d30                __libogc_malloc_unlock
 .text.__CheckARGV
                0x80010d94       0x80 D:/devkitPro/libogc/lib/cube\libogc.a(argv.o)
                0x80010d94                __CheckARGV
 .text.__lwp_priority_init
                0x80010e14       0x1c D:/devkitPro/libogc/lib/cube\libogc.a(lwp_priority.o)
                0x80010e14                __lwp_priority_init
 .text.__lwp_threadqueue_enqueuefifo
                0x80010e30      0x128 D:/devkitPro/libogc/lib/cube\libogc.a(lwp_threadq.o)
                0x80010e30                __lwp_threadqueue_enqueuefifo
 .text.__lwp_threadqueue_dequeuefifo
                0x80010f58      0x140 D:/devkitPro/libogc/lib/cube\libogc.a(lwp_threadq.o)
                0x80010f58                __lwp_threadqueue_dequeuefifo
 .text.__lwp_threadqueue_enqueuepriority
                0x80011098      0x344 D:/devkitPro/libogc/lib/cube\libogc.a(lwp_threadq.o)
                0x80011098                __lwp_threadqueue_enqueuepriority
 .text.__lwp_threadqueue_dequeuepriority
                0x800113dc      0x1d8 D:/devkitPro/libogc/lib/cube\libogc.a(lwp_threadq.o)
                0x800113dc                __lwp_threadqueue_dequeuepriority
 .text.__lwp_threadqueue_init
                0x800115b4       0x64 D:/devkitPro/libogc/lib/cube\libogc.a(lwp_threadq.o)
                0x800115b4                __lwp_threadqueue_init
 .text.__lwp_threadqueue_enqueue
                0x80011618      0x138 D:/devkitPro/libogc/lib/cube\libogc.a(lwp_threadq.o)
                0x80011618                __lwp_threadqueue_enqueue
 .text.__lwp_threadqueue_dequeue
                0x80011750       0x24 D:/devkitPro/libogc/lib/cube\libogc.a(lwp_threadq.o)
                0x80011750                __lwp_threadqueue_dequeue
 .text.__lwp_threadqueue_flush
                0x80011774       0x68 D:/devkitPro/libogc/lib/cube\libogc.a(lwp_threadq.o)
                0x80011774                __lwp_threadqueue_flush
 .text.__lwp_threadqueue_extractfifo
                0x800117dc       0xe0 D:/devkitPro/libogc/lib/cube\libogc.a(lwp_threadq.o)
                0x800117dc                __lwp_threadqueue_extractfifo
 .text.__lwp_threadqueue_extractpriority
                0x800118bc      0x140 D:/devkitPro/libogc/lib/cube\libogc.a(lwp_threadq.o)
                0x800118bc                __lwp_threadqueue_extractpriority
 .text.__lwp_threadqueue_timeout
                0x800119fc       0xd0 D:/devkitPro/libogc/lib/cube\libogc.a(lwp_threadq.o)
 .text.__lwp_threadqueue_extractproxy
                0x80011acc       0x64 D:/devkitPro/libogc/lib/cube\libogc.a(lwp_threadq.o)
                0x80011acc                __lwp_threadqueue_extractproxy
 .text.__syscall_getreent
                0x80011b30       0x24 D:/devkitPro/libogc/lib/cube\libogc.a(lwp_threads.o)
                0x80011b30                __syscall_getreent
 .text.__lwp_isr_in_progress
                0x80011b54        0x8 D:/devkitPro/libogc/lib/cube\libogc.a(lwp_threads.o)
                0x80011b54                __lwp_isr_in_progress
 .text.__thread_dispatch_fp
                0x80011b5c       0x88 D:/devkitPro/libogc/lib/cube\libogc.a(lwp_threads.o)
                0x80011b5c                __thread_dispatch_fp
 .text.__thread_dispatch
                0x80011be4       0xf4 D:/devkitPro/libogc/lib/cube\libogc.a(lwp_threads.o)
                0x80011be4                __thread_dispatch
 .text.__lwp_thread_resettimeslice
                0x80011cd8       0xb4 D:/devkitPro/libogc/lib/cube\libogc.a(lwp_threads.o)
                0x80011cd8                __lwp_thread_resettimeslice
 .text.__lwp_thread_tickle_timeslice
                0x80011d8c       0xc8 D:/devkitPro/libogc/lib/cube\libogc.a(lwp_threads.o)
                0x80011d8c                __lwp_thread_tickle_timeslice
 .text.__lwp_thread_setstate
                0x80011e54      0x16c D:/devkitPro/libogc/lib/cube\libogc.a(lwp_threads.o)
                0x80011e54                __lwp_thread_setstate
 .text.__lwp_thread_clearstate
                0x80011fc0       0xe4 D:/devkitPro/libogc/lib/cube\libogc.a(lwp_threads.o)
                0x80011fc0                __lwp_thread_clearstate
 .text.__lwp_thread_suspend
                0x800120a4      0x17c D:/devkitPro/libogc/lib/cube\libogc.a(lwp_threads.o)
                0x800120a4                __lwp_thread_suspend
 .text.__lwp_thread_settransient
                0x80012220       0xb4 D:/devkitPro/libogc/lib/cube\libogc.a(lwp_threads.o)
                0x80012220                __lwp_thread_settransient
 .text.__lwp_thread_changepriority
                0x800122d4      0x1f8 D:/devkitPro/libogc/lib/cube\libogc.a(lwp_threads.o)
                0x800122d4                __lwp_thread_changepriority
 .text.__lwp_thread_resume
                0x800124cc      0x12c D:/devkitPro/libogc/lib/cube\libogc.a(lwp_threads.o)
                0x800124cc                __lwp_thread_resume
 .text.__lwp_thread_ready
                0x800125f8       0xf0 D:/devkitPro/libogc/lib/cube\libogc.a(lwp_threads.o)
                0x800125f8                __lwp_thread_ready
 .text.__lwp_thread_init
                0x800126e8      0x160 D:/devkitPro/libogc/lib/cube\libogc.a(lwp_threads.o)
                0x800126e8                __lwp_thread_init
 .text.__lwp_thread_close
                0x80012848      0x144 D:/devkitPro/libogc/lib/cube\libogc.a(lwp_threads.o)
                0x80012848                __lwp_thread_close
 .text.__lwp_thread_handler
                0x8001298c       0xc0 D:/devkitPro/libogc/lib/cube\libogc.a(lwp_threads.o)
 .text.__lwp_thread_closeall
                0x80012a4c       0xb4 D:/devkitPro/libogc/lib/cube\libogc.a(lwp_threads.o)
                0x80012a4c                __lwp_thread_closeall
 .text.__lwp_thread_start
                0x80012b00      0x13c D:/devkitPro/libogc/lib/cube\libogc.a(lwp_threads.o)
                0x80012b00                __lwp_thread_start
 .text.__lwp_thread_startmultitasking
                0x80012c3c       0xac D:/devkitPro/libogc/lib/cube\libogc.a(lwp_threads.o)
                0x80012c3c                __lwp_thread_startmultitasking
 .text.__lwp_thread_stopmultitasking
                0x80012ce8       0x58 D:/devkitPro/libogc/lib/cube\libogc.a(lwp_threads.o)
                0x80012ce8                __lwp_thread_stopmultitasking
 .text.__lwp_thread_coreinit
                0x80012d40       0xc8 D:/devkitPro/libogc/lib/cube\libogc.a(lwp_threads.o)
                0x80012d40                __lwp_thread_coreinit
 .text.idle_func
                0x80012e08        0x4 D:/devkitPro/libogc/lib/cube\libogc.a(lwp.o)
 .text.__lwp_sysinit
                0x80012e0c      0x114 D:/devkitPro/libogc/lib/cube\libogc.a(lwp.o)
                0x80012e0c                __lwp_sysinit
 .text.LWP_SuspendThread
                0x80012f20       0xc8 D:/devkitPro/libogc/lib/cube\libogc.a(lwp.o)
                0x80012f20                LWP_SuspendThread
 .text.LWP_ResumeThread
                0x80012fe8       0xcc D:/devkitPro/libogc/lib/cube\libogc.a(lwp.o)
                0x80012fe8                LWP_ResumeThread
 .text.LWP_GetSelf
                0x800130b4       0x28 D:/devkitPro/libogc/lib/cube\libogc.a(lwp.o)
                0x800130b4                LWP_GetSelf
 .text.LWP_InitQueue
                0x800130dc      0x148 D:/devkitPro/libogc/lib/cube\libogc.a(lwp.o)
                0x800130dc                LWP_InitQueue
 .text.LWP_ThreadSleep
                0x80013224       0xf4 D:/devkitPro/libogc/lib/cube\libogc.a(lwp.o)
                0x80013224                LWP_ThreadSleep
 .text.LWP_ThreadBroadcast
                0x80013318       0x88 D:/devkitPro/libogc/lib/cube\libogc.a(lwp.o)
                0x80013318                LWP_ThreadBroadcast
 .text.__lwp_stack_allocate
                0x800133a0       0x60 D:/devkitPro/libogc/lib/cube\libogc.a(lwp_stack.o)
                0x800133a0                __lwp_stack_allocate
 .text.__lwp_stack_free
                0x80013400       0x1c D:/devkitPro/libogc/lib/cube\libogc.a(lwp_stack.o)
                0x80013400                __lwp_stack_free
 .text.__lwp_mutex_initialize
                0x8001341c       0xa4 D:/devkitPro/libogc/lib/cube\libogc.a(lwp_mutex.o)
                0x8001341c                __lwp_mutex_initialize
 .text.__lwp_mutex_surrender
                0x800134c0      0x164 D:/devkitPro/libogc/lib/cube\libogc.a(lwp_mutex.o)
                0x800134c0                __lwp_mutex_surrender
 .text.__lwp_mutex_seize_irq_blocking
                0x80013624       0xf8 D:/devkitPro/libogc/lib/cube\libogc.a(lwp_mutex.o)
                0x80013624                __lwp_mutex_seize_irq_blocking
 .text.__lwp_mutex_flush
                0x8001371c        0x4 D:/devkitPro/libogc/lib/cube\libogc.a(lwp_mutex.o)
                0x8001371c                __lwp_mutex_flush
 .text.__lwp_wd_settimer
                0x80013720       0xdc D:/devkitPro/libogc/lib/cube\libogc.a(lwp_watchdog.o)
 .text.__lwp_watchdog_init
                0x800137fc       0x2c D:/devkitPro/libogc/lib/cube\libogc.a(lwp_watchdog.o)
                0x800137fc                __lwp_watchdog_init
 .text.__lwp_wd_insert
                0x80013828      0x194 D:/devkitPro/libogc/lib/cube\libogc.a(lwp_watchdog.o)
                0x80013828                __lwp_wd_insert
 .text.__lwp_wd_remove
                0x800139bc      0x134 D:/devkitPro/libogc/lib/cube\libogc.a(lwp_watchdog.o)
                0x800139bc                __lwp_wd_remove
 .text.__lwp_wd_tickle
                0x80013af0      0x120 D:/devkitPro/libogc/lib/cube\libogc.a(lwp_watchdog.o)
                0x80013af0                __lwp_wd_tickle
 .text.__lwp_wkspace_init
                0x80013c10       0xc0 D:/devkitPro/libogc/lib/cube\libogc.a(lwp_wkspace.o)
                0x80013c10                __lwp_wkspace_init
 .text.__lwp_objmgr_initinfo
                0x80013cd0      0x1a0 D:/devkitPro/libogc/lib/cube\libogc.a(lwp_objmgr.o)
                0x80013cd0                __lwp_objmgr_initinfo
 .text.__lwp_objmgr_getisrdisable
                0x80013e70       0x60 D:/devkitPro/libogc/lib/cube\libogc.a(lwp_objmgr.o)
                0x80013e70                __lwp_objmgr_getisrdisable
 .text.__lwp_objmgr_getnoprotection
                0x80013ed0       0x24 D:/devkitPro/libogc/lib/cube\libogc.a(lwp_objmgr.o)
                0x80013ed0                __lwp_objmgr_getnoprotection
 .text.__lwp_objmgr_get
                0x80013ef4       0x6c D:/devkitPro/libogc/lib/cube\libogc.a(lwp_objmgr.o)
                0x80013ef4                __lwp_objmgr_get
 .text.__lwp_objmgr_allocate
                0x80013f60       0x88 D:/devkitPro/libogc/lib/cube\libogc.a(lwp_objmgr.o)
                0x80013f60                __lwp_objmgr_allocate
 .text.__lwp_objmgr_free
                0x80013fe8       0x60 D:/devkitPro/libogc/lib/cube\libogc.a(lwp_objmgr.o)
                0x80013fe8                __lwp_objmgr_free
 .text.__lwp_heap_init
                0x80014048       0xa4 D:/devkitPro/libogc/lib/cube\libogc.a(lwp_heap.o)
                0x80014048                __lwp_heap_init
 .text.__lwp_heap_allocate
                0x800140ec      0x168 D:/devkitPro/libogc/lib/cube\libogc.a(lwp_heap.o)
                0x800140ec                __lwp_heap_allocate
 .text.__lwp_heap_free
                0x80014254      0x188 D:/devkitPro/libogc/lib/cube\libogc.a(lwp_heap.o)
                0x80014254                __lwp_heap_free
 .text.__systemcall_init
                0x800143dc       0x6c D:/devkitPro/libogc/lib/cube\libogc.a(exception.o)
                0x800143dc                __systemcall_init
 .text.__exception_init
                0x80014448      0x128 D:/devkitPro/libogc/lib/cube\libogc.a(exception.o)
                0x80014448                __exception_init
 .text.__exception_close
                0x80014570       0xa4 D:/devkitPro/libogc/lib/cube\libogc.a(exception.o)
                0x80014570                __exception_close
 .text.__exception_closeall
                0x80014614       0x80 D:/devkitPro/libogc/lib/cube\libogc.a(exception.o)
                0x80014614                __exception_closeall
 .text.c_default_exceptionhandler
                0x80014694      0x484 D:/devkitPro/libogc/lib/cube\libogc.a(exception.o)
                0x80014694                c_default_exceptionhandler
 .text.__SetInterrupts
                0x80014b18      0x25c D:/devkitPro/libogc/lib/cube\libogc.a(irq.o)
 .text.c_irqdispatcher
                0x80014d74      0x268 D:/devkitPro/libogc/lib/cube\libogc.a(irq.o)
                0x80014d74                c_irqdispatcher
 .text.__UnmaskIrq
                0x80014fdc       0x84 D:/devkitPro/libogc/lib/cube\libogc.a(irq.o)
                0x80014fdc                __UnmaskIrq
 .text.__MaskIrq
                0x80015060       0x84 D:/devkitPro/libogc/lib/cube\libogc.a(irq.o)
                0x80015060                __MaskIrq
 .text.__irq_init
                0x800150e4       0x84 D:/devkitPro/libogc/lib/cube\libogc.a(irq.o)
                0x800150e4                __irq_init
 .text.IRQ_Request
                0x80015168       0x50 D:/devkitPro/libogc/lib/cube\libogc.a(irq.o)
                0x80015168                IRQ_Request
 .text.IRQ_GetHandler
                0x800151b8       0x44 D:/devkitPro/libogc/lib/cube\libogc.a(irq.o)
                0x800151b8                IRQ_GetHandler
 .text.__lwp_sema_init
                0x800151fc       0x14 D:/devkitPro/libogc/lib/cube\libogc.a(semaphore.o)
                0x800151fc                __lwp_sema_init
 .text.__exi_irq_handler
                0x80015210       0x58 D:/devkitPro/libogc/lib/cube\libogc.a(exi.o)
 .text.__ext_irq_handler
                0x80015268       0xc8 D:/devkitPro/libogc/lib/cube\libogc.a(exi.o)
 .text.__tc_irq_handler
                0x80015330      0x174 D:/devkitPro/libogc/lib/cube\libogc.a(exi.o)
 .text.__exi_probe
                0x800154a4      0x208 D:/devkitPro/libogc/lib/cube\libogc.a(exi.o)
 .text.__exi_attach
                0x800156ac      0x114 D:/devkitPro/libogc/lib/cube\libogc.a(exi.o)
 .text.EXI_Lock
                0x800157c0      0x258 D:/devkitPro/libogc/lib/cube\libogc.a(exi.o)
                0x800157c0                EXI_Lock
 .text.EXI_Unlock
                0x80015a18      0x2b0 D:/devkitPro/libogc/lib/cube\libogc.a(exi.o)
                0x80015a18                EXI_Unlock
 .text.EXI_Select
                0x80015cc8      0x22c D:/devkitPro/libogc/lib/cube\libogc.a(exi.o)
                0x80015cc8                EXI_Select
 .text.EXI_Deselect
                0x80015ef4      0x16c D:/devkitPro/libogc/lib/cube\libogc.a(exi.o)
                0x80015ef4                EXI_Deselect
 .text.EXI_Sync
                0x80016060      0x108 D:/devkitPro/libogc/lib/cube\libogc.a(exi.o)
                0x80016060                EXI_Sync
 .text.EXI_Imm  0x80016168      0x1ec D:/devkitPro/libogc/lib/cube\libogc.a(exi.o)
                0x80016168                EXI_Imm
 .text.EXI_ImmEx
                0x80016354       0xd0 D:/devkitPro/libogc/lib/cube\libogc.a(exi.o)
                0x80016354                EXI_ImmEx
 .text.EXI_Dma  0x80016424      0x154 D:/devkitPro/libogc/lib/cube\libogc.a(exi.o)
                0x80016424                EXI_Dma
 .text.EXI_Detach
                0x80016578       0xcc D:/devkitPro/libogc/lib/cube\libogc.a(exi.o)
                0x80016578                EXI_Detach
 .text.EXI_GetID
                0x80016644      0x380 D:/devkitPro/libogc/lib/cube\libogc.a(exi.o)
                0x80016644                EXI_GetID
 .text.__unlocked_handler
                0x800169c4       0x28 D:/devkitPro/libogc/lib/cube\libogc.a(exi.o)
 .text.EXI_ProbeReset
                0x800169ec       0x70 D:/devkitPro/libogc/lib/cube\libogc.a(exi.o)
                0x800169ec                EXI_ProbeReset
 .text.__exi_init
                0x80016a5c      0x17c D:/devkitPro/libogc/lib/cube\libogc.a(exi.o)
                0x80016a5c                __exi_init
 .text.__lwp_mutex_locksupp.constprop.0
                0x80016bd8      0x290 D:/devkitPro/libogc/lib/cube\libogc.a(mutex.o)
 .text.__lwp_mutex_init
                0x80016e68       0x14 D:/devkitPro/libogc/lib/cube\libogc.a(mutex.o)
                0x80016e68                __lwp_mutex_init
 .text.LWP_MutexInit
                0x80016e7c       0xf8 D:/devkitPro/libogc/lib/cube\libogc.a(mutex.o)
                0x80016e7c                LWP_MutexInit
 .text.LWP_MutexDestroy
                0x80016f74      0x104 D:/devkitPro/libogc/lib/cube\libogc.a(mutex.o)
                0x80016f74                LWP_MutexDestroy
 .text.LWP_MutexLock
                0x80017078        0x8 D:/devkitPro/libogc/lib/cube\libogc.a(mutex.o)
                0x80017078                LWP_MutexLock
 .text.LWP_MutexUnlock
                0x80017080       0x9c D:/devkitPro/libogc/lib/cube\libogc.a(mutex.o)
                0x80017080                LWP_MutexUnlock
 .text._dietPrintDefaultFunc
                0x8001711c       0xc8 D:/devkitPro/libogc/lib/cube\libogc.a(kprintf.o)
 .text._dietPrintWidth
                0x800171e4       0xe4 D:/devkitPro/libogc/lib/cube\libogc.a(kprintf.o)
                0x800171e4                _dietPrintWidth
 .text._dietPrintHex32
                0x800172c8      0x294 D:/devkitPro/libogc/lib/cube\libogc.a(kprintf.o)
 .text._dietPrintHex64
                0x8001755c       0xc8 D:/devkitPro/libogc/lib/cube\libogc.a(kprintf.o)
                0x8001755c                _dietPrintHex64
 .text.dietPrintV
                0x80017624      0x894 D:/devkitPro/libogc/lib/cube\libogc.a(kprintf.o)
                0x80017624                dietPrintV
 .text.kprintf  0x80017eb8       0x84 D:/devkitPro/libogc/lib/cube\libogc.a(kprintf.o)
                0x80017eb8                kprintf
 .text.RGB8_to_YCbCr
                0x80017f3c      0x144 D:/devkitPro/libogc/lib/cube\libogc.a(console.o)
 .text.__console_drawc.part.0
                0x80018080      0x268 D:/devkitPro/libogc/lib/cube\libogc.a(console.o)
 .text.__console_clear
                0x800182e8      0x174 D:/devkitPro/libogc/lib/cube\libogc.a(console.o)
 .text.__set_default_console
                0x8001845c      0x108 D:/devkitPro/libogc/lib/cube\libogc.a(console.o)
 .text.__console_clear_line
                0x80018564      0x150 D:/devkitPro/libogc/lib/cube\libogc.a(console.o)
 .text.__console_init
                0x800186b4       0x70 D:/devkitPro/libogc/lib/cube\libogc.a(console.o)
                0x800186b4                __console_init
 .text.newRow   0x80018724      0x110 D:/devkitPro/libogc/lib/cube\libogc.a(console.o)
                0x80018724                newRow
 .text.consolePrintChar.part.0
                0x80018834      0x228 D:/devkitPro/libogc/lib/cube\libogc.a(console.o)
 .text.__console_write
                0x80018a5c      0xc20 D:/devkitPro/libogc/lib/cube\libogc.a(console.o)
                0x80018a5c                __console_write
 .text.CON_EnableGecko
                0x8001967c       0xf8 D:/devkitPro/libogc/lib/cube\libogc.a(console.o)
                0x8001967c                CON_EnableGecko
 .text.__lwp_queue_initialize
                0x80019774       0x98 D:/devkitPro/libogc/lib/cube\libogc.a(lwp_queue.o)
                0x80019774                __lwp_queue_initialize
 .text.__lwp_queue_get
                0x8001980c       0x74 D:/devkitPro/libogc/lib/cube\libogc.a(lwp_queue.o)
                0x8001980c                __lwp_queue_get
 .text.__lwp_queue_append
                0x80019880       0x4c D:/devkitPro/libogc/lib/cube\libogc.a(lwp_queue.o)
                0x80019880                __lwp_queue_append
 .text.__usbgecko_exi_unlock
                0x800198cc       0x34 D:/devkitPro/libogc/lib/cube\libogc.a(usbgecko.o)
 .text.usb_isgeckoalive
                0x80019900      0x1c4 D:/devkitPro/libogc/lib/cube\libogc.a(usbgecko.o)
                0x80019900                usb_isgeckoalive
 .text.usb_sendbuffer_ex
                0x80019ac4      0x214 D:/devkitPro/libogc/lib/cube\libogc.a(usbgecko.o)
                0x80019ac4                usb_sendbuffer_ex
 .text.usb_sendbuffer
                0x80019cd8        0x8 D:/devkitPro/libogc/lib/cube\libogc.a(usbgecko.o)
                0x80019cd8                usb_sendbuffer
 .text.usb_sendbuffer_safe_ex
                0x80019ce0      0x2ac D:/devkitPro/libogc/lib/cube\libogc.a(usbgecko.o)
                0x80019ce0                usb_sendbuffer_safe_ex
 .text.usb_sendbuffer_safe
                0x80019f8c        0x8 D:/devkitPro/libogc/lib/cube\libogc.a(usbgecko.o)
                0x80019f8c                usb_sendbuffer_safe
 .text.__udivdi3
                0x80019f94      0x3cc D:/devkitPro/devkitPPC/bin/../lib/gcc/powerpc-eabi/15.1.0\libgcc.a(_udivdi3.o)
                0x80019f94                __udivdi3
 .text.__umoddi3
                0x8001a360      0x384 D:/devkitPro/devkitPPC/bin/../lib/gcc/powerpc-eabi/15.1.0\libgcc.a(_umoddi3.o)
                0x8001a360                __umoddi3
 .text.unlikely.abort
                0x8001a6e4       0x2c D:/devkitPro/devkitPPC/bin/../lib/gcc/powerpc-eabi/15.1.0/../../../../powerpc-eabi/lib\libsysbase.a(libsysbase_libsysbase_a-abort.o)
                0x8001a6e4                abort
 .text.build_argv
                0x8001a710      0x130 D:/devkitPro/devkitPPC/bin/../lib/gcc/powerpc-eabi/15.1.0/../../../../powerpc-eabi/lib\libsysbase.a(libsysbase_libsysbase_a-build_argv.o)
                0x8001a710                build_argv
 .text.__getreent
                0x8001a840       0x20 D:/devkitPro/devkitPPC/bin/../lib/gcc/powerpc-eabi/15.1.0/../../../../powerpc-eabi/lib\libsysbase.a(libsysbase_libsysbase_a-getreent.o)
                0x8001a840                __getreent
 .text.null_write
                0x8001a860        0x8 D:/devkitPro/devkitPPC/bin/../lib/gcc/powerpc-eabi/15.1.0/../../../../powerpc-eabi/lib\libsysbase.a(libsysbase_libsysbase_a-iosupport.o)
 .text._exit    0x8001a868       0x28 D:/devkitPro/devkitPPC/bin/../lib/gcc/powerpc-eabi/15.1.0/../../../../powerpc-eabi/lib\libsysbase.a(libsysbase_libsysbase_a-_exit.o)
                0x8001a868                _exit
 .text.srand    0x8001a890       0x38 D:/devkitPro/devkitPPC/bin/../lib/gcc/powerpc-eabi/15.1.0/../../../../powerpc-eabi/lib\libc.a(libc_a-rand.o)
                0x8001a890                srand
 .text.rand     0x8001a8c8       0x60 D:/devkitPro/devkitPPC/bin/../lib/gcc/powerpc-eabi/15.1.0/../../../../powerpc-eabi/lib\libc.a(libc_a-rand.o)
                0x8001a8c8                rand
 .text.memset   0x8001a928      0x180 D:/devkitPro/devkitPPC/bin/../lib/gcc/powerpc-eabi/15.1.0/../../../../powerpc-eabi/lib\libc.a(libc_a-memset.o)
                0x8001a928                memset
 .text._fread_r
                0x8001aaa8      0x44c D:/devkitPro/devkitPPC/bin/../lib/gcc/powerpc-eabi/15.1.0/../../../../powerpc-eabi/lib\libc.a(libc_a-fread.o)
                0x8001aaa8                _fread_r
 .text.fread    0x8001aef4       0x60 D:/devkitPro/devkitPPC/bin/../lib/gcc/powerpc-eabi/15.1.0/../../../../powerpc-eabi/lib\libc.a(libc_a-fread.o)
                0x8001aef4                fread
 .text.fseek    0x8001af54       0x54 D:/devkitPro/devkitPPC/bin/../lib/gcc/powerpc-eabi/15.1.0/../../../../powerpc-eabi/lib\libc.a(libc_a-fseek.o)
                0x8001af54                fseek
 .text.memcpy   0x8001afa8      0x148 D:/devkitPro/devkitPPC/bin/../lib/gcc/powerpc-eabi/15.1.0/../../../../powerpc-eabi/lib\libc.a(libc_a-memcpy.o)
                0x8001afa8                memcpy
 .text.write    0x8001b0f0       0x50 D:/devkitPro/devkitPPC/bin/../lib/gcc/powerpc-eabi/15.1.0/../../../../powerpc-eabi/lib\libc.a(libc_a-syswrite.o)
                0x8001b0f0                write
 .text.memmove  0x8001b140      0x1b8 D:/devkitPro/devkitPPC/bin/../lib/gcc/powerpc-eabi/15.1.0/../../../../powerpc-eabi/lib\libc.a(libc_a-memmove.o)
                0x8001b140                memmove
 .text.stdio_exit_handler
                0x8001b2f8       0x1c D:/devkitPro/devkitPPC/bin/../lib/gcc/powerpc-eabi/15.1.0/../../../../powerpc-eabi/lib\libc.a(libc_a-findfp.o)
 .text.cleanup_stdio
                0x8001b314       0x88 D:/devkitPro/devkitPPC/bin/../lib/gcc/powerpc-eabi/15.1.0/../../../../powerpc-eabi/lib\libc.a(libc_a-findfp.o)
 .text.global_stdio_init.part.0
                0x8001b39c      0x184 D:/devkitPro/devkitPPC/bin/../lib/gcc/powerpc-eabi/15.1.0/../../../../powerpc-eabi/lib\libc.a(libc_a-findfp.o)
 .text.__sinit  0x8001b520       0xa4 D:/devkitPro/devkitPPC/bin/../lib/gcc/powerpc-eabi/15.1.0/../../../../powerpc-eabi/lib\libc.a(libc_a-findfp.o)
                0x8001b520                __sinit
 .text.__sfp_lock_acquire
                0x8001b5c4       0x40 D:/devkitPro/devkitPPC/bin/../lib/gcc/powerpc-eabi/15.1.0/../../../../powerpc-eabi/lib\libc.a(libc_a-findfp.o)
                0x8001b5c4                __sfp_lock_acquire
 .text.__sfp_lock_release
                0x8001b604        0xc D:/devkitPro/devkitPPC/bin/../lib/gcc/powerpc-eabi/15.1.0/../../../../powerpc-eabi/lib\libc.a(libc_a-findfp.o)
                0x8001b604                __sfp_lock_release
 .text.calloc   0x8001b610       0x40 D:/devkitPro/devkitPPC/bin/../lib/gcc/powerpc-eabi/15.1.0/../../../../powerpc-eabi/lib\libc.a(libc_a-calloc.o)
                0x8001b610                calloc
 .text._reclaim_reent
                0x8001b650      0x10c D:/devkitPro/devkitPPC/bin/../lib/gcc/powerpc-eabi/15.1.0/../../../../powerpc-eabi/lib\libc.a(libc_a-reent.o)
                0x8001b650                _reclaim_reent
 .text._fclose_r
                0x8001b75c      0x1e0 D:/devkitPro/devkitPPC/bin/../lib/gcc/powerpc-eabi/15.1.0/../../../../powerpc-eabi/lib\libc.a(libc_a-fclose.o)
                0x8001b75c                _fclose_r
 .text.lflush   0x8001b93c       0x40 D:/devkitPro/devkitPPC/bin/../lib/gcc/powerpc-eabi/15.1.0/../../../../powerpc-eabi/lib\libc.a(libc_a-refill.o)
 .text.__srefill_r
                0x8001b97c      0x1d8 D:/devkitPro/devkitPPC/bin/../lib/gcc/powerpc-eabi/15.1.0/../../../../powerpc-eabi/lib\libc.a(libc_a-refill.o)
                0x8001b97c                __srefill_r
 .text._calloc_r
                0x8001bb54       0xf8 D:/devkitPro/devkitPPC/bin/../lib/gcc/powerpc-eabi/15.1.0/../../../../powerpc-eabi/lib\libc.a(libc_a-callocr.o)
                0x8001bb54                _calloc_r
 .text._malloc_r
                0x8001bc4c      0x90c D:/devkitPro/devkitPPC/bin/../lib/gcc/powerpc-eabi/15.1.0/../../../../powerpc-eabi/lib\libc.a(libc_a-mallocr.o)
                0x8001bc4c                _malloc_r
 .text._malloc_trim_r
                0x8001c558      0x138 D:/devkitPro/devkitPPC/bin/../lib/gcc/powerpc-eabi/15.1.0/../../../../powerpc-eabi/lib\libc.a(libc_a-freer.o)
                0x8001c558                _malloc_trim_r
 .text._free_r  0x8001c690      0x32c D:/devkitPro/devkitPPC/bin/../lib/gcc/powerpc-eabi/15.1.0/../../../../powerpc-eabi/lib\libc.a(libc_a-freer.o)
                0x8001c690                _free_r
 .text._fseeko_r
                0x8001c9bc      0x6f8 D:/devkitPro/devkitPPC/bin/../lib/gcc/powerpc-eabi/15.1.0/../../../../powerpc-eabi/lib\libc.a(libc_a-fseeko.o)
                0x8001c9bc                _fseeko_r
 .text.__errno  0x8001d0b4       0x20 D:/devkitPro/devkitPPC/bin/../lib/gcc/powerpc-eabi/15.1.0/../../../../powerpc-eabi/lib\libc.a(libc_a-errno.o)
                0x8001d0b4                __errno
 .text.malloc   0x8001d0d4       0x58 D:/devkitPro/devkitPPC/bin/../lib/gcc/powerpc-eabi/15.1.0/../../../../powerpc-eabi/lib\libc.a(libc_a-malloc.o)
                0x8001d0d4                malloc
 .text.free     0x8001d12c       0x30 D:/devkitPro/devkitPPC/bin/../lib/gcc/powerpc-eabi/15.1.0/../../../../powerpc-eabi/lib\libc.a(libc_a-malloc.o)
                0x8001d12c                free
 .text.setvbuf  0x8001d15c      0x2e4 D:/devkitPro/devkitPPC/bin/../lib/gcc/powerpc-eabi/15.1.0/../../../../powerpc-eabi/lib\libc.a(libc_a-setvbuf.o)
                0x8001d15c                setvbuf
 .text.__smakebuf_r
                0x8001d440      0x1b0 D:/devkitPro/devkitPPC/bin/../lib/gcc/powerpc-eabi/15.1.0/../../../../powerpc-eabi/lib\libc.a(libc_a-makebuf.o)
                0x8001d440                __smakebuf_r
 .text.__swhatbuf_r
                0x8001d5f0      0x118 D:/devkitPro/devkitPPC/bin/../lib/gcc/powerpc-eabi/15.1.0/../../../../powerpc-eabi/lib\libc.a(libc_a-makebuf.o)
                0x8001d5f0                __swhatbuf_r
 .text.exit     0x8001d708       0x3c D:/devkitPro/devkitPPC/bin/../lib/gcc/powerpc-eabi/15.1.0/../../../../powerpc-eabi/lib\libc.a(libc_a-exit.o)
                0x8001d708                exit
 .text.strnlen  0x8001d744       0xc0 D:/devkitPro/devkitPPC/bin/../lib/gcc/powerpc-eabi/15.1.0/../../../../powerpc-eabi/lib\libc.a(libc_a-strnlen.o)
                0x8001d744                strnlen
 .text.__sread  0x8001d804       0x74 D:/devkitPro/devkitPPC/bin/../lib/gcc/powerpc-eabi/15.1.0/../../../../powerpc-eabi/lib\libc.a(libc_a-stdio.o)
                0x8001d804                __sread
 .text.__swrite
                0x8001d878       0xb0 D:/devkitPro/devkitPPC/bin/../lib/gcc/powerpc-eabi/15.1.0/../../../../powerpc-eabi/lib\libc.a(libc_a-stdio.o)
                0x8001d878                __swrite
 .text.__sseek  0x8001d928       0x70 D:/devkitPro/devkitPPC/bin/../lib/gcc/powerpc-eabi/15.1.0/../../../../powerpc-eabi/lib\libc.a(libc_a-stdio.o)
                0x8001d928                __sseek
 .text.__sclose
                0x8001d998        0x8 D:/devkitPro/devkitPPC/bin/../lib/gcc/powerpc-eabi/15.1.0/../../../../powerpc-eabi/lib\libc.a(libc_a-stdio.o)
                0x8001d998                __sclose
 .text.__sflush_r
                0x8001d9a0      0x300 D:/devkitPro/devkitPPC/bin/../lib/gcc/powerpc-eabi/15.1.0/../../../../powerpc-eabi/lib\libc.a(libc_a-fflush.o)
                0x8001d9a0                __sflush_r
 .text._fflush_r
                0x8001dca0      0x108 D:/devkitPro/devkitPPC/bin/../lib/gcc/powerpc-eabi/15.1.0/../../../../powerpc-eabi/lib\libc.a(libc_a-fflush.o)
                0x8001dca0                _fflush_r
 .text.time     0x8001dda8       0x74 D:/devkitPro/devkitPPC/bin/../lib/gcc/powerpc-eabi/15.1.0/../../../../powerpc-eabi/lib\libc.a(libc_a-time.o)
                0x8001dda8                time
 .text.memalign
                0x8001de1c       0x40 D:/devkitPro/devkitPPC/bin/../lib/gcc/powerpc-eabi/15.1.0/../../../../powerpc-eabi/lib\libc.a(libc_a-malign.o)
                0x8001de1c                memalign
 .text._fwalk_sglue
                0x8001de5c       0xb4 D:/devkitPro/devkitPPC/bin/../lib/gcc/powerpc-eabi/15.1.0/../../../../powerpc-eabi/lib\libc.a(libc_a-fwalk.o)
                0x8001de5c                _fwalk_sglue
 .text._memalign_r
                0x8001df10      0x1dc D:/devkitPro/devkitPPC/bin/../lib/gcc/powerpc-eabi/15.1.0/../../../../powerpc-eabi/lib\libc.a(libc_a-malignr.o)
                0x8001df10                _memalign_r
 .text.startup.register_fini
                0x8001e0ec        0xc D:/devkitPro/devkitPPC/bin/../lib/gcc/powerpc-eabi/15.1.0/../../../../powerpc-eabi/lib\libc.a(libc_a-__call_atexit.o)
 .text.__call_exitprocs
                0x8001e0f8      0x200 D:/devkitPro/devkitPPC/bin/../lib/gcc/powerpc-eabi/15.1.0/../../../../powerpc-eabi/lib\libc.a(libc_a-__call_atexit.o)
                0x8001e0f8                __call_exitprocs
 .text.atexit   0x8001e2f8       0x14 D:/devkitPro/devkitPPC/bin/../lib/gcc/powerpc-eabi/15.1.0/../../../../powerpc-eabi/lib\libc.a(libc_a-atexit.o)
                0x8001e2f8                atexit
 .text.__register_exitproc
                0x8001e30c      0x12c D:/devkitPro/devkitPPC/bin/../lib/gcc/powerpc-eabi/15.1.0/../../../../powerpc-eabi/lib\libc.a(libc_a-__atexit.o)
                0x8001e30c                __register_exitproc
 .text.__flockfile
                0x8001e438       0x38 D:/devkitPro/devkitPPC/bin/../lib/gcc/powerpc-eabi/15.1.0/../../../../powerpc-eabi/lib\libsysbase.a(libsysbase_libsysbase_a-flock.o)
                0x8001e438                __flockfile
 .text.__funlockfile
                0x8001e470        0x8 D:/devkitPro/devkitPPC/bin/../lib/gcc/powerpc-eabi/15.1.0/../../../../powerpc-eabi/lib\libsysbase.a(libsysbase_libsysbase_a-flock.o)
                0x8001e470                __funlockfile
 .text._fstat_r
                0x8001e478       0xc8 D:/devkitPro/devkitPPC/bin/../lib/gcc/powerpc-eabi/15.1.0/../../../../powerpc-eabi/lib\libsysbase.a(libsysbase_libsysbase_a-fstat.o)
                0x8001e478                _fstat_r
 .text._gettimeofday_r
                0x8001e540       0x28 D:/devkitPro/devkitPPC/bin/../lib/gcc/powerpc-eabi/15.1.0/../../../../powerpc-eabi/lib\libsysbase.a(libsysbase_libsysbase_a-gettod.o)
                0x8001e540                _gettimeofday_r
 .text.__get_handle
                0x8001e568       0x90 D:/devkitPro/devkitPPC/bin/../lib/gcc/powerpc-eabi/15.1.0/../../../../powerpc-eabi/lib\libsysbase.a(libsysbase_libsysbase_a-handle_manager.o)
                0x8001e568                __get_handle
 .text._close_r
                0x8001e5f8      0x180 D:/devkitPro/devkitPPC/bin/../lib/gcc/powerpc-eabi/15.1.0/../../../../powerpc-eabi/lib\libsysbase.a(libsysbase_libsysbase_a-handle_manager.o)
                0x8001e5f8                _close_r
 .text._isatty_r
                0x8001e778        0x8 D:/devkitPro/devkitPPC/bin/../lib/gcc/powerpc-eabi/15.1.0/../../../../powerpc-eabi/lib\libsysbase.a(libsysbase_libsysbase_a-isatty.o)
                0x8001e778                _isatty_r
 .text._lseek_r
                0x8001e780       0xf4 D:/devkitPro/devkitPPC/bin/../lib/gcc/powerpc-eabi/15.1.0/../../../../powerpc-eabi/lib\libsysbase.a(libsysbase_libsysbase_a-lseek.o)
                0x8001e780                _lseek_r
 .text._read_r  0x8001e874       0xd8 D:/devkitPro/devkitPPC/bin/../lib/gcc/powerpc-eabi/15.1.0/../../../../powerpc-eabi/lib\libsysbase.a(libsysbase_libsysbase_a-read.o)
                0x8001e874                _read_r
 .text.__libc_lock_init
                0x8001e94c       0x14 D:/devkitPro/devkitPPC/bin/../lib/gcc/powerpc-eabi/15.1.0/../../../../powerpc-eabi/lib\libsysbase.a(libsysbase_libsysbase_a-syscall_support.o)
                0x8001e94c                __libc_lock_init
 .text.__libc_lock_acquire
                0x8001e960       0x14 D:/devkitPro/devkitPPC/bin/../lib/gcc/powerpc-eabi/15.1.0/../../../../powerpc-eabi/lib\libsysbase.a(libsysbase_libsysbase_a-syscall_support.o)
                0x8001e960                __libc_lock_acquire
 .text.__libc_lock_release
                0x8001e974       0x14 D:/devkitPro/devkitPPC/bin/../lib/gcc/powerpc-eabi/15.1.0/../../../../powerpc-eabi/lib\libsysbase.a(libsysbase_libsysbase_a-syscall_support.o)
                0x8001e974                __libc_lock_release
 .text.__libc_lock_close
                0x8001e988       0x14 D:/devkitPro/devkitPPC/bin/../lib/gcc/powerpc-eabi/15.1.0/../../../../powerpc-eabi/lib\libsysbase.a(libsysbase_libsysbase_a-syscall_support.o)
                0x8001e988                __libc_lock_close
 .text.__libc_lock_init_recursive
                0x8001e99c       0x14 D:/devkitPro/devkitPPC/bin/../lib/gcc/powerpc-eabi/15.1.0/../../../../powerpc-eabi/lib\libsysbase.a(libsysbase_libsysbase_a-syscall_support.o)
                0x8001e99c                __libc_lock_init_recursive
 .text.__malloc_lock
                0x8001e9b0       0x14 D:/devkitPro/devkitPPC/bin/../lib/gcc/powerpc-eabi/15.1.0/../../../../powerpc-eabi/lib\libsysbase.a(libsysbase_libsysbase_a-syscall_support.o)
                0x8001e9b0                __malloc_lock
 .text.__malloc_unlock
                0x8001e9c4       0x14 D:/devkitPro/devkitPPC/bin/../lib/gcc/powerpc-eabi/15.1.0/../../../../powerpc-eabi/lib\libsysbase.a(libsysbase_libsysbase_a-syscall_support.o)
                0x8001e9c4                __malloc_unlock
 .text._write_r
                0x8001e9d8       0xd8 D:/devkitPro/devkitPPC/bin/../lib/gcc/powerpc-eabi/15.1.0/../../../../powerpc-eabi/lib\libsysbase.a(libsysbase_libsysbase_a-write.o)
                0x8001e9d8                _write_r
 .text.__do_global_ctors_aux
                0x8001eab0       0x50 D:/devkitPro/devkitPPC/bin/../lib/gcc/powerpc-eabi/15.1.0/crtend.o
 *(.gnu.warning)
 *(.gnu.linkonce.t.*)
                0x8001eb00                        . = ALIGN (0x20)

.glink          0x8001eb00        0x0
 .glink         0x8001eb00        0x0 D:/devkitPro/devkitPPC/bin/../lib/gcc/powerpc-eabi/15.1.0/crtbegin.o

.fini           0x8001eb00       0x20
 *(.fini)
 .fini          0x8001eb00        0xc D:/devkitPro/devkitPPC/bin/../lib/gcc/powerpc-eabi/15.1.0/ecrti.o
                0x8001eb00                __fini
 .fini          0x8001eb0c        0x4 D:/devkitPro/devkitPPC/bin/../lib/gcc/powerpc-eabi/15.1.0/crtbegin.o
 .fini          0x8001eb10       0x10 D:/devkitPro/devkitPPC/bin/../lib/gcc/powerpc-eabi/15.1.0/ecrtn.o
                0x8001eb20                        . = ALIGN (0x20)
                [!provide]                        PROVIDE (__etext = .)
                [!provide]                        PROVIDE (_etext = .)
                [!provide]                        PROVIDE (etext = .)

.rodata         0x8001eb20     0x9334
 *(.rodata)
 .rodata        0x8001eb20       0x50 D:/devkitPro/libogc/lib/cube\libogc.a(gx.o)
 *(.rodata.*)
 *fill*         0x8001eb70       0x10 
 .rodata.textures_tpl
                0x8001eb80     0x8480 textures.tpl.o
                0x8001eb80                textures_tpl
                0x80027000                textures_tpl_end
 .rodata.cst4   0x80027000       0x8c gxsprites.o
                                 0x20 (size before relaxing)
 .rodata.CSWTCH.141
                0x8002708c       0x5c D:/devkitPro/libogc/lib/cube\libogc.a(video.o)
 .rodata.video_timing
                0x800270e8      0x110 D:/devkitPro/libogc/lib/cube\libogc.a(video.o)
 .rodata._dsp_initcode
                0x800271f8       0x80 D:/devkitPro/libogc/lib/cube\libogc.a(system.o)
 .rodata.__SETVCDATTR
                0x80027278       0x68 D:/devkitPro/libogc/lib/cube\libogc.a(gx.o)
 .rodata.GX_SetTexCoordGen2.part.0
                0x800272e0       0x20 D:/devkitPro/libogc/lib/cube\libogc.a(gx.o)
 .rodata.GX_InitTexObj.part.0
                0x80027300       0x3c D:/devkitPro/libogc/lib/cube\libogc.a(gx.o)
 .rodata.GX_SetTevOp
                0x8002733c       0x14 D:/devkitPro/libogc/lib/cube\libogc.a(gx.o)
 .rodata.GX_SetGPMetric
                0x80027350       0xe4 D:/devkitPro/libogc/lib/cube\libogc.a(gx.o)
 .rodata.CSWTCH.1060
                0x80027434       0x15 D:/devkitPro/libogc/lib/cube\libogc.a(gx.o)
 *fill*         0x80027449        0x3 
 .rodata.CSWTCH.1059
                0x8002744c       0x15 D:/devkitPro/libogc/lib/cube\libogc.a(gx.o)
 *fill*         0x80027461        0x3 
 .rodata._gxtevcolid
                0x80027464        0x9 D:/devkitPro/libogc/lib/cube\libogc.a(gx.o)
 .rodata.cst4   0x8002746d       0x70 D:/devkitPro/libogc/lib/cube\libogc.a(gx.o)
 .rodata.cst4   0x8002746d       0x20 D:/devkitPro/libogc/lib/cube\libogc.a(gu.o)
 *fill*         0x8002746d        0x3 
 .rodata.TPL_GetTextureSize
                0x80027470       0x3c D:/devkitPro/libogc/lib/cube\libogc.a(tpl.o)
 .rodata.cst4   0x800274ac        0x8 D:/devkitPro/libogc/lib/cube\libogc.a(tpl.o)
 .rodata.c_default_exceptionhandler.str1.4
                0x800274ac      0x370 D:/devkitPro/libogc/lib/cube\libogc.a(exception.o)
                                0x2a7 (size before relaxing)
 .rodata.str1.4
                0x8002781c       0xa0 D:/devkitPro/libogc/lib/cube\libogc.a(exception.o)
 .rodata.exception_name
                0x8002781c       0x3c D:/devkitPro/libogc/lib/cube\libogc.a(exception.o)
 .rodata.exception_location
                0x80027858       0x3c D:/devkitPro/libogc/lib/cube\libogc.a(exception.o)
 .rodata.__SetInterrupts
                0x80027894       0x6c D:/devkitPro/libogc/lib/cube\libogc.a(irq.o)
 .rodata._irqPrio
                0x80027900       0x2c D:/devkitPro/libogc/lib/cube\libogc.a(irq.o)
 .rodata.dietPrintV.str1.4
                0x8002792c       0x1a D:/devkitPro/libogc/lib/cube\libogc.a(kprintf.o)
 .rodata.dietPrintV
                0x8002792c       0xe8 D:/devkitPro/libogc/lib/cube\libogc.a(kprintf.o)
 .rodata.__console_write
                0x80027a14      0x2c8 D:/devkitPro/libogc/lib/cube\libogc.a(console.o)
 .rodata.grayScale
                0x80027cdc       0x18 D:/devkitPro/libogc/lib/cube\libogc.a(console.o)
 .rodata.colorTable
                0x80027cf4       0x60 D:/devkitPro/libogc/lib/cube\libogc.a(console.o)
 .rodata.str1.4
                0x80027d54        0x7 D:/devkitPro/libogc/lib/cube\libogc.a(console.o)
 .rodata.dotab_stdout
                0x80027d54       0x80 D:/devkitPro/libogc/lib/cube\libogc.a(console.o)
                0x80027d54                dotab_stdout
 .rodata.AddDevice.str1.4
                0x80027dd4        0x8 D:/devkitPro/devkitPPC/bin/../lib/gcc/powerpc-eabi/15.1.0/../../../../powerpc-eabi/lib\libsysbase.a(libsysbase_libsysbase_a-iosupport.o)
 .rodata.dotab_stdnull
                0x80027dd4       0x80 D:/devkitPro/devkitPPC/bin/../lib/gcc/powerpc-eabi/15.1.0/../../../../powerpc-eabi/lib\libsysbase.a(libsysbase_libsysbase_a-iosupport.o)
                0x80027dd4                dotab_stdnull
 *(.gnu.linkonce.r.*)

.eh_frame_hdr   0x80027e54      0xbcc
 .eh_frame_hdr  0x80027e54      0xbcc D:/devkitPro/devkitPPC/bin/../lib/gcc/powerpc-eabi/15.1.0/../../../../powerpc-eabi/lib/crtmain.o
                0x80027e54                __GNU_EH_FRAME_HDR

.rodata1
 *(.rodata1)

.sdata2         0x80028a20       0x52
                0x80028a20                        PROVIDE (_SDA2_BASE_ = .)
 *(.sdata2)
 .sdata2        0x80028a20        0x0 D:/devkitPro/devkitPPC/bin/../lib/gcc/powerpc-eabi/15.1.0/ecrti.o
                0x80028a20                __SDATA2_START__
 .sdata2        0x80028a20        0x0 D:/devkitPro/devkitPPC/bin/../lib/gcc/powerpc-eabi/15.1.0/crtbegin.o
 *(.sdata2.*)
 .sdata2.__sys_inIPL
                0x80028a20        0x4 D:/devkitPro/libogc/lib/cube\libogc.a(system.o)
 .sdata2.cm2hw.0
                0x80028a24        0x4 D:/devkitPro/libogc/lib/cube\libogc.a(gx.o)
 .sdata2._gx2HWFiltConv
                0x80028a28        0x8 D:/devkitPro/libogc/lib/cube\libogc.a(gx.o)
 .sdata2._gxtextlutids
                0x80028a30        0x8 D:/devkitPro/libogc/lib/cube\libogc.a(gx.o)
 .sdata2._gxteximg3ids
                0x80028a38        0x8 D:/devkitPro/libogc/lib/cube\libogc.a(gx.o)
 .sdata2._gxteximg2ids
                0x80028a40        0x8 D:/devkitPro/libogc/lib/cube\libogc.a(gx.o)
 .sdata2._gxteximg1ids
                0x80028a48        0x8 D:/devkitPro/libogc/lib/cube\libogc.a(gx.o)
 .sdata2._gxteximg0ids
                0x80028a50        0x8 D:/devkitPro/libogc/lib/cube\libogc.a(gx.o)
 .sdata2._gxtexmode1ids
                0x80028a58        0x8 D:/devkitPro/libogc/lib/cube\libogc.a(gx.o)
 .sdata2._gxtexmode0ids
                0x80028a60        0x8 D:/devkitPro/libogc/lib/cube\libogc.a(gx.o)
 .sdata2.wgPipe
                0x80028a68        0x4 D:/devkitPro/libogc/lib/cube\libogc.a(gx.o)
                0x80028a68                wgPipe
 .sdata2.colorCube
                0x80028a6c        0x6 D:/devkitPro/libogc/lib/cube\libogc.a(console.o)
 *(.gnu.linkonce.s2.*)

.sbss2          0x80028a72        0x0
 *(.sbss2)
 .sbss2         0x80028a72        0x0 D:/devkitPro/devkitPPC/bin/../lib/gcc/powerpc-eabi/15.1.0/ecrtn.o
 *(.sbss2.*)
 *(.gnu.linkonce.sb2.*)
                0x80028a74                        . = ALIGN (0x4)
                [!provide]                        PROVIDE (__preinit_array_start = .)

.preinit_array
 *(.preinit_array)
                [!provide]                        PROVIDE (__preinit_array_end = .)
                [!provide]                        PROVIDE (__init_array_start = .)

.init_array
 *(.init_array)
                [!provide]                        PROVIDE (__init_array_end = .)
                [!provide]                        PROVIDE (__fini_array_start = .)

.fini_array
 *(.fini_array)
                [!provide]                        PROVIDE (__fini_array_end = .)

.data           0x80028a78     0x29a8
 *(.data)
 .data          0x80028a78       0x10 D:/devkitPro/libogc/lib/cube\libogc.a(system_asm.o)
 .data          0x80028a88        0x4 D:/devkitPro/devkitPPC/bin/../lib/gcc/powerpc-eabi/15.1.0\libgcc.a(eabi.o)
 *(.data.*)
 .data.texCoords
                0x80028a8c       0x80 gxsprites.o
                0x80028a8c                texCoords
 .data.TVEurgb60Hz480Prog
                0x80028b0c       0x3c D:/devkitPro/libogc/lib/cube\libogc.a(video.o)
                0x80028b0c                TVEurgb60Hz480Prog
 .data.TVEurgb60Hz480IntDf
                0x80028b48       0x3c D:/devkitPro/libogc/lib/cube\libogc.a(video.o)
                0x80028b48                TVEurgb60Hz480IntDf
 .data.TVPal576ProgScale
                0x80028b84       0x3c D:/devkitPro/libogc/lib/cube\libogc.a(video.o)
                0x80028b84                TVPal576ProgScale
 .data.TVPal576IntDfScale
                0x80028bc0       0x3c D:/devkitPro/libogc/lib/cube\libogc.a(video.o)
                0x80028bc0                TVPal576IntDfScale
 .data.TVMpal480Prog
                0x80028bfc       0x3c D:/devkitPro/libogc/lib/cube\libogc.a(video.o)
                0x80028bfc                TVMpal480Prog
 .data.TVMpal480IntDf
                0x80028c38       0x3c D:/devkitPro/libogc/lib/cube\libogc.a(video.o)
                0x80028c38                TVMpal480IntDf
 .data.TVNtsc480Prog
                0x80028c74       0x3c D:/devkitPro/libogc/lib/cube\libogc.a(video.o)
                0x80028c74                TVNtsc480Prog
 .data.TVNtsc480IntDf
                0x80028cb0       0x3c D:/devkitPro/libogc/lib/cube\libogc.a(video.o)
                0x80028cb0                TVNtsc480IntDf
 .data.pad_resetinfo
                0x80028cec       0x10 D:/devkitPro/libogc/lib/cube\libogc.a(pad.o)
 .data.mem_resetinfo
                0x80028cfc       0x10 D:/devkitPro/libogc/lib/cube\libogc.a(system.o)
 .data.__gx_resetinfo
                0x80028d0c       0x10 D:/devkitPro/libogc/lib/cube\libogc.a(gx.o)
 .data.si_type  0x80028d1c       0x10 D:/devkitPro/libogc/lib/cube\libogc.a(si.o)
 .data.xy       0x80028d2c       0x60 D:/devkitPro/libogc/lib/cube\libogc.a(si.o)
 .data.sicntrl  0x80028d8c       0x14 D:/devkitPro/libogc/lib/cube\libogc.a(si.o)
 .data.defaultConsole
                0x80028da0       0x64 D:/devkitPro/libogc/lib/cube\libogc.a(console.o)
                0x80028da0                defaultConsole
 .data.console_font_8x16
                0x80028e04     0x1000 D:/devkitPro/libogc/lib/cube\libogc.a(console_font_8x16.o)
                0x80028e04                console_font_8x16
 .data.devoptab_list
                0x80029e04       0x8c D:/devkitPro/devkitPPC/bin/../lib/gcc/powerpc-eabi/15.1.0/../../../../powerpc-eabi/lib\libsysbase.a(libsysbase_libsysbase_a-iosupport.o)
                0x80029e04                devoptab_list
 .data._impure_data
                0x80029e90      0x140 D:/devkitPro/devkitPPC/bin/../lib/gcc/powerpc-eabi/15.1.0/../../../../powerpc-eabi/lib\libc.a(libc_a-impure.o)
                0x80029e90                _impure_data
 .data.__sglue  0x80029fd0        0xc D:/devkitPro/devkitPPC/bin/../lib/gcc/powerpc-eabi/15.1.0/../../../../powerpc-eabi/lib\libc.a(libc_a-findfp.o)
                0x80029fd0                __sglue
 .data.__malloc_av_
                0x80029fdc      0x408 D:/devkitPro/devkitPPC/bin/../lib/gcc/powerpc-eabi/15.1.0/../../../../powerpc-eabi/lib\libc.a(libc_a-mallocr.o)
                0x80029fdc                __malloc_av_
 .data.handles  0x8002a3e4     0x1000 D:/devkitPro/devkitPPC/bin/../lib/gcc/powerpc-eabi/15.1.0/../../../../powerpc-eabi/lib\libsysbase.a(libsysbase_libsysbase_a-handle_manager.o)
 .data.__stderr_handle
                0x8002b3e4        0xc D:/devkitPro/devkitPPC/bin/../lib/gcc/powerpc-eabi/15.1.0/../../../../powerpc-eabi/lib\libsysbase.a(libsysbase_libsysbase_a-handle_manager.o)
 .data.__stdout_handle
                0x8002b3f0        0xc D:/devkitPro/devkitPPC/bin/../lib/gcc/powerpc-eabi/15.1.0/../../../../powerpc-eabi/lib\libsysbase.a(libsysbase_libsysbase_a-handle_manager.o)
 .data.__stdin_handle
                0x8002b3fc        0xc D:/devkitPro/devkitPPC/bin/../lib/gcc/powerpc-eabi/15.1.0/../../../../powerpc-eabi/lib\libsysbase.a(libsysbase_libsysbase_a-handle_manager.o)
 *(.gnu.linkonce.d.*)
                0x8002b420                        . = ALIGN (0x20)
 *fill*         0x8002b408       0x18 

.branch_lt      0x8002b420        0x0
 .branch_lt     0x8002b420        0x0 D:/devkitPro/devkitPPC/bin/../lib/gcc/powerpc-eabi/15.1.0/crtbegin.o

.data1
 *(.data1)

.tdata
 *(.tdata .tdata.* .gnu.linkonce.td.*)

.tbss
 *(.tbss .tbss.* .gnu.linkonce.tb.*)
 *(.tcommon)

.eh_frame       0x8002b420     0x3b5c
 *(.eh_frame)
 .eh_frame      0x8002b420        0x0 D:/devkitPro/devkitPPC/bin/../lib/gcc/powerpc-eabi/15.1.0/ecrti.o
                0x8002b420                __EH_FRAME_BEGIN__
 .eh_frame      0x8002b420        0x0 D:/devkitPro/devkitPPC/bin/../lib/gcc/powerpc-eabi/15.1.0/crtbegin.o
 .eh_frame      0x8002b420        0x0 D:/devkitPro/devkitPPC/bin/../lib/gcc/powerpc-eabi/15.1.0/crtbegin.o
 .eh_frame      0x8002b420       0x34 D:/devkitPro/devkitPPC/bin/../lib/gcc/powerpc-eabi/15.1.0/../../../../powerpc-eabi/lib/crtmain.o
 .eh_frame      0x8002b454       0x68 gxsprites.o
                                 0x7c (size before relaxing)
 .eh_frame      0x8002b4bc      0x1d8 D:/devkitPro/libogc/lib/cube\libogc.a(video.o)
                                0x2b4 (size before relaxing)
 .eh_frame      0x8002b694      0x2cc D:/devkitPro/libogc/lib/cube\libogc.a(pad.o)
                                0x468 (size before relaxing)
 .eh_frame      0x8002b960      0x540 D:/devkitPro/libogc/lib/cube\libogc.a(system.o)
                                0xa30 (size before relaxing)
 .eh_frame      0x8002bea0       0x14 D:/devkitPro/libogc/lib/cube\libogc.a(cond.o)
                                0x1e8 (size before relaxing)
 .eh_frame      0x8002beb4      0x630 D:/devkitPro/libogc/lib/cube\libogc.a(gx.o)
                               0x154c (size before relaxing)
 .eh_frame      0x8002c4e4       0x14 D:/devkitPro/libogc/lib/cube\libogc.a(gu.o)
                                0x578 (size before relaxing)
 .eh_frame      0x8002c4f8       0x28 D:/devkitPro/libogc/lib/cube\libogc.a(decrementer.o)
                                 0x3c (size before relaxing)
 .eh_frame      0x8002c520       0x14 D:/devkitPro/libogc/lib/cube\libogc.a(message.o)
                                0x158 (size before relaxing)
 .eh_frame      0x8002c534      0x420 D:/devkitPro/libogc/lib/cube\libogc.a(si.o)
                                0x4d8 (size before relaxing)
 .eh_frame      0x8002c954       0x98 D:/devkitPro/libogc/lib/cube\libogc.a(tpl.o)
                                0x234 (size before relaxing)
 .eh_frame      0x8002c9ec       0xd8 D:/devkitPro/libogc/lib/cube\libogc.a(timesupp.o)
                                0x268 (size before relaxing)
 .eh_frame      0x8002cac4       0xb8 D:/devkitPro/libogc/lib/cube\libogc.a(lock_supp.o)
                                 0xcc (size before relaxing)
 .eh_frame      0x8002cb7c       0x3c D:/devkitPro/libogc/lib/cube\libogc.a(sbrk.o)
                                 0x50 (size before relaxing)
 .eh_frame      0x8002cbb8       0x74 D:/devkitPro/libogc/lib/cube\libogc.a(malloc_lock.o)
                                 0x88 (size before relaxing)
 .eh_frame      0x8002cc2c       0x20 D:/devkitPro/libogc/lib/cube\libogc.a(argv.o)
                                 0x34 (size before relaxing)
 .eh_frame      0x8002cc4c       0x14 D:/devkitPro/libogc/lib/cube\libogc.a(lwp_priority.o)
                                 0x28 (size before relaxing)
 .eh_frame      0x8002cc60      0x238 D:/devkitPro/libogc/lib/cube\libogc.a(lwp_threadq.o)
                                0x29c (size before relaxing)
 .eh_frame      0x8002ce98      0x2b8 D:/devkitPro/libogc/lib/cube\libogc.a(lwp_threads.o)
                                0x378 (size before relaxing)
 .eh_frame      0x8002d150        0x0 D:/devkitPro/libogc/lib/cube\libogc.a(lwp_messages.o)
                                0x23c (size before relaxing)
 .eh_frame      0x8002d150      0x16c D:/devkitPro/libogc/lib/cube\libogc.a(lwp.o)
                                0x3cc (size before relaxing)
 .eh_frame      0x8002d2bc       0x3c D:/devkitPro/libogc/lib/cube\libogc.a(lwp_stack.o)
                                 0x50 (size before relaxing)
 .eh_frame      0x8002d2f8       0x94 D:/devkitPro/libogc/lib/cube\libogc.a(lwp_mutex.o)
                                 0xa8 (size before relaxing)
 .eh_frame      0x8002d38c       0xf8 D:/devkitPro/libogc/lib/cube\libogc.a(lwp_watchdog.o)
                                0x174 (size before relaxing)
 .eh_frame      0x8002d484       0x30 D:/devkitPro/libogc/lib/cube\libogc.a(lwp_wkspace.o)
                                 0xa8 (size before relaxing)
 .eh_frame      0x8002d4b4       0xb8 D:/devkitPro/libogc/lib/cube\libogc.a(lwp_objmgr.o)
                                 0xe0 (size before relaxing)
 .eh_frame      0x8002d56c       0x3c D:/devkitPro/libogc/lib/cube\libogc.a(lwp_heap.o)
                                 0x64 (size before relaxing)
 .eh_frame      0x8002d5a8       0xec D:/devkitPro/libogc/lib/cube\libogc.a(exception.o)
                                0x160 (size before relaxing)
 .eh_frame      0x8002d694       0xc8 D:/devkitPro/libogc/lib/cube\libogc.a(irq.o)
                                0x118 (size before relaxing)
 .eh_frame      0x8002d75c       0x14 D:/devkitPro/libogc/lib/cube\libogc.a(semaphore.o)
                                0x14c (size before relaxing)
 .eh_frame      0x8002d770      0x3dc D:/devkitPro/libogc/lib/cube\libogc.a(exi.o)
                                0x614 (size before relaxing)
 .eh_frame      0x8002db4c      0x134 D:/devkitPro/libogc/lib/cube\libogc.a(mutex.o)
                                0x15c (size before relaxing)
 .eh_frame      0x8002dc80      0x160 D:/devkitPro/libogc/lib/cube\libogc.a(kprintf.o)
                                0x1b0 (size before relaxing)
 .eh_frame      0x8002dde0      0x240 D:/devkitPro/libogc/lib/cube\libogc.a(console.o)
                                0x3fc (size before relaxing)
 .eh_frame      0x8002e020       0x3c D:/devkitPro/libogc/lib/cube\libogc.a(lwp_queue.o)
                                 0x78 (size before relaxing)
 .eh_frame      0x8002e05c        0x0 D:/devkitPro/libogc/lib/cube\libogc.a(lwp_sema.o)
                                 0x8c (size before relaxing)
 .eh_frame      0x8002e05c      0x154 D:/devkitPro/libogc/lib/cube\libogc.a(usbgecko.o)
                                0x3f0 (size before relaxing)
 .eh_frame      0x8002e1b0        0x0 D:/devkitPro/devkitPPC/bin/../lib/gcc/powerpc-eabi/15.1.0/../../../../powerpc-eabi/lib\libm.a(libm_a-sf_cos.o)
                                 0x54 (size before relaxing)
 .eh_frame      0x8002e1b0        0x0 D:/devkitPro/devkitPPC/bin/../lib/gcc/powerpc-eabi/15.1.0/../../../../powerpc-eabi/lib\libm.a(libm_a-wf_sqrt.o)
                                 0x44 (size before relaxing)
 .eh_frame      0x8002e1b0        0x0 D:/devkitPro/devkitPPC/bin/../lib/gcc/powerpc-eabi/15.1.0/../../../../powerpc-eabi/lib\libm.a(libm_a-sf_tan.o)
                                 0x44 (size before relaxing)
 .eh_frame      0x8002e1b0        0x0 D:/devkitPro/devkitPPC/bin/../lib/gcc/powerpc-eabi/15.1.0/../../../../powerpc-eabi/lib\libm.a(libm_a-kf_cos.o)
                                 0x38 (size before relaxing)
 .eh_frame      0x8002e1b0        0x0 D:/devkitPro/devkitPPC/bin/../lib/gcc/powerpc-eabi/15.1.0/../../../../powerpc-eabi/lib\libm.a(libm_a-wf_sincos.o)
                                 0x40 (size before relaxing)
 .eh_frame      0x8002e1b0        0x0 D:/devkitPro/devkitPPC/bin/../lib/gcc/powerpc-eabi/15.1.0/../../../../powerpc-eabi/lib\libm.a(libm_a-ef_sqrt.o)
                                 0x3c (size before relaxing)
 .eh_frame      0x8002e1b0        0x0 D:/devkitPro/devkitPPC/bin/../lib/gcc/powerpc-eabi/15.1.0/../../../../powerpc-eabi/lib\libm.a(libm_a-kf_sin.o)
                                 0x34 (size before relaxing)
 .eh_frame      0x8002e1b0        0x0 D:/devkitPro/devkitPPC/bin/../lib/gcc/powerpc-eabi/15.1.0/../../../../powerpc-eabi/lib\libm.a(libm_a-ef_rem_pio2.o)
                                 0x60 (size before relaxing)
 .eh_frame      0x8002e1b0        0x0 D:/devkitPro/devkitPPC/bin/../lib/gcc/powerpc-eabi/15.1.0/../../../../powerpc-eabi/lib\libm.a(libm_a-kf_tan.o)
                                 0x48 (size before relaxing)
 .eh_frame      0x8002e1b0        0x0 D:/devkitPro/devkitPPC/bin/../lib/gcc/powerpc-eabi/15.1.0/../../../../powerpc-eabi/lib\libm.a(libm_a-sf_fabs.o)